
[1m[7m[36m RUN [39m[27m[22m [36mv2.1.9 [39m[90mC:/Users/ranji/Desktop/TT/SEIF/frontend[39m

node.exe : [90mstderr[2m | 
src/test/components/AdminRefurbishmentReviewModal.test.jsx[2m > 
[22m[2mAdminRefurbishmentReviewModal Component[2m > [22m[2mRendering and 
Tab Navigation[2m > [22m[2mshould render modal when open
At C:\Program Files\nodejs\npx.ps1:29 char:3
+   & $NODE_EXE $NPX_CLI_JS $args
+   ~~~~~~~~~~~~~~~~~~~~~~~~~~~~~
    + CategoryInfo          : NotSpecified: ([90mstderr[2m...modal when open 
   :String) [], RemoteException
    + FullyQualifiedErrorId : NativeCommandError
 
[22m[39m`DialogContent` requires a `DialogTitle` for the component to be 
accessible for screen reader users.

If you want to hide the `DialogTitle`, you can wrap it with our VisuallyHidden 
component.

For more information, see 
https://radix-ui.com/primitives/docs/components/dialog
Warning: Missing `Description` or `aria-describedby={undefined}` for 
{DialogContent}.
TypeError: Cannot read properties of undefined (reading 'status')
    at AdminRefurbishmentReviewModal [90m(C:\Users\ranji\Desktop\TT\SEIF\front
end\[39msrc\components\refurbishment\modals\AdminRefurbishmentReviewModal.jsx:
207:32[90m)[39m
    at Object.react_stack_bottom_frame [90m(C:\Users\ranji\Desktop\TT\SEIF\fro
ntend\[39mnode_modules\[4mreact-dom[24m\cjs\react-dom-client.development.js:
25904:20[90m)[39m
    at renderWithHooks [90m(C:\Users\ranji\Desktop\TT\SEIF\frontend\[39mnode_
modules\[4mreact-dom[24m\cjs\react-dom-client.development.js:7662:22[90m)[3
9m
    at updateFunctionComponent [90m(C:\Users\ranji\Desktop\TT\SEIF\frontend\[
39mnode_modules\[4mreact-dom[24m\cjs\react-dom-client.development.js:10166:19
[90m)[39m
    at beginWork [90m(C:\Users\ranji\Desktop\TT\SEIF\frontend\[39mnode_module
s\[4mreact-dom[24m\cjs\react-dom-client.development.js:11778:18[90m)[39m
    at runWithFiberInDEV [90m(C:\Users\ranji\Desktop\TT\SEIF\frontend\[39mnod
e_modules\[4mreact-dom[24m\cjs\react-dom-client.development.js:874:13[90m)[
39m
    at performUnitOfWork [90m(C:\Users\ranji\Desktop\TT\SEIF\frontend\[39mnod
e_modules\[4mreact-dom[24m\cjs\react-dom-client.development.js:17641:22[90m)
[39m
    at workLoopSync [90m(C:\Users\ranji\Desktop\TT\SEIF\frontend\[39mnode_mod
ules\[4mreact-dom[24m\cjs\react-dom-client.development.js:17469:41[90m)[39m
    at renderRootSync [90m(C:\Users\ranji\Desktop\TT\SEIF\frontend\[39mnode_m
odules\[4mreact-dom[24m\cjs\react-dom-client.development.js:17450:11[90m)[3
9m
    at performWorkOnRoot [90m(C:\Users\ranji\Desktop\TT\SEIF\frontend\[39mnod
e_modules\[4mreact-dom[24m\cjs\react-dom-client.development.js:16583:35[90m)
[39m {
  stackStr: [32m"TypeError: Cannot read properties of undefined (reading 
'status')\n"[39m +
    [32m'    at AdminRefurbishmentReviewModal (C:\\Users\\ranji\\Desktop\\TT\\
SEIF\\frontend\\src\\components\\refurbishment\\modals\\AdminRefurbishmentRevie
wModal.jsx:207:32)\n'[39m +
    [32m'    at Object.react_stack_bottom_frame (C:\\Users\\ranji\\Desktop\\TT
\\SEIF\\frontend\\node_modules\\react-dom\\cjs\\react-dom-client.development.js
:25904:20)\n'[39m +
    [32m'    at renderWithHooks (C:\\Users\\ranji\\Desktop\\TT\\SEIF\\frontend
\\node_modules\\react-dom\\cjs\\react-dom-client.development.js:7662:22)\n'[39
m +
    [32m'    at updateFunctionComponent (C:\\Users\\ranji\\Desktop\\TT\\SEIF\\
frontend\\node_modules\\react-dom\\cjs\\react-dom-client.development.js:10166:1
9)\n'[39m +
    [32m'    at beginWork (C:\\Users\\ranji\\Desktop\\TT\\SEIF\\frontend\\node
_modules\\react-dom\\cjs\\react-dom-client.development.js:11778:18)\n'[39m +
    [32m'    at runWithFiberInDEV (C:\\Users\\ranji\\Desktop\\TT\\SEIF\\fronte
nd\\node_modules\\react-dom\\cjs\\react-dom-client.development.js:874:13)\n'[3
9m +
    [32m'    at performUnitOfWork (C:\\Users\\ranji\\Desktop\\TT\\SEIF\\fronte
nd\\node_modules\\react-dom\\cjs\\react-dom-client.development.js:17641:22)\n'
[39m +
    [32m'    at workLoopSync (C:\\Users\\ranji\\Desktop\\TT\\SEIF\\frontend\\n
ode_modules\\react-dom\\cjs\\react-dom-client.development.js:17469:41)\n'[39m 
+
    [32m'    at renderRootSync (C:\\Users\\ranji\\Desktop\\TT\\SEIF\\frontend\
\node_modules\\react-dom\\cjs\\react-dom-client.development.js:17450:11)\n'[39
m +
    [32m'    at performWorkOnRoot (C:\\Users\\ranji\\Desktop\\TT\\SEIF\\fronte
nd\\node_modules\\react-dom\\cjs\\react-dom-client.development.js:16583:35)'[3
9m,
  nameStr: [32m'TypeError'[39m,
  expected: [32m'undefined'[39m,
  actual: [32m'undefined'[39m
}
An error occurred in the <AdminRefurbishmentReviewModal> component.

Consider adding an error boundary to your tree to customize error handling 
behavior.
Visit https://react.dev/link/error-boundaries to learn more about error 
boundaries.


[90mstderr[2m | 
src/test/components/AdminRefurbishmentReviewModal.test.jsx[2m > 
[22m[2mAdminRefurbishmentReviewModal Component[2m > [22m[2mRendering and 
Tab Navigation[2m > [22m[2mshould render all 3 tabs
[22m[39m`DialogContent` requires a `DialogTitle` for the component to be 
accessible for screen reader users.

If you want to hide the `DialogTitle`, you can wrap it with our VisuallyHidden 
component.

For more information, see 
https://radix-ui.com/primitives/docs/components/dialog
Warning: Missing `Description` or `aria-describedby={undefined}` for 
{DialogContent}.
TypeError: Cannot read properties of undefined (reading 'status')
    at AdminRefurbishmentReviewModal [90m(C:\Users\ranji\Desktop\TT\SEIF\front
end\[39msrc\components\refurbishment\modals\AdminRefurbishmentReviewModal.jsx:
207:32[90m)[39m
    at Object.react_stack_bottom_frame [90m(C:\Users\ranji\Desktop\TT\SEIF\fro
ntend\[39mnode_modules\[4mreact-dom[24m\cjs\react-dom-client.development.js:
25904:20[90m)[39m
    at renderWithHooks [90m(C:\Users\ranji\Desktop\TT\SEIF\frontend\[39mnode_
modules\[4mreact-dom[24m\cjs\react-dom-client.development.js:7662:22[90m)[3
9m
    at updateFunctionComponent [90m(C:\Users\ranji\Desktop\TT\SEIF\frontend\[
39mnode_modules\[4mreact-dom[24m\cjs\react-dom-client.development.js:10166:19
[90m)[39m
    at beginWork [90m(C:\Users\ranji\Desktop\TT\SEIF\frontend\[39mnode_module
s\[4mreact-dom[24m\cjs\react-dom-client.development.js:11778:18[90m)[39m
    at runWithFiberInDEV [90m(C:\Users\ranji\Desktop\TT\SEIF\frontend\[39mnod
e_modules\[4mreact-dom[24m\cjs\react-dom-client.development.js:874:13[90m)[
39m
    at performUnitOfWork [90m(C:\Users\ranji\Desktop\TT\SEIF\frontend\[39mnod
e_modules\[4mreact-dom[24m\cjs\react-dom-client.development.js:17641:22[90m)
[39m
    at workLoopSync [90m(C:\Users\ranji\Desktop\TT\SEIF\frontend\[39mnode_mod
ules\[4mreact-dom[24m\cjs\react-dom-client.development.js:17469:41[90m)[39m
    at renderRootSync [90m(C:\Users\ranji\Desktop\TT\SEIF\frontend\[39mnode_m
odules\[4mreact-dom[24m\cjs\react-dom-client.development.js:17450:11[90m)[3
9m
    at performWorkOnRoot [90m(C:\Users\ranji\Desktop\TT\SEIF\frontend\[39mnod
e_modules\[4mreact-dom[24m\cjs\react-dom-client.development.js:16583:35[90m)
[39m {
  stackStr: [32m"TypeError: Cannot read properties of undefined (reading 
'status')\n"[39m +
    [32m'    at AdminRefurbishmentReviewModal (C:\\Users\\ranji\\Desktop\\TT\\
SEIF\\frontend\\src\\components\\refurbishment\\modals\\AdminRefurbishmentRevie
wModal.jsx:207:32)\n'[39m +
    [32m'    at Object.react_stack_bottom_frame (C:\\Users\\ranji\\Desktop\\TT
\\SEIF\\frontend\\node_modules\\react-dom\\cjs\\react-dom-client.development.js
:25904:20)\n'[39m +
    [32m'    at renderWithHooks (C:\\Users\\ranji\\Desktop\\TT\\SEIF\\frontend
\\node_modules\\react-dom\\cjs\\react-dom-client.development.js:7662:22)\n'[39
m +
    [32m'    at updateFunctionComponent (C:\\Users\\ranji\\Desktop\\TT\\SEIF\\
frontend\\node_modules\\react-dom\\cjs\\react-dom-client.development.js:10166:1
9)\n'[39m +
    [32m'    at beginWork (C:\\Users\\ranji\\Desktop\\TT\\SEIF\\frontend\\node
_modules\\react-dom\\cjs\\react-dom-client.development.js:11778:18)\n'[39m +
    [32m'    at runWithFiberInDEV (C:\\Users\\ranji\\Desktop\\TT\\SEIF\\fronte
nd\\node_modules\\react-dom\\cjs\\react-dom-client.development.js:874:13)\n'[3
9m +
    [32m'    at performUnitOfWork (C:\\Users\\ranji\\Desktop\\TT\\SEIF\\fronte
nd\\node_modules\\react-dom\\cjs\\react-dom-client.development.js:17641:22)\n'
[39m +
    [32m'    at workLoopSync (C:\\Users\\ranji\\Desktop\\TT\\SEIF\\frontend\\n
ode_modules\\react-dom\\cjs\\react-dom-client.development.js:17469:41)\n'[39m 
+
    [32m'    at renderRootSync (C:\\Users\\ranji\\Desktop\\TT\\SEIF\\frontend\
\node_modules\\react-dom\\cjs\\react-dom-client.development.js:17450:11)\n'[39
m +
    [32m'    at performWorkOnRoot (C:\\Users\\ranji\\Desktop\\TT\\SEIF\\fronte
nd\\node_modules\\react-dom\\cjs\\react-dom-client.development.js:16583:35)'[3
9m,
  nameStr: [32m'TypeError'[39m,
  expected: [32m'undefined'[39m,
  actual: [32m'undefined'[39m
}
An error occurred in the <AdminRefurbishmentReviewModal> component.

Consider adding an error boundary to your tree to customize error handling 
behavior.
Visit https://react.dev/link/error-boundaries to learn more about error 
boundaries.


[90mstderr[2m | 
src/test/components/AdminRefurbishmentReviewModal.test.jsx[2m > 
[22m[2mAdminRefurbishmentReviewModal Component[2m > [22m[2mRendering and 
Tab Navigation[2m > [22m[2mshould switch between tabs on click
[22m[39m`DialogContent` requires a `DialogTitle` for the component to be 
accessible for screen reader users.

If you want to hide the `DialogTitle`, you can wrap it with our VisuallyHidden 
component.

For more information, see 
https://radix-ui.com/primitives/docs/components/dialog
Warning: Missing `Description` or `aria-describedby={undefined}` for 
{DialogContent}.
TypeError: Cannot read properties of undefined (reading 'status')
    at AdminRefurbishmentReviewModal [90m(C:\Users\ranji\Desktop\TT\SEIF\front
end\[39msrc\components\refurbishment\modals\AdminRefurbishmentReviewModal.jsx:
207:32[90m)[39m
    at Object.react_stack_bottom_frame [90m(C:\Users\ranji\Desktop\TT\SEIF\fro
ntend\[39mnode_modules\[4mreact-dom[24m\cjs\react-dom-client.development.js:
25904:20[90m)[39m
    at renderWithHooks [90m(C:\Users\ranji\Desktop\TT\SEIF\frontend\[39mnode_
modules\[4mreact-dom[24m\cjs\react-dom-client.development.js:7662:22[90m)[3
9m
    at updateFunctionComponent [90m(C:\Users\ranji\Desktop\TT\SEIF\frontend\[
39mnode_modules\[4mreact-dom[24m\cjs\react-dom-client.development.js:10166:19
[90m)[39m
    at beginWork [90m(C:\Users\ranji\Desktop\TT\SEIF\frontend\[39mnode_module
s\[4mreact-dom[24m\cjs\react-dom-client.development.js:11778:18[90m)[39m
    at runWithFiberInDEV [90m(C:\Users\ranji\Desktop\TT\SEIF\frontend\[39mnod
e_modules\[4mreact-dom[24m\cjs\react-dom-client.development.js:874:13[90m)[
39m
    at performUnitOfWork [90m(C:\Users\ranji\Desktop\TT\SEIF\frontend\[39mnod
e_modules\[4mreact-dom[24m\cjs\react-dom-client.development.js:17641:22[90m)
[39m
    at workLoopSync [90m(C:\Users\ranji\Desktop\TT\SEIF\frontend\[39mnode_mod
ules\[4mreact-dom[24m\cjs\react-dom-client.development.js:17469:41[90m)[39m
    at renderRootSync [90m(C:\Users\ranji\Desktop\TT\SEIF\frontend\[39mnode_m
odules\[4mreact-dom[24m\cjs\react-dom-client.development.js:17450:11[90m)[3
9m
    at performWorkOnRoot [90m(C:\Users\ranji\Desktop\TT\SEIF\frontend\[39mnod
e_modules\[4mreact-dom[24m\cjs\react-dom-client.development.js:16583:35[90m)
[39m {
  stackStr: [32m"TypeError: Cannot read properties of undefined (reading 
'status')\n"[39m +
    [32m'    at AdminRefurbishmentReviewModal (C:\\Users\\ranji\\Desktop\\TT\\
SEIF\\frontend\\src\\components\\refurbishment\\modals\\AdminRefurbishmentRevie
wModal.jsx:207:32)\n'[39m +
    [32m'    at Object.react_stack_bottom_frame (C:\\Users\\ranji\\Desktop\\TT
\\SEIF\\frontend\\node_modules\\react-dom\\cjs\\react-dom-client.development.js
:25904:20)\n'[39m +
    [32m'    at renderWithHooks (C:\\Users\\ranji\\Desktop\\TT\\SEIF\\frontend
\\node_modules\\react-dom\\cjs\\react-dom-client.development.js:7662:22)\n'[39
m +
    [32m'    at updateFunctionComponent (C:\\Users\\ranji\\Desktop\\TT\\SEIF\\
frontend\\node_modules\\react-dom\\cjs\\react-dom-client.development.js:10166:1
9)\n'[39m +
    [32m'    at beginWork (C:\\Users\\ranji\\Desktop\\TT\\SEIF\\frontend\\node
_modules\\react-dom\\cjs\\react-dom-client.development.js:11778:18)\n'[39m +
    [32m'    at runWithFiberInDEV (C:\\Users\\ranji\\Desktop\\TT\\SEIF\\fronte
nd\\node_modules\\react-dom\\cjs\\react-dom-client.development.js:874:13)\n'[3
9m +
    [32m'    at performUnitOfWork (C:\\Users\\ranji\\Desktop\\TT\\SEIF\\fronte
nd\\node_modules\\react-dom\\cjs\\react-dom-client.development.js:17641:22)\n'
[39m +
    [32m'    at workLoopSync (C:\\Users\\ranji\\Desktop\\TT\\SEIF\\frontend\\n
ode_modules\\react-dom\\cjs\\react-dom-client.development.js:17469:41)\n'[39m 
+
    [32m'    at renderRootSync (C:\\Users\\ranji\\Desktop\\TT\\SEIF\\frontend\
\node_modules\\react-dom\\cjs\\react-dom-client.development.js:17450:11)\n'[39
m +
    [32m'    at performWorkOnRoot (C:\\Users\\ranji\\Desktop\\TT\\SEIF\\fronte
nd\\node_modules\\react-dom\\cjs\\react-dom-client.development.js:16583:35)'[3
9m,
  nameStr: [32m'TypeError'[39m,
  expected: [32m'undefined'[39m,
  actual: [32m'undefined'[39m
}
An error occurred in the <AdminRefurbishmentReviewModal> component.

Consider adding an error boundary to your tree to customize error handling 
behavior.
Visit https://react.dev/link/error-boundaries to learn more about error 
boundaries.


[90mstderr[2m | 
src/test/components/AdminRefurbishmentReviewModal.test.jsx[2m > 
[22m[2mAdminRefurbishmentReviewModal Component[2m > [22m[2mTab 1: Partner 
Selections[2m > [22m[2mshould display partner-selected packages grouped by 
course
[22m[39m`DialogContent` requires a `DialogTitle` for the component to be 
accessible for screen reader users.

If you want to hide the `DialogTitle`, you can wrap it with our VisuallyHidden 
component.

For more information, see 
https://radix-ui.com/primitives/docs/components/dialog
Warning: Missing `Description` or `aria-describedby={undefined}` for 
{DialogContent}.
TypeError: Cannot read properties of undefined (reading 'status')
    at AdminRefurbishmentReviewModal [90m(C:\Users\ranji\Desktop\TT\SEIF\front
end\[39msrc\components\refurbishment\modals\AdminRefurbishmentReviewModal.jsx:
207:32[90m)[39m
    at Object.react_stack_bottom_frame [90m(C:\Users\ranji\Desktop\TT\SEIF\fro
ntend\[39mnode_modules\[4mreact-dom[24m\cjs\react-dom-client.development.js:
25904:20[90m)[39m
    at renderWithHooks [90m(C:\Users\ranji\Desktop\TT\SEIF\frontend\[39mnode_
modules\[4mreact-dom[24m\cjs\react-dom-client.development.js:7662:22[90m)[3
9m
    at updateFunctionComponent [90m(C:\Users\ranji\Desktop\TT\SEIF\frontend\[
39mnode_modules\[4mreact-dom[24m\cjs\react-dom-client.development.js:10166:19
[90m)[39m
    at beginWork [90m(C:\Users\ranji\Desktop\TT\SEIF\frontend\[39mnode_module
s\[4mreact-dom[24m\cjs\react-dom-client.development.js:11778:18[90m)[39m
    at runWithFiberInDEV [90m(C:\Users\ranji\Desktop\TT\SEIF\frontend\[39mnod
e_modules\[4mreact-dom[24m\cjs\react-dom-client.development.js:874:13[90m)[
39m
    at performUnitOfWork [90m(C:\Users\ranji\Desktop\TT\SEIF\frontend\[39mnod
e_modules\[4mreact-dom[24m\cjs\react-dom-client.development.js:17641:22[90m)
[39m
    at workLoopSync [90m(C:\Users\ranji\Desktop\TT\SEIF\frontend\[39mnode_mod
ules\[4mreact-dom[24m\cjs\react-dom-client.development.js:17469:41[90m)[39m
    at renderRootSync [90m(C:\Users\ranji\Desktop\TT\SEIF\frontend\[39mnode_m
odules\[4mreact-dom[24m\cjs\react-dom-client.development.js:17450:11[90m)[3
9m
    at performWorkOnRoot [90m(C:\Users\ranji\Desktop\TT\SEIF\frontend\[39mnod
e_modules\[4mreact-dom[24m\cjs\react-dom-client.development.js:16583:35[90m)
[39m {
  stackStr: [32m"TypeError: Cannot read properties of undefined (reading 
'status')\n"[39m +
    [32m'    at AdminRefurbishmentReviewModal (C:\\Users\\ranji\\Desktop\\TT\\
SEIF\\frontend\\src\\components\\refurbishment\\modals\\AdminRefurbishmentRevie
wModal.jsx:207:32)\n'[39m +
    [32m'    at Object.react_stack_bottom_frame (C:\\Users\\ranji\\Desktop\\TT
\\SEIF\\frontend\\node_modules\\react-dom\\cjs\\react-dom-client.development.js
:25904:20)\n'[39m +
    [32m'    at renderWithHooks (C:\\Users\\ranji\\Desktop\\TT\\SEIF\\frontend
\\node_modules\\react-dom\\cjs\\react-dom-client.development.js:7662:22)\n'[39
m +
    [32m'    at updateFunctionComponent (C:\\Users\\ranji\\Desktop\\TT\\SEIF\\
frontend\\node_modules\\react-dom\\cjs\\react-dom-client.development.js:10166:1
9)\n'[39m +
    [32m'    at beginWork (C:\\Users\\ranji\\Desktop\\TT\\SEIF\\frontend\\node
_modules\\react-dom\\cjs\\react-dom-client.development.js:11778:18)\n'[39m +
    [32m'    at runWithFiberInDEV (C:\\Users\\ranji\\Desktop\\TT\\SEIF\\fronte
nd\\node_modules\\react-dom\\cjs\\react-dom-client.development.js:874:13)\n'[3
9m +
    [32m'    at performUnitOfWork (C:\\Users\\ranji\\Desktop\\TT\\SEIF\\fronte
nd\\node_modules\\react-dom\\cjs\\react-dom-client.development.js:17641:22)\n'
[39m +
    [32m'    at workLoopSync (C:\\Users\\ranji\\Desktop\\TT\\SEIF\\frontend\\n
ode_modules\\react-dom\\cjs\\react-dom-client.development.js:17469:41)\n'[39m 
+
    [32m'    at renderRootSync (C:\\Users\\ranji\\Desktop\\TT\\SEIF\\frontend\
\node_modules\\react-dom\\cjs\\react-dom-client.development.js:17450:11)\n'[39
m +
    [32m'    at performWorkOnRoot (C:\\Users\\ranji\\Desktop\\TT\\SEIF\\fronte
nd\\node_modules\\react-dom\\cjs\\react-dom-client.development.js:16583:35)'[3
9m,
  nameStr: [32m'TypeError'[39m,
  expected: [32m'undefined'[39m,
  actual: [32m'undefined'[39m
}
An error occurred in the <AdminRefurbishmentReviewModal> component.

Consider adding an error boundary to your tree to customize error handling 
behavior.
Visit https://react.dev/link/error-boundaries to learn more about error 
boundaries.


[90mstderr[2m | 
src/test/components/AdminRefurbishmentReviewModal.test.jsx[2m > 
[22m[2mAdminRefurbishmentReviewModal Component[2m > [22m[2mTab 1: Partner 
Selections[2m > [22m[2mshould display partner justifications
[22m[39m`DialogContent` requires a `DialogTitle` for the component to be 
accessible for screen reader users.

If you want to hide the `DialogTitle`, you can wrap it with our VisuallyHidden 
component.

For more information, see 
https://radix-ui.com/primitives/docs/components/dialog
Warning: Missing `Description` or `aria-describedby={undefined}` for 
{DialogContent}.
TypeError: Cannot read properties of undefined (reading 'status')
    at AdminRefurbishmentReviewModal [90m(C:\Users\ranji\Desktop\TT\SEIF\front
end\[39msrc\components\refurbishment\modals\AdminRefurbishmentReviewModal.jsx:
207:32[90m)[39m
    at Object.react_stack_bottom_frame [90m(C:\Users\ranji\Desktop\TT\SEIF\fro
ntend\[39mnode_modules\[4mreact-dom[24m\cjs\react-dom-client.development.js:
25904:20[90m)[39m
    at renderWithHooks [90m(C:\Users\ranji\Desktop\TT\SEIF\frontend\[39mnode_
modules\[4mreact-dom[24m\cjs\react-dom-client.development.js:7662:22[90m)[3
9m
    at updateFunctionComponent [90m(C:\Users\ranji\Desktop\TT\SEIF\frontend\[
39mnode_modules\[4mreact-dom[24m\cjs\react-dom-client.development.js:10166:19
[90m)[39m
    at beginWork [90m(C:\Users\ranji\Desktop\TT\SEIF\frontend\[39mnode_module
s\[4mreact-dom[24m\cjs\react-dom-client.development.js:11778:18[90m)[39m
    at runWithFiberInDEV [90m(C:\Users\ranji\Desktop\TT\SEIF\frontend\[39mnod
e_modules\[4mreact-dom[24m\cjs\react-dom-client.development.js:874:13[90m)[
39m
    at performUnitOfWork [90m(C:\Users\ranji\Desktop\TT\SEIF\frontend\[39mnod
e_modules\[4mreact-dom[24m\cjs\react-dom-client.development.js:17641:22[90m)
[39m
    at workLoopSync [90m(C:\Users\ranji\Desktop\TT\SEIF\frontend\[39mnode_mod
ules\[4mreact-dom[24m\cjs\react-dom-client.development.js:17469:41[90m)[39m
    at renderRootSync [90m(C:\Users\ranji\Desktop\TT\SEIF\frontend\[39mnode_m
odules\[4mreact-dom[24m\cjs\react-dom-client.development.js:17450:11[90m)[3
9m
    at performWorkOnRoot [90m(C:\Users\ranji\Desktop\TT\SEIF\frontend\[39mnod
e_modules\[4mreact-dom[24m\cjs\react-dom-client.development.js:16583:35[90m)
[39m {
  stackStr: [32m"TypeError: Cannot read properties of undefined (reading 
'status')\n"[39m +
    [32m'    at AdminRefurbishmentReviewModal (C:\\Users\\ranji\\Desktop\\TT\\
SEIF\\frontend\\src\\components\\refurbishment\\modals\\AdminRefurbishmentRevie
wModal.jsx:207:32)\n'[39m +
    [32m'    at Object.react_stack_bottom_frame (C:\\Users\\ranji\\Desktop\\TT
\\SEIF\\frontend\\node_modules\\react-dom\\cjs\\react-dom-client.development.js
:25904:20)\n'[39m +
    [32m'    at renderWithHooks (C:\\Users\\ranji\\Desktop\\TT\\SEIF\\frontend
\\node_modules\\react-dom\\cjs\\react-dom-client.development.js:7662:22)\n'[39
m +
    [32m'    at updateFunctionComponent (C:\\Users\\ranji\\Desktop\\TT\\SEIF\\
frontend\\node_modules\\react-dom\\cjs\\react-dom-client.development.js:10166:1
9)\n'[39m +
    [32m'    at beginWork (C:\\Users\\ranji\\Desktop\\TT\\SEIF\\frontend\\node
_modules\\react-dom\\cjs\\react-dom-client.development.js:11778:18)\n'[39m +
    [32m'    at runWithFiberInDEV (C:\\Users\\ranji\\Desktop\\TT\\SEIF\\fronte
nd\\node_modules\\react-dom\\cjs\\react-dom-client.development.js:874:13)\n'[3
9m +
    [32m'    at performUnitOfWork (C:\\Users\\ranji\\Desktop\\TT\\SEIF\\fronte
nd\\node_modules\\react-dom\\cjs\\react-dom-client.development.js:17641:22)\n'
[39m +
    [32m'    at workLoopSync (C:\\Users\\ranji\\Desktop\\TT\\SEIF\\frontend\\n
ode_modules\\react-dom\\cjs\\react-dom-client.development.js:17469:41)\n'[39m 
+
    [32m'    at renderRootSync (C:\\Users\\ranji\\Desktop\\TT\\SEIF\\frontend\
\node_modules\\react-dom\\cjs\\react-dom-client.development.js:17450:11)\n'[39
m +
    [32m'    at performWorkOnRoot (C:\\Users\\ranji\\Desktop\\TT\\SEIF\\fronte
nd\\node_modules\\react-dom\\cjs\\react-dom-client.development.js:16583:35)'[3
9m,
  nameStr: [32m'TypeError'[39m,
  expected: [32m'undefined'[39m,
  actual: [32m'undefined'[39m
}
An error occurred in the <AdminRefurbishmentReviewModal> component.

Consider adding an error boundary to your tree to customize error handling 
behavior.
Visit https://react.dev/link/error-boundaries to learn more about error 
boundaries.


[90mstderr[2m | 
src/test/components/AdminRefurbishmentReviewModal.test.jsx[2m > 
[22m[2mAdminRefurbishmentReviewModal Component[2m > [22m[2mTab 2: Admin 
Package Selection[2m > [22m[2mshould display course stepper
[22m[39m`DialogContent` requires a `DialogTitle` for the component to be 
accessible for screen reader users.

If you want to hide the `DialogTitle`, you can wrap it with our VisuallyHidden 
component.

For more information, see 
https://radix-ui.com/primitives/docs/components/dialog
Warning: Missing `Description` or `aria-describedby={undefined}` for 
{DialogContent}.
An update to AdminRefurbishmentReviewModal inside a test was not wrapped in 
act(...).

When testing, code that causes React state updates should be wrapped into 
act(...):

act(() => {
  /* fire events that update state */
});
/* assert on the output */

This ensures that you're testing the behavior the user would see in the 
browser. Learn more at https://react.dev/link/wrap-tests-with-act
An update to AdminRefurbishmentReviewModal inside a test was not wrapped in 
act(...).

When testing, code that causes React state updates should be wrapped into 
act(...):

act(() => {
  /* fire events that update state */
});
/* assert on the output */

This ensures that you're testing the behavior the user would see in the 
browser. Learn more at https://react.dev/link/wrap-tests-with-act
An update to AdminRefurbishmentReviewModal inside a test was not wrapped in 
act(...).

When testing, code that causes React state updates should be wrapped into 
act(...):

act(() => {
  /* fire events that update state */
});
/* assert on the output */

This ensures that you're testing the behavior the user would see in the 
browser. Learn more at https://react.dev/link/wrap-tests-with-act

[90mstderr[2m | 
src/test/components/AdminRefurbishmentReviewModal.test.jsx[2m > 
[22m[2mAdminRefurbishmentReviewModal Component[2m > [22m[2mTab 2: Admin 
Package Selection[2m > [22m[2mshould display all packages for current 
course with checkboxes
[22m[39m`DialogContent` requires a `DialogTitle` for the component to be 
accessible for screen reader users.

If you want to hide the `DialogTitle`, you can wrap it with our VisuallyHidden 
component.

For more information, see 
https://radix-ui.com/primitives/docs/components/dialog
Warning: Missing `Description` or `aria-describedby={undefined}` for 
{DialogContent}.
An update to AdminRefurbishmentReviewModal inside a test was not wrapped in 
act(...).

When testing, code that causes React state updates should be wrapped into 
act(...):

act(() => {
  /* fire events that update state */
});
/* assert on the output */

This ensures that you're testing the behavior the user would see in the 
browser. Learn more at https://react.dev/link/wrap-tests-with-act
An update to AdminRefurbishmentReviewModal inside a test was not wrapped in 
act(...).

When testing, code that causes React state updates should be wrapped into 
act(...):

act(() => {
  /* fire events that update state */
});
/* assert on the output */

This ensures that you're testing the behavior the user would see in the 
browser. Learn more at https://react.dev/link/wrap-tests-with-act
An update to AdminRefurbishmentReviewModal inside a test was not wrapped in 
act(...).

When testing, code that causes React state updates should be wrapped into 
act(...):

act(() => {
  /* fire events that update state */
});
/* assert on the output */

This ensures that you're testing the behavior the user would see in the 
browser. Learn more at https://react.dev/link/wrap-tests-with-act

[90mstderr[2m | 
src/test/components/AdminRefurbishmentReviewModal.test.jsx[2m > 
[22m[2mAdminRefurbishmentReviewModal Component[2m > [22m[2mTab 2: Admin 
Package Selection[2m > [22m[2mshould show "Partner Selected" badge for 
partner-selected packages
[22m[39m`DialogContent` requires a `DialogTitle` for the component to be 
accessible for screen reader users.

If you want to hide the `DialogTitle`, you can wrap it with our VisuallyHidden 
component.

For more information, see 
https://radix-ui.com/primitives/docs/components/dialog
Warning: Missing `Description` or `aria-describedby={undefined}` for 
{DialogContent}.
An update to AdminRefurbishmentReviewModal inside a test was not wrapped in 
act(...).

When testing, code that causes React state updates should be wrapped into 
act(...):

act(() => {
  /* fire events that update state */
});
/* assert on the output */

This ensures that you're testing the behavior the user would see in the 
browser. Learn more at https://react.dev/link/wrap-tests-with-act
An update to AdminRefurbishmentReviewModal inside a test was not wrapped in 
act(...).

When testing, code that causes React state updates should be wrapped into 
act(...):

act(() => {
  /* fire events that update state */
});
/* assert on the output */

This ensures that you're testing the behavior the user would see in the 
browser. Learn more at https://react.dev/link/wrap-tests-with-act
An update to AdminRefurbishmentReviewModal inside a test was not wrapped in 
act(...).

When testing, code that causes React state updates should be wrapped into 
act(...):

act(() => {
  /* fire events that update state */
});
/* assert on the output */

This ensures that you're testing the behavior the user would see in the 
browser. Learn more at https://react.dev/link/wrap-tests-with-act

[90mstderr[2m | 
src/test/components/AdminRefurbishmentReviewModal.test.jsx[2m > 
[22m[2mAdminRefurbishmentReviewModal Component[2m > [22m[2mTab 2: Admin 
Package Selection[2m > [22m[2mshould allow admin to uncheck 
partner-selected packages
[22m[39m`DialogContent` requires a `DialogTitle` for the component to be 
accessible for screen reader users.

If you want to hide the `DialogTitle`, you can wrap it with our VisuallyHidden 
component.

For more information, see 
https://radix-ui.com/primitives/docs/components/dialog
Warning: Missing `Description` or `aria-describedby={undefined}` for 
{DialogContent}.
An update to AdminRefurbishmentReviewModal inside a test was not wrapped in 
act(...).

When testing, code that causes React state updates should be wrapped into 
act(...):

act(() => {
  /* fire events that update state */
});
/* assert on the output */

This ensures that you're testing the behavior the user would see in the 
browser. Learn more at https://react.dev/link/wrap-tests-with-act
An update to AdminRefurbishmentReviewModal inside a test was not wrapped in 
act(...).

When testing, code that causes React state updates should be wrapped into 
act(...):

act(() => {
  /* fire events that update state */
});
/* assert on the output */

This ensures that you're testing the behavior the user would see in the 
browser. Learn more at https://react.dev/link/wrap-tests-with-act
An update to AdminRefurbishmentReviewModal inside a test was not wrapped in 
act(...).

When testing, code that causes React state updates should be wrapped into 
act(...):

act(() => {
  /* fire events that update state */
});
/* assert on the output */

This ensures that you're testing the behavior the user would see in the 
browser. Learn more at https://react.dev/link/wrap-tests-with-act

[90mstderr[2m | 
src/test/components/AdminRefurbishmentReviewModal.test.jsx[2m > 
[22m[2mAdminRefurbishmentReviewModal Component[2m > [22m[2mTab 2: Admin 
Package Selection[2m > [22m[2mshould navigate between courses with 
Previous/Next buttons
[22m[39m`DialogContent` requires a `DialogTitle` for the component to be 
accessible for screen reader users.

If you want to hide the `DialogTitle`, you can wrap it with our VisuallyHidden 
component.

For more information, see 
https://radix-ui.com/primitives/docs/components/dialog
Warning: Missing `Description` or `aria-describedby={undefined}` for 
{DialogContent}.
An update to AdminRefurbishmentReviewModal inside a test was not wrapped in 
act(...).

When testing, code that causes React state updates should be wrapped into 
act(...):

act(() => {
  /* fire events that update state */
});
/* assert on the output */

This ensures that you're testing the behavior the user would see in the 
browser. Learn more at https://react.dev/link/wrap-tests-with-act
An update to AdminRefurbishmentReviewModal inside a test was not wrapped in 
act(...).

When testing, code that causes React state updates should be wrapped into 
act(...):

act(() => {
  /* fire events that update state */
});
/* assert on the output */

This ensures that you're testing the behavior the user would see in the 
browser. Learn more at https://react.dev/link/wrap-tests-with-act
An update to AdminRefurbishmentReviewModal inside a test was not wrapped in 
act(...).

When testing, code that causes React state updates should be wrapped into 
act(...):

act(() => {
  /* fire events that update state */
});
/* assert on the output */

This ensures that you're testing the behavior the user would see in the 
browser. Learn more at https://react.dev/link/wrap-tests-with-act

[90mstderr[2m | 
src/test/components/AdminRefurbishmentReviewModal.test.jsx[2m > 
[22m[2mAdminRefurbishmentReviewModal Component[2m > [22m[2mTab 2: Admin 
Package Selection[2m > [22m[2mshould disable Previous button on first course
[22m[39m`DialogContent` requires a `DialogTitle` for the component to be 
accessible for screen reader users.

If you want to hide the `DialogTitle`, you can wrap it with our VisuallyHidden 
component.

For more information, see 
https://radix-ui.com/primitives/docs/components/dialog
Warning: Missing `Description` or `aria-describedby={undefined}` for 
{DialogContent}.
An update to AdminRefurbishmentReviewModal inside a test was not wrapped in 
act(...).

When testing, code that causes React state updates should be wrapped into 
act(...):

act(() => {
  /* fire events that update state */
});
/* assert on the output */

This ensures that you're testing the behavior the user would see in the 
browser. Learn more at https://react.dev/link/wrap-tests-with-act
An update to AdminRefurbishmentReviewModal inside a test was not wrapped in 
act(...).

When testing, code that causes React state updates should be wrapped into 
act(...):

act(() => {
  /* fire events that update state */
});
/* assert on the output */

This ensures that you're testing the behavior the user would see in the 
browser. Learn more at https://react.dev/link/wrap-tests-with-act
An update to AdminRefurbishmentReviewModal inside a test was not wrapped in 
act(...).

When testing, code that causes React state updates should be wrapped into 
act(...):

act(() => {
  /* fire events that update state */
});
/* assert on the output */

This ensures that you're testing the behavior the user would see in the 
browser. Learn more at https://react.dev/link/wrap-tests-with-act

[90mstderr[2m | 
src/test/components/AdminRefurbishmentReviewModal.test.jsx[2m > 
[22m[2mAdminRefurbishmentReviewModal Component[2m > [22m[2mTab 2: Admin 
Package Selection[2m > [22m[2mshould disable Next button on last course
[22m[39m`DialogContent` requires a `DialogTitle` for the component to be 
accessible for screen reader users.

If you want to hide the `DialogTitle`, you can wrap it with our VisuallyHidden 
component.

For more information, see 
https://radix-ui.com/primitives/docs/components/dialog
Warning: Missing `Description` or `aria-describedby={undefined}` for 
{DialogContent}.
An update to AdminRefurbishmentReviewModal inside a test was not wrapped in 
act(...).

When testing, code that causes React state updates should be wrapped into 
act(...):

act(() => {
  /* fire events that update state */
});
/* assert on the output */

This ensures that you're testing the behavior the user would see in the 
browser. Learn more at https://react.dev/link/wrap-tests-with-act
An update to AdminRefurbishmentReviewModal inside a test was not wrapped in 
act(...).

When testing, code that causes React state updates should be wrapped into 
act(...):

act(() => {
  /* fire events that update state */
});
/* assert on the output */

This ensures that you're testing the behavior the user would see in the 
browser. Learn more at https://react.dev/link/wrap-tests-with-act
An update to AdminRefurbishmentReviewModal inside a test was not wrapped in 
act(...).

When testing, code that causes React state updates should be wrapped into 
act(...):

act(() => {
  /* fire events that update state */
});
/* assert on the output */

This ensures that you're testing the behavior the user would see in the 
browser. Learn more at https://react.dev/link/wrap-tests-with-act

[90mstderr[2m | 
src/test/components/AdminRefurbishmentReviewModal.test.jsx[2m > 
[22m[2mAdminRefurbishmentReviewModal Component[2m > [22m[2mTab 2: Admin 
Package Selection[2m > [22m[2mshould call API to save admin package 
selections
[22m[39m`DialogContent` requires a `DialogTitle` for the component to be 
accessible for screen reader users.

If you want to hide the `DialogTitle`, you can wrap it with our VisuallyHidden 
component.

For more information, see 
https://radix-ui.com/primitives/docs/components/dialog
Warning: Missing `Description` or `aria-describedby={undefined}` for 
{DialogContent}.
An update to AdminRefurbishmentReviewModal inside a test was not wrapped in 
act(...).

When testing, code that causes React state updates should be wrapped into 
act(...):

act(() => {
  /* fire events that update state */
});
/* assert on the output */

This ensures that you're testing the behavior the user would see in the 
browser. Learn more at https://react.dev/link/wrap-tests-with-act
An update to AdminRefurbishmentReviewModal inside a test was not wrapped in 
act(...).

When testing, code that causes React state updates should be wrapped into 
act(...):

act(() => {
  /* fire events that update state */
});
/* assert on the output */

This ensures that you're testing the behavior the user would see in the 
browser. Learn more at https://react.dev/link/wrap-tests-with-act
An update to AdminRefurbishmentReviewModal inside a test was not wrapped in 
act(...).

When testing, code that causes React state updates should be wrapped into 
act(...):

act(() => {
  /* fire events that update state */
});
/* assert on the output */

This ensures that you're testing the behavior the user would see in the 
browser. Learn more at https://react.dev/link/wrap-tests-with-act

[90mstderr[2m | 
src/test/components/AdminRefurbishmentReviewModal.test.jsx[2m > 
[22m[2mAdminRefurbishmentReviewModal Component[2m > [22m[2mTab 2: Admin 
Package Selection[2m > [22m[2mshould show selection summary with count
[22m[39m`DialogContent` requires a `DialogTitle` for the component to be 
accessible for screen reader users.

If you want to hide the `DialogTitle`, you can wrap it with our VisuallyHidden 
component.

For more information, see 
https://radix-ui.com/primitives/docs/components/dialog
Warning: Missing `Description` or `aria-describedby={undefined}` for 
{DialogContent}.
An update to AdminRefurbishmentReviewModal inside a test was not wrapped in 
act(...).

When testing, code that causes React state updates should be wrapped into 
act(...):

act(() => {
  /* fire events that update state */
});
/* assert on the output */

This ensures that you're testing the behavior the user would see in the 
browser. Learn more at https://react.dev/link/wrap-tests-with-act
An update to AdminRefurbishmentReviewModal inside a test was not wrapped in 
act(...).

When testing, code that causes React state updates should be wrapped into 
act(...):

act(() => {
  /* fire events that update state */
});
/* assert on the output */

This ensures that you're testing the behavior the user would see in the 
browser. Learn more at https://react.dev/link/wrap-tests-with-act
An update to AdminRefurbishmentReviewModal inside a test was not wrapped in 
act(...).

When testing, code that causes React state updates should be wrapped into 
act(...):

act(() => {
  /* fire events that update state */
});
/* assert on the output */

This ensures that you're testing the behavior the user would see in the 
browser. Learn more at https://react.dev/link/wrap-tests-with-act

[90mstderr[2m | 
src/test/components/AdminRefurbishmentReviewModal.test.jsx[2m > 
[22m[2mAdminRefurbishmentReviewModal Component[2m > [22m[2mTab 3: Preview 
and Actions[2m > [22m[2mshould allow admin to add remarks
[22m[39m`DialogContent` requires a `DialogTitle` for the component to be 
accessible for screen reader users.

If you want to hide the `DialogTitle`, you can wrap it with our VisuallyHidden 
component.

For more information, see 
https://radix-ui.com/primitives/docs/components/dialog
Warning: Missing `Description` or `aria-describedby={undefined}` for 
{DialogContent}.
An update to AdminRefurbishmentReviewModal inside a test was not wrapped in 
act(...).

When testing, code that causes React state updates should be wrapped into 
act(...):

act(() => {
  /* fire events that update state */
});
/* assert on the output */

This ensures that you're testing the behavior the user would see in the 
browser. Learn more at https://react.dev/link/wrap-tests-with-act
An update to AdminRefurbishmentReviewModal inside a test was not wrapped in 
act(...).

When testing, code that causes React state updates should be wrapped into 
act(...):

act(() => {
  /* fire events that update state */
});
/* assert on the output */

This ensures that you're testing the behavior the user would see in the 
browser. Learn more at https://react.dev/link/wrap-tests-with-act
An update to AdminRefurbishmentReviewModal inside a test was not wrapped in 
act(...).

When testing, code that causes React state updates should be wrapped into 
act(...):

act(() => {
  /* fire events that update state */
});
/* assert on the output */

This ensures that you're testing the behavior the user would see in the 
browser. Learn more at https://react.dev/link/wrap-tests-with-act

[90mstderr[2m | 
src/test/components/AdminRefurbishmentReviewModal.test.jsx[2m > 
[22m[2mAdminRefurbishmentReviewModal Component[2m > [22m[2mTab 3: Preview 
and Actions[2m > [22m[2mshould call approve API when Approve clicked
[22m[39m`DialogContent` requires a `DialogTitle` for the component to be 
accessible for screen reader users.

If you want to hide the `DialogTitle`, you can wrap it with our VisuallyHidden 
component.

For more information, see 
https://radix-ui.com/primitives/docs/components/dialog
Warning: Missing `Description` or `aria-describedby={undefined}` for 
{DialogContent}.
An update to AdminRefurbishmentReviewModal inside a test was not wrapped in 
act(...).

When testing, code that causes React state updates should be wrapped into 
act(...):

act(() => {
  /* fire events that update state */
});
/* assert on the output */

This ensures that you're testing the behavior the user would see in the 
browser. Learn more at https://react.dev/link/wrap-tests-with-act
An update to AdminRefurbishmentReviewModal inside a test was not wrapped in 
act(...).

When testing, code that causes React state updates should be wrapped into 
act(...):

act(() => {
  /* fire events that update state */
});
/* assert on the output */

This ensures that you're testing the behavior the user would see in the 
browser. Learn more at https://react.dev/link/wrap-tests-with-act
An update to AdminRefurbishmentReviewModal inside a test was not wrapped in 
act(...).

When testing, code that causes React state updates should be wrapped into 
act(...):

act(() => {
  /* fire events that update state */
});
/* assert on the output */

This ensures that you're testing the behavior the user would see in the 
browser. Learn more at https://react.dev/link/wrap-tests-with-act

[90mstderr[2m | 
src/test/components/AdminRefurbishmentReviewModal.test.jsx[2m > 
[22m[2mAdminRefurbishmentReviewModal Component[2m > [22m[2mTab 3: Preview 
and Actions[2m > [22m[2mshould require rejection reason when rejecting
[22m[39m`DialogContent` requires a `DialogTitle` for the component to be 
accessible for screen reader users.

If you want to hide the `DialogTitle`, you can wrap it with our VisuallyHidden 
component.

For more information, see 
https://radix-ui.com/primitives/docs/components/dialog
Warning: Missing `Description` or `aria-describedby={undefined}` for 
{DialogContent}.
An update to AdminRefurbishmentReviewModal inside a test was not wrapped in 
act(...).

When testing, code that causes React state updates should be wrapped into 
act(...):

act(() => {
  /* fire events that update state */
});
/* assert on the output */

This ensures that you're testing the behavior the user would see in the 
browser. Learn more at https://react.dev/link/wrap-tests-with-act
An update to AdminRefurbishmentReviewModal inside a test was not wrapped in 
act(...).

When testing, code that causes React state updates should be wrapped into 
act(...):

act(() => {
  /* fire events that update state */
});
/* assert on the output */

This ensures that you're testing the behavior the user would see in the 
browser. Learn more at https://react.dev/link/wrap-tests-with-act
An update to AdminRefurbishmentReviewModal inside a test was not wrapped in 
act(...).

When testing, code that causes React state updates should be wrapped into 
act(...):

act(() => {
  /* fire events that update state */
});
/* assert on the output */

This ensures that you're testing the behavior the user would see in the 
browser. Learn more at https://react.dev/link/wrap-tests-with-act

[90mstderr[2m | 
src/test/components/AdminRefurbishmentReviewModal.test.jsx[2m > 
[22m[2mAdminRefurbishmentReviewModal Component[2m > [22m[2mData 
Fetching[2m > [22m[2mshould fetch request details and packages on open
[22m[39m`DialogContent` requires a `DialogTitle` for the component to be 
accessible for screen reader users.

If you want to hide the `DialogTitle`, you can wrap it with our VisuallyHidden 
component.

For more information, see 
https://radix-ui.com/primitives/docs/components/dialog
Warning: Missing `Description` or `aria-describedby={undefined}` for 
{DialogContent}.
TypeError: Cannot read properties of undefined (reading 'status')
    at AdminRefurbishmentReviewModal [90m(C:\Users\ranji\Desktop\TT\SEIF\front
end\[39msrc\components\refurbishment\modals\AdminRefurbishmentReviewModal.jsx:
207:32[90m)[39m
    at Object.react_stack_bottom_frame [90m(C:\Users\ranji\Desktop\TT\SEIF\fro
ntend\[39mnode_modules\[4mreact-dom[24m\cjs\react-dom-client.development.js:
25904:20[90m)[39m
    at renderWithHooks [90m(C:\Users\ranji\Desktop\TT\SEIF\frontend\[39mnode_
modules\[4mreact-dom[24m\cjs\react-dom-client.development.js:7662:22[90m)[3
9m
    at updateFunctionComponent [90m(C:\Users\ranji\Desktop\TT\SEIF\frontend\[
39mnode_modules\[4mreact-dom[24m\cjs\react-dom-client.development.js:10166:19
[90m)[39m
    at beginWork [90m(C:\Users\ranji\Desktop\TT\SEIF\frontend\[39mnode_module
s\[4mreact-dom[24m\cjs\react-dom-client.development.js:11778:18[90m)[39m
    at runWithFiberInDEV [90m(C:\Users\ranji\Desktop\TT\SEIF\frontend\[39mnod
e_modules\[4mreact-dom[24m\cjs\react-dom-client.development.js:874:13[90m)[
39m
    at performUnitOfWork [90m(C:\Users\ranji\Desktop\TT\SEIF\frontend\[39mnod
e_modules\[4mreact-dom[24m\cjs\react-dom-client.development.js:17641:22[90m)
[39m
    at workLoopSync [90m(C:\Users\ranji\Desktop\TT\SEIF\frontend\[39mnode_mod
ules\[4mreact-dom[24m\cjs\react-dom-client.development.js:17469:41[90m)[39m
    at renderRootSync [90m(C:\Users\ranji\Desktop\TT\SEIF\frontend\[39mnode_m
odules\[4mreact-dom[24m\cjs\react-dom-client.development.js:17450:11[90m)[3
9m
    at performWorkOnRoot [90m(C:\Users\ranji\Desktop\TT\SEIF\frontend\[39mnod
e_modules\[4mreact-dom[24m\cjs\react-dom-client.development.js:16583:35[90m)
[39m {
  stackStr: [32m"TypeError: Cannot read properties of undefined (reading 
'status')\n"[39m +
    [32m'    at AdminRefurbishmentReviewModal (C:\\Users\\ranji\\Desktop\\TT\\
SEIF\\frontend\\src\\components\\refurbishment\\modals\\AdminRefurbishmentRevie
wModal.jsx:207:32)\n'[39m +
    [32m'    at Object.react_stack_bottom_frame (C:\\Users\\ranji\\Desktop\\TT
\\SEIF\\frontend\\node_modules\\react-dom\\cjs\\react-dom-client.development.js
:25904:20)\n'[39m +
    [32m'    at renderWithHooks (C:\\Users\\ranji\\Desktop\\TT\\SEIF\\frontend
\\node_modules\\react-dom\\cjs\\react-dom-client.development.js:7662:22)\n'[39
m +
    [32m'    at updateFunctionComponent (C:\\Users\\ranji\\Desktop\\TT\\SEIF\\
frontend\\node_modules\\react-dom\\cjs\\react-dom-client.development.js:10166:1
9)\n'[39m +
    [32m'    at beginWork (C:\\Users\\ranji\\Desktop\\TT\\SEIF\\frontend\\node
_modules\\react-dom\\cjs\\react-dom-client.development.js:11778:18)\n'[39m +
    [32m'    at runWithFiberInDEV (C:\\Users\\ranji\\Desktop\\TT\\SEIF\\fronte
nd\\node_modules\\react-dom\\cjs\\react-dom-client.development.js:874:13)\n'[3
9m +
    [32m'    at performUnitOfWork (C:\\Users\\ranji\\Desktop\\TT\\SEIF\\fronte
nd\\node_modules\\react-dom\\cjs\\react-dom-client.development.js:17641:22)\n'
[39m +
    [32m'    at workLoopSync (C:\\Users\\ranji\\Desktop\\TT\\SEIF\\frontend\\n
ode_modules\\react-dom\\cjs\\react-dom-client.development.js:17469:41)\n'[39m 
+
    [32m'    at renderRootSync (C:\\Users\\ranji\\Desktop\\TT\\SEIF\\frontend\
\node_modules\\react-dom\\cjs\\react-dom-client.development.js:17450:11)\n'[39
m +
    [32m'    at performWorkOnRoot (C:\\Users\\ranji\\Desktop\\TT\\SEIF\\fronte
nd\\node_modules\\react-dom\\cjs\\react-dom-client.development.js:16583:35)'[3
9m,
  nameStr: [32m'TypeError'[39m,
  expected: [32m'undefined'[39m,
  actual: [32m'undefined'[39m
}
An error occurred in the <AdminRefurbishmentReviewModal> component.

Consider adding an error boundary to your tree to customize error handling 
behavior.
Visit https://react.dev/link/error-boundaries to learn more about error 
boundaries.


[90mstderr[2m | 
src/test/components/AdminRefurbishmentReviewModal.test.jsx[2m > 
[22m[2mAdminRefurbishmentReviewModal Component[2m > [22m[2mData 
Fetching[2m > [22m[2mshould handle API errors gracefully
[22m[39m`DialogContent` requires a `DialogTitle` for the component to be 
accessible for screen reader users.

If you want to hide the `DialogTitle`, you can wrap it with our VisuallyHidden 
component.

For more information, see 
https://radix-ui.com/primitives/docs/components/dialog
Warning: Missing `Description` or `aria-describedby={undefined}` for 
{DialogContent}.
Error loading request: { response: { data: { message: [32m'Failed to 
load'[39m } } }

[90mstderr[2m | 
src/test/components/AdminRefurbishmentReviewModal.test.jsx[2m > 
[22m[2mAdminRefurbishmentReviewModal Component[2m > [22m[2mAdmin Override 
Behavior[2m > [22m[2mshould initialize admin selections with partner 
selections
[22m[39m`DialogContent` requires a `DialogTitle` for the component to be 
accessible for screen reader users.

If you want to hide the `DialogTitle`, you can wrap it with our VisuallyHidden 
component.

For more information, see 
https://radix-ui.com/primitives/docs/components/dialog
Warning: Missing `Description` or `aria-describedby={undefined}` for 
{DialogContent}.
An update to AdminRefurbishmentReviewModal inside a test was not wrapped in 
act(...).

When testing, code that causes React state updates should be wrapped into 
act(...):

act(() => {
  /* fire events that update state */
});
/* assert on the output */

This ensures that you're testing the behavior the user would see in the 
browser. Learn more at https://react.dev/link/wrap-tests-with-act
An update to AdminRefurbishmentReviewModal inside a test was not wrapped in 
act(...).

When testing, code that causes React state updates should be wrapped into 
act(...):

act(() => {
  /* fire events that update state */
});
/* assert on the output */

This ensures that you're testing the behavior the user would see in the 
browser. Learn more at https://react.dev/link/wrap-tests-with-act
An update to AdminRefurbishmentReviewModal inside a test was not wrapped in 
act(...).

When testing, code that causes React state updates should be wrapped into 
act(...):

act(() => {
  /* fire events that update state */
});
/* assert on the output */

This ensures that you're testing the behavior the user would see in the 
browser. Learn more at https://react.dev/link/wrap-tests-with-act

[90mstderr[2m | 
src/test/components/AdminRefurbishmentReviewModal.test.jsx[2m > 
[22m[2mAdminRefurbishmentReviewModal Component[2m > [22m[2mAdmin Override 
Behavior[2m > [22m[2mshould allow admin to select packages partner did not 
select
[22m[39m`DialogContent` requires a `DialogTitle` for the component to be 
accessible for screen reader users.

If you want to hide the `DialogTitle`, you can wrap it with our VisuallyHidden 
component.

For more information, see 
https://radix-ui.com/primitives/docs/components/dialog
Warning: Missing `Description` or `aria-describedby={undefined}` for 
{DialogContent}.
An update to AdminRefurbishmentReviewModal inside a test was not wrapped in 
act(...).

When testing, code that causes React state updates should be wrapped into 
act(...):

act(() => {
  /* fire events that update state */
});
/* assert on the output */

This ensures that you're testing the behavior the user would see in the 
browser. Learn more at https://react.dev/link/wrap-tests-with-act
An update to AdminRefurbishmentReviewModal inside a test was not wrapped in 
act(...).

When testing, code that causes React state updates should be wrapped into 
act(...):

act(() => {
  /* fire events that update state */
});
/* assert on the output */

This ensures that you're testing the behavior the user would see in the 
browser. Learn more at https://react.dev/link/wrap-tests-with-act
An update to AdminRefurbishmentReviewModal inside a test was not wrapped in 
act(...).

When testing, code that causes React state updates should be wrapped into 
act(...):

act(() => {
  /* fire events that update state */
});
/* assert on the output */

This ensures that you're testing the behavior the user would see in the 
browser. Learn more at https://react.dev/link/wrap-tests-with-act

[90mstderr[2m | 
src/test/components/AdminRefurbishmentReviewModal.test.jsx[2m > 
[22m[2mAdminRefurbishmentReviewModal Component[2m > [22m[2mUpgradation 
Tab ΓÇö Partner Selections section[2m > [22m[2mshows 'Upgradation' pill tab 
when partner requested upgradation
[22m[39m`DialogContent` requires a `DialogTitle` for the component to be 
accessible for screen reader users.

If you want to hide the `DialogTitle`, you can wrap it with our VisuallyHidden 
component.

For more information, see 
https://radix-ui.com/primitives/docs/components/dialog
Warning: Missing `Description` or `aria-describedby={undefined}` for 
{DialogContent}.
TypeError: Cannot read properties of undefined (reading 'status')
    at AdminRefurbishmentReviewModal [90m(C:\Users\ranji\Desktop\TT\SEIF\front
end\[39msrc\components\refurbishment\modals\AdminRefurbishmentReviewModal.jsx:
207:32[90m)[39m
    at Object.react_stack_bottom_frame [90m(C:\Users\ranji\Desktop\TT\SEIF\fro
ntend\[39mnode_modules\[4mreact-dom[24m\cjs\react-dom-client.development.js:
25904:20[90m)[39m
    at renderWithHooks [90m(C:\Users\ranji\Desktop\TT\SEIF\frontend\[39mnode_
modules\[4mreact-dom[24m\cjs\react-dom-client.development.js:7662:22[90m)[3
9m
    at updateFunctionComponent [90m(C:\Users\ranji\Desktop\TT\SEIF\frontend\[
39mnode_modules\[4mreact-dom[24m\cjs\react-dom-client.development.js:10166:19
[90m)[39m
    at beginWork [90m(C:\Users\ranji\Desktop\TT\SEIF\frontend\[39mnode_module
s\[4mreact-dom[24m\cjs\react-dom-client.development.js:11778:18[90m)[39m
    at runWithFiberInDEV [90m(C:\Users\ranji\Desktop\TT\SEIF\frontend\[39mnod
e_modules\[4mreact-dom[24m\cjs\react-dom-client.development.js:874:13[90m)[
39m
    at performUnitOfWork [90m(C:\Users\ranji\Desktop\TT\SEIF\frontend\[39mnod
e_modules\[4mreact-dom[24m\cjs\react-dom-client.development.js:17641:22[90m)
[39m
    at workLoopSync [90m(C:\Users\ranji\Desktop\TT\SEIF\frontend\[39mnode_mod
ules\[4mreact-dom[24m\cjs\react-dom-client.development.js:17469:41[90m)[39m
    at renderRootSync [90m(C:\Users\ranji\Desktop\TT\SEIF\frontend\[39mnode_m
odules\[4mreact-dom[24m\cjs\react-dom-client.development.js:17450:11[90m)[3
9m
    at performWorkOnRoot [90m(C:\Users\ranji\Desktop\TT\SEIF\frontend\[39mnod
e_modules\[4mreact-dom[24m\cjs\react-dom-client.development.js:16583:35[90m)
[39m {
  stackStr: [32m"TypeError: Cannot read properties of undefined (reading 
'status')\n"[39m +
    [32m'    at AdminRefurbishmentReviewModal (C:\\Users\\ranji\\Desktop\\TT\\
SEIF\\frontend\\src\\components\\refurbishment\\modals\\AdminRefurbishmentRevie
wModal.jsx:207:32)\n'[39m +
    [32m'    at Object.react_stack_bottom_frame (C:\\Users\\ranji\\Desktop\\TT
\\SEIF\\frontend\\node_modules\\react-dom\\cjs\\react-dom-client.development.js
:25904:20)\n'[39m +
    [32m'    at renderWithHooks (C:\\Users\\ranji\\Desktop\\TT\\SEIF\\frontend
\\node_modules\\react-dom\\cjs\\react-dom-client.development.js:7662:22)\n'[39
m +
    [32m'    at updateFunctionComponent (C:\\Users\\ranji\\Desktop\\TT\\SEIF\\
frontend\\node_modules\\react-dom\\cjs\\react-dom-client.development.js:10166:1
9)\n'[39m +
    [32m'    at beginWork (C:\\Users\\ranji\\Desktop\\TT\\SEIF\\frontend\\node
_modules\\react-dom\\cjs\\react-dom-client.development.js:11778:18)\n'[39m +
    [32m'    at runWithFiberInDEV (C:\\Users\\ranji\\Desktop\\TT\\SEIF\\fronte
nd\\node_modules\\react-dom\\cjs\\react-dom-client.development.js:874:13)\n'[3
9m +
    [32m'    at performUnitOfWork (C:\\Users\\ranji\\Desktop\\TT\\SEIF\\fronte
nd\\node_modules\\react-dom\\cjs\\react-dom-client.development.js:17641:22)\n'
[39m +
    [32m'    at workLoopSync (C:\\Users\\ranji\\Desktop\\TT\\SEIF\\frontend\\n
ode_modules\\react-dom\\cjs\\react-dom-client.development.js:17469:41)\n'[39m 
+
    [32m'    at renderRootSync (C:\\Users\\ranji\\Desktop\\TT\\SEIF\\frontend\
\node_modules\\react-dom\\cjs\\react-dom-client.development.js:17450:11)\n'[39
m +
    [32m'    at performWorkOnRoot (C:\\Users\\ranji\\Desktop\\TT\\SEIF\\fronte
nd\\node_modules\\react-dom\\cjs\\react-dom-client.development.js:16583:35)'[3
9m,
  nameStr: [32m'TypeError'[39m,
  expected: [32m'undefined'[39m,
  actual: [32m'undefined'[39m
}
An error occurred in the <AdminRefurbishmentReviewModal> component.

Consider adding an error boundary to your tree to customize error handling 
behavior.
Visit https://react.dev/link/error-boundaries to learn more about error 
boundaries.


[90mstderr[2m | 
src/test/components/AdminRefurbishmentReviewModal.test.jsx[2m > 
[22m[2mAdminRefurbishmentReviewModal Component[2m > [22m[2mUpgradation 
Tab ΓÇö Partner Selections section[2m > [22m[2mclicking Upgradation tab 
shows room dimension details
[22m[39m`DialogContent` requires a `DialogTitle` for the component to be 
accessible for screen reader users.

If you want to hide the `DialogTitle`, you can wrap it with our VisuallyHidden 
component.

For more information, see 
https://radix-ui.com/primitives/docs/components/dialog
Warning: Missing `Description` or `aria-describedby={undefined}` for 
{DialogContent}.
TypeError: Cannot read properties of undefined (reading 'status')
    at AdminRefurbishmentReviewModal [90m(C:\Users\ranji\Desktop\TT\SEIF\front
end\[39msrc\components\refurbishment\modals\AdminRefurbishmentReviewModal.jsx:
207:32[90m)[39m
    at Object.react_stack_bottom_frame [90m(C:\Users\ranji\Desktop\TT\SEIF\fro
ntend\[39mnode_modules\[4mreact-dom[24m\cjs\react-dom-client.development.js:
25904:20[90m)[39m
    at renderWithHooks [90m(C:\Users\ranji\Desktop\TT\SEIF\frontend\[39mnode_
modules\[4mreact-dom[24m\cjs\react-dom-client.development.js:7662:22[90m)[3
9m
    at updateFunctionComponent [90m(C:\Users\ranji\Desktop\TT\SEIF\frontend\[
39mnode_modules\[4mreact-dom[24m\cjs\react-dom-client.development.js:10166:19
[90m)[39m
    at beginWork [90m(C:\Users\ranji\Desktop\TT\SEIF\frontend\[39mnode_module
s\[4mreact-dom[24m\cjs\react-dom-client.development.js:11778:18[90m)[39m
    at runWithFiberInDEV [90m(C:\Users\ranji\Desktop\TT\SEIF\frontend\[39mnod
e_modules\[4mreact-dom[24m\cjs\react-dom-client.development.js:874:13[90m)[
39m
    at performUnitOfWork [90m(C:\Users\ranji\Desktop\TT\SEIF\frontend\[39mnod
e_modules\[4mreact-dom[24m\cjs\react-dom-client.development.js:17641:22[90m)
[39m
    at workLoopSync [90m(C:\Users\ranji\Desktop\TT\SEIF\frontend\[39mnode_mod
ules\[4mreact-dom[24m\cjs\react-dom-client.development.js:17469:41[90m)[39m
    at renderRootSync [90m(C:\Users\ranji\Desktop\TT\SEIF\frontend\[39mnode_m
odules\[4mreact-dom[24m\cjs\react-dom-client.development.js:17450:11[90m)[3
9m
    at performWorkOnRoot [90m(C:\Users\ranji\Desktop\TT\SEIF\frontend\[39mnod
e_modules\[4mreact-dom[24m\cjs\react-dom-client.development.js:16583:35[90m)
[39m {
  stackStr: [32m"TypeError: Cannot read properties of undefined (reading 
'status')\n"[39m +
    [32m'    at AdminRefurbishmentReviewModal (C:\\Users\\ranji\\Desktop\\TT\\
SEIF\\frontend\\src\\components\\refurbishment\\modals\\AdminRefurbishmentRevie
wModal.jsx:207:32)\n'[39m +
    [32m'    at Object.react_stack_bottom_frame (C:\\Users\\ranji\\Desktop\\TT
\\SEIF\\frontend\\node_modules\\react-dom\\cjs\\react-dom-client.development.js
:25904:20)\n'[39m +
    [32m'    at renderWithHooks (C:\\Users\\ranji\\Desktop\\TT\\SEIF\\frontend
\\node_modules\\react-dom\\cjs\\react-dom-client.development.js:7662:22)\n'[39
m +
    [32m'    at updateFunctionComponent (C:\\Users\\ranji\\Desktop\\TT\\SEIF\\
frontend\\node_modules\\react-dom\\cjs\\react-dom-client.development.js:10166:1
9)\n'[39m +
    [32m'    at beginWork (C:\\Users\\ranji\\Desktop\\TT\\SEIF\\frontend\\node
_modules\\react-dom\\cjs\\react-dom-client.development.js:11778:18)\n'[39m +
    [32m'    at runWithFiberInDEV (C:\\Users\\ranji\\Desktop\\TT\\SEIF\\fronte
nd\\node_modules\\react-dom\\cjs\\react-dom-client.development.js:874:13)\n'[3
9m +
    [32m'    at performUnitOfWork (C:\\Users\\ranji\\Desktop\\TT\\SEIF\\fronte
nd\\node_modules\\react-dom\\cjs\\react-dom-client.development.js:17641:22)\n'
[39m +
    [32m'    at workLoopSync (C:\\Users\\ranji\\Desktop\\TT\\SEIF\\frontend\\n
ode_modules\\react-dom\\cjs\\react-dom-client.development.js:17469:41)\n'[39m 
+
    [32m'    at renderRootSync (C:\\Users\\ranji\\Desktop\\TT\\SEIF\\frontend\
\node_modules\\react-dom\\cjs\\react-dom-client.development.js:17450:11)\n'[39
m +
    [32m'    at performWorkOnRoot (C:\\Users\\ranji\\Desktop\\TT\\SEIF\\fronte
nd\\node_modules\\react-dom\\cjs\\react-dom-client.development.js:16583:35)'[3
9m,
  nameStr: [32m'TypeError'[39m,
  expected: [32m'undefined'[39m,
  actual: [32m'undefined'[39m
}
An error occurred in the <AdminRefurbishmentReviewModal> component.

Consider adding an error boundary to your tree to customize error handling 
behavior.
Visit https://react.dev/link/error-boundaries to learn more about error 
boundaries.


[90mstderr[2m | 
src/test/components/AdminRefurbishmentReviewModal.test.jsx[2m > 
[22m[2mAdminRefurbishmentReviewModal Component[2m > [22m[2mUpgradation 
Tab ΓÇö Partner Selections section[2m > [22m[2mUpgradation tab shows 
selected package names
[22m[39m`DialogContent` requires a `DialogTitle` for the component to be 
accessible for screen reader users.

If you want to hide the `DialogTitle`, you can wrap it with our VisuallyHidden 
component.

For more information, see 
https://radix-ui.com/primitives/docs/components/dialog
Warning: Missing `Description` or `aria-describedby={undefined}` for 
{DialogContent}.
TypeError: Cannot read properties of undefined (reading 'status')
    at AdminRefurbishmentReviewModal [90m(C:\Users\ranji\Desktop\TT\SEIF\front
end\[39msrc\components\refurbishment\modals\AdminRefurbishmentReviewModal.jsx:
207:32[90m)[39m
    at Object.react_stack_bottom_frame [90m(C:\Users\ranji\Desktop\TT\SEIF\fro
ntend\[39mnode_modules\[4mreact-dom[24m\cjs\react-dom-client.development.js:
25904:20[90m)[39m
    at renderWithHooks [90m(C:\Users\ranji\Desktop\TT\SEIF\frontend\[39mnode_
modules\[4mreact-dom[24m\cjs\react-dom-client.development.js:7662:22[90m)[3
9m
    at updateFunctionComponent [90m(C:\Users\ranji\Desktop\TT\SEIF\frontend\[
39mnode_modules\[4mreact-dom[24m\cjs\react-dom-client.development.js:10166:19
[90m)[39m
    at beginWork [90m(C:\Users\ranji\Desktop\TT\SEIF\frontend\[39mnode_module
s\[4mreact-dom[24m\cjs\react-dom-client.development.js:11778:18[90m)[39m
    at runWithFiberInDEV [90m(C:\Users\ranji\Desktop\TT\SEIF\frontend\[39mnod
e_modules\[4mreact-dom[24m\cjs\react-dom-client.development.js:874:13[90m)[
39m
    at performUnitOfWork [90m(C:\Users\ranji\Desktop\TT\SEIF\frontend\[39mnod
e_modules\[4mreact-dom[24m\cjs\react-dom-client.development.js:17641:22[90m)
[39m
    at workLoopSync [90m(C:\Users\ranji\Desktop\TT\SEIF\frontend\[39mnode_mod
ules\[4mreact-dom[24m\cjs\react-dom-client.development.js:17469:41[90m)[39m
    at renderRootSync [90m(C:\Users\ranji\Desktop\TT\SEIF\frontend\[39mnode_m
odules\[4mreact-dom[24m\cjs\react-dom-client.development.js:17450:11[90m)[3
9m
    at performWorkOnRoot [90m(C:\Users\ranji\Desktop\TT\SEIF\frontend\[39mnod
e_modules\[4mreact-dom[24m\cjs\react-dom-client.development.js:16583:35[90m)
[39m {
  stackStr: [32m"TypeError: Cannot read properties of undefined (reading 
'status')\n"[39m +
    [32m'    at AdminRefurbishmentReviewModal (C:\\Users\\ranji\\Desktop\\TT\\
SEIF\\frontend\\src\\components\\refurbishment\\modals\\AdminRefurbishmentRevie
wModal.jsx:207:32)\n'[39m +
    [32m'    at Object.react_stack_bottom_frame (C:\\Users\\ranji\\Desktop\\TT
\\SEIF\\frontend\\node_modules\\react-dom\\cjs\\react-dom-client.development.js
:25904:20)\n'[39m +
    [32m'    at renderWithHooks (C:\\Users\\ranji\\Desktop\\TT\\SEIF\\frontend
\\node_modules\\react-dom\\cjs\\react-dom-client.development.js:7662:22)\n'[39
m +
    [32m'    at updateFunctionComponent (C:\\Users\\ranji\\Desktop\\TT\\SEIF\\
frontend\\node_modules\\react-dom\\cjs\\react-dom-client.development.js:10166:1
9)\n'[39m +
    [32m'    at beginWork (C:\\Users\\ranji\\Desktop\\TT\\SEIF\\frontend\\node
_modules\\react-dom\\cjs\\react-dom-client.development.js:11778:18)\n'[39m +
    [32m'    at runWithFiberInDEV (C:\\Users\\ranji\\Desktop\\TT\\SEIF\\fronte
nd\\node_modules\\react-dom\\cjs\\react-dom-client.development.js:874:13)\n'[3
9m +
    [32m'    at performUnitOfWork (C:\\Users\\ranji\\Desktop\\TT\\SEIF\\fronte
nd\\node_modules\\react-dom\\cjs\\react-dom-client.development.js:17641:22)\n'
[39m +
    [32m'    at workLoopSync (C:\\Users\\ranji\\Desktop\\TT\\SEIF\\frontend\\n
ode_modules\\react-dom\\cjs\\react-dom-client.development.js:17469:41)\n'[39m 
+
    [32m'    at renderRootSync (C:\\Users\\ranji\\Desktop\\TT\\SEIF\\frontend\
\node_modules\\react-dom\\cjs\\react-dom-client.development.js:17450:11)\n'[39
m +
    [32m'    at performWorkOnRoot (C:\\Users\\ranji\\Desktop\\TT\\SEIF\\fronte
nd\\node_modules\\react-dom\\cjs\\react-dom-client.development.js:16583:35)'[3
9m,
  nameStr: [32m'TypeError'[39m,
  expected: [32m'undefined'[39m,
  actual: [32m'undefined'[39m
}
An error occurred in the <AdminRefurbishmentReviewModal> component.

Consider adding an error boundary to your tree to customize error handling 
behavior.
Visit https://react.dev/link/error-boundaries to learn more about error 
boundaries.


[90mstderr[2m | 
src/test/components/AdminRefurbishmentReviewModal.test.jsx[2m > 
[22m[2mAdminRefurbishmentReviewModal Component[2m > [22m[2mUpgradation 
Tab ΓÇö Partner Selections section[2m > [22m[2mhides Upgradation tab when 
partner did NOT request upgradation
[22m[39m`DialogContent` requires a `DialogTitle` for the component to be 
accessible for screen reader users.

If you want to hide the `DialogTitle`, you can wrap it with our VisuallyHidden 
component.

For more information, see 
https://radix-ui.com/primitives/docs/components/dialog
Warning: Missing `Description` or `aria-describedby={undefined}` for 
{DialogContent}.
TypeError: Cannot read properties of undefined (reading 'status')
    at AdminRefurbishmentReviewModal [90m(C:\Users\ranji\Desktop\TT\SEIF\front
end\[39msrc\components\refurbishment\modals\AdminRefurbishmentReviewModal.jsx:
207:32[90m)[39m
    at Object.react_stack_bottom_frame [90m(C:\Users\ranji\Desktop\TT\SEIF\fro
ntend\[39mnode_modules\[4mreact-dom[24m\cjs\react-dom-client.development.js:
25904:20[90m)[39m
    at renderWithHooks [90m(C:\Users\ranji\Desktop\TT\SEIF\frontend\[39mnode_
modules\[4mreact-dom[24m\cjs\react-dom-client.development.js:7662:22[90m)[3
9m
    at updateFunctionComponent [90m(C:\Users\ranji\Desktop\TT\SEIF\frontend\[
39mnode_modules\[4mreact-dom[24m\cjs\react-dom-client.development.js:10166:19
[90m)[39m
    at beginWork [90m(C:\Users\ranji\Desktop\TT\SEIF\frontend\[39mnode_module
s\[4mreact-dom[24m\cjs\react-dom-client.development.js:11778:18[90m)[39m
    at runWithFiberInDEV [90m(C:\Users\ranji\Desktop\TT\SEIF\frontend\[39mnod
e_modules\[4mreact-dom[24m\cjs\react-dom-client.development.js:874:13[90m)[
39m
    at performUnitOfWork [90m(C:\Users\ranji\Desktop\TT\SEIF\frontend\[39mnod
e_modules\[4mreact-dom[24m\cjs\react-dom-client.development.js:17641:22[90m)
[39m
    at workLoopSync [90m(C:\Users\ranji\Desktop\TT\SEIF\frontend\[39mnode_mod
ules\[4mreact-dom[24m\cjs\react-dom-client.development.js:17469:41[90m)[39m
    at renderRootSync [90m(C:\Users\ranji\Desktop\TT\SEIF\frontend\[39mnode_m
odules\[4mreact-dom[24m\cjs\react-dom-client.development.js:17450:11[90m)[3
9m
    at performWorkOnRoot [90m(C:\Users\ranji\Desktop\TT\SEIF\frontend\[39mnod
e_modules\[4mreact-dom[24m\cjs\react-dom-client.development.js:16583:35[90m)
[39m {
  stackStr: [32m"TypeError: Cannot read properties of undefined (reading 
'status')\n"[39m +
    [32m'    at AdminRefurbishmentReviewModal (C:\\Users\\ranji\\Desktop\\TT\\
SEIF\\frontend\\src\\components\\refurbishment\\modals\\AdminRefurbishmentRevie
wModal.jsx:207:32)\n'[39m +
    [32m'    at Object.react_stack_bottom_frame (C:\\Users\\ranji\\Desktop\\TT
\\SEIF\\frontend\\node_modules\\react-dom\\cjs\\react-dom-client.development.js
:25904:20)\n'[39m +
    [32m'    at renderWithHooks (C:\\Users\\ranji\\Desktop\\TT\\SEIF\\frontend
\\node_modules\\react-dom\\cjs\\react-dom-client.development.js:7662:22)\n'[39
m +
    [32m'    at updateFunctionComponent (C:\\Users\\ranji\\Desktop\\TT\\SEIF\\
frontend\\node_modules\\react-dom\\cjs\\react-dom-client.development.js:10166:1
9)\n'[39m +
    [32m'    at beginWork (C:\\Users\\ranji\\Desktop\\TT\\SEIF\\frontend\\node
_modules\\react-dom\\cjs\\react-dom-client.development.js:11778:18)\n'[39m +
    [32m'    at runWithFiberInDEV (C:\\Users\\ranji\\Desktop\\TT\\SEIF\\fronte
nd\\node_modules\\react-dom\\cjs\\react-dom-client.development.js:874:13)\n'[3
9m +
    [32m'    at performUnitOfWork (C:\\Users\\ranji\\Desktop\\TT\\SEIF\\fronte
nd\\node_modules\\react-dom\\cjs\\react-dom-client.development.js:17641:22)\n'
[39m +
    [32m'    at workLoopSync (C:\\Users\\ranji\\Desktop\\TT\\SEIF\\frontend\\n
ode_modules\\react-dom\\cjs\\react-dom-client.development.js:17469:41)\n'[39m 
+
    [32m'    at renderRootSync (C:\\Users\\ranji\\Desktop\\TT\\SEIF\\frontend\
\node_modules\\react-dom\\cjs\\react-dom-client.development.js:17450:11)\n'[39
m +
    [32m'    at performWorkOnRoot (C:\\Users\\ranji\\Desktop\\TT\\SEIF\\fronte
nd\\node_modules\\react-dom\\cjs\\react-dom-client.development.js:16583:35)'[3
9m,
  nameStr: [32m'TypeError'[39m,
  expected: [32m'undefined'[39m,
  actual: [32m'undefined'[39m
}
An error occurred in the <AdminRefurbishmentReviewModal> component.

Consider adding an error boundary to your tree to customize error handling 
behavior.
Visit https://react.dev/link/error-boundaries to learn more about error 
boundaries.


 [31mΓ¥»[39m src/test/components/AdminRefurbishmentReviewModal.test.jsx [2m([22m[2m25 tests[22m[2m | [22m[31m23 failed[39m[2m)[22m[33m 10202[2mms[22m[39m
[31m   [31m├ù[31m AdminRefurbishmentReviewModal Component[2m > [22mRendering and Tab Navigation[2m > [22mshould render modal when open[33m 1309[2mms[22m[31m[39m
[31m     ΓåÆ Unable to find an element with the text: /Test Center/i. This could be because the text is broken up by multiple elements. In this case, you can provide a function for your text matcher to make your matcher more flexible.

Ignored nodes: comments, script, style
[36m<body[31m
  [33mstyle[31m=[32m""[31m
[36m>[31m
  [36m<div />[31m
[36m</body>[31m

Ignored nodes: comments, script, style
[36m<html>[31m
  [36m<head />[31m
  [36m<body[31m
    [33mstyle[31m=[32m""[31m
  [36m>[31m
    [36m<div />[31m
  [36m</body>[31m
[36m</html>[31m[39m
[31m   [31m├ù[31m AdminRefurbishmentReviewModal Component[2m > [22mRendering and Tab Navigation[2m > [22mshould render all 3 tabs[33m 1047[2mms[22m[31m[39m
[31m     ΓåÆ Unable to find an element with the text: /Partner Selections/i. This could be because the text is broken up by multiple elements. In this case, you can provide a function for your text matcher to make your matcher more flexible.

Ignored nodes: comments, script, style
[36m<body[31m
  [33mstyle[31m=[32m""[31m
[36m>[31m
  [36m<div />[31m
[36m</body>[31m

Ignored nodes: comments, script, style
[36m<html>[31m
  [36m<head />[31m
  [36m<body[31m
    [33mstyle[31m=[32m""[31m
  [36m>[31m
    [36m<div />[31m
  [36m</body>[31m
[36m</html>[31m[39m
[31m   [31m├ù[31m AdminRefurbishmentReviewModal Component[2m > [22mRendering and Tab Navigation[2m > [22mshould switch between tabs on click[33m 1041[2mms[22m[31m[39m
[31m     ΓåÆ Unable to find an element with the text: /Partner Selections/i. This could be because the text is broken up by multiple elements. In this case, you can provide a function for your text matcher to make your matcher more flexible.

Ignored nodes: comments, script, style
[36m<body[31m
  [33mstyle[31m=[32m""[31m
[36m>[31m
  [36m<div />[31m
[36m</body>[31m

Ignored nodes: comments, script, style
[36m<html>[31m
  [36m<head />[31m
  [36m<body[31m
    [33mstyle[31m=[32m""[31m
  [36m>[31m
    [36m<div />[31m
  [36m</body>[31m
[36m</html>[31m[39m
[31m   [31m├ù[31m AdminRefurbishmentReviewModal Component[2m > [22mTab 1: Partner Selections[2m > [22mshould display partner-selected packages grouped by course[33m 1044[2mms[22m[31m[39m
[31m     ΓåÆ Unable to find an element with the text: Course 1. This could be because the text is broken up by multiple elements. In this case, you can provide a function for your text matcher to make your matcher more flexible.

Ignored nodes: comments, script, style
[36m<body[31m
  [33mstyle[31m=[32m""[31m
[36m>[31m
  [36m<div />[31m
[36m</body>[31m

Ignored nodes: comments, script, style
[36m<html>[31m
  [36m<head />[31m
  [36m<body[31m
    [33mstyle[31m=[32m""[31m
  [36m>[31m
    [36m<div />[31m
  [36m</body>[31m
[36m</html>[31m[39m
[31m   [31m├ù[31m AdminRefurbishmentReviewModal Component[2m > [22mTab 1: Partner Selections[2m > [22mshould display partner justifications[33m 1041[2mms[22m[31m[39m
[31m     ΓåÆ Unable to find an element with the text: /We need this package/i. This could be because the text is broken up by multiple elements. In this case, you can provide a function for your text matcher to make your matcher more flexible.

Ignored nodes: comments, script, style
[36m<body[31m
  [33mstyle[31m=[32m""[31m
[36m>[31m
  [36m<div />[31m
[36m</body>[31m

Ignored nodes: comments, script, style
[36m<html>[31m
  [36m<head />[31m
  [36m<body[31m
    [33mstyle[31m=[32m""[31m
  [36m>[31m
    [36m<div />[31m
  [36m</body>[31m
[36m</html>[31m[39m
[31m   [31m├ù[31m AdminRefurbishmentReviewModal Component[2m > [22mTab 2: Admin Package Selection[2m > [22mshould display course stepper[90m 38[2mms[22m[31m[39m
[31m     ΓåÆ Unable to find an element with the text: /Admin.*Package/i. This could be because the text is broken up by multiple elements. In this case, you can provide a function for your text matcher to make your matcher more flexible.

Ignored nodes: comments, script, style
[36m<body[31m
  [33mdata-scroll-locked[31m=[32m"1"[31m
  [33mstyle[31m=[32m"pointer-events: none;"[31m
[36m>[31m
  [36m<span[31m
    [33maria-hidden[31m=[32m"true"[31m
    [33mdata-aria-hidden[31m=[32m"true"[31m
    [33mdata-radix-focus-guard[31m=[32m""[31m
    [33mstyle[31m=[32m"outline: none; opacity: 0; position: fixed; pointer-events: none;"[31m
    [33mtabindex[31m=[32m"0"[31m
  [36m/>[31m
  [36m<div[31m
    [33maria-hidden[31m=[32m"true"[31m
    [33mdata-aria-hidden[31m=[32m"true"[31m
  [36m/>[31m
  [36m<div[31m
    [33maria-hidden[31m=[32m"true"[31m
    [33mclass[31m=[32m"fixed inset-0 z-50 bg-black/80 data-[state=open]:animate-in data-[state=closed]:animate-out data-[state=closed]:fade-out-0 data-[state=open]:fade-in-0"[31m
    [33mdata-aria-hidden[31m=[32m"true"[31m
    [33mdata-state[31m=[32m"open"[31m
    [33mstyle[31m=[32m"pointer-events: auto;"[31m
  [36m/>[31m
  [36m<div[31m
    [33maria-describedby[31m=[32m"radix-_r_h_"[31m
    [33maria-labelledby[31m=[32m"radix-_r_g_"[31m
    [33mclass[31m=[32m"fixed left-[50%] top-[50%] z-50 grid w-full translate-x-[-50%] translate-y-[-50%] gap-4 border bg-background p-6 shadow-lg duration-200 data-[state=open]:animate-in data-[state=closed]:animate-out data-[state=closed]:fade-out-0 data-[state=open]:fade-in-0 data-[state=closed]:zoom-out-95 data-[state=open]:zoom-in-95 data-[state=closed]:slide-out-to-left-1/2 data-[state=closed]:slide-out-to-top-[48%] data-[state=open]:slide-in-from-left-1/2 data-[state=open]:slide-in-from-top-[48%] sm:rounded-lg max-w-5xl"[31m
    [33mdata-state[31m=[32m"open"[31m
    [33mid[31m=[32m"radix-_r_f_"[31m
    [33mrole[31m=[32m"dialog"[31m
    [33mstyle[31m=[32m"pointer-events: auto;"[31m
    [33mtabindex[31m=[32m"-1"[31m
  [36m>[31m
    [36m<div[31m
      [33mclass[31m=[32m"flex items-center justify-center py-16"[31m
    [36m>[31m
      [36m<div[31m
        [33mclass[31m=[32m"animate-spin rounded-full h-10 w-10 border-b-2 border-green-600"[31m
      [36m/>[31m
    [36m</div>[31m
    [36m<button[31m
      [33mclass[31m=[32m"absolute right-4 top-4 rounded-sm opacity-70 ring-offset-background transition-opacity hover:opacity-100 focus:outline-none focus:ring-2 focus:ring-ring focus:ring-offset-2 disabled:pointer-events-none data-[state=open]:bg-accent data-[state=open]:text-muted-foreground"[31m
      [33mtype[31m=[32m"button"[31m
    [36m>[31m
      [36m<svg[31m
        [33maria-hidden[31m=[32m"true"[31m
        [33mclass[31m=[32m"lucide lucide-x h-4 w-4"[31m
        [33mfill[31m=[32m"none"[31m
        [33mheight[31m=[32m"24"[31m
        [33mstroke[31m=[32m"currentColor"[31m
        [33mstroke-linecap[31m=[32m"round"[31m
        [33mstroke-linejoin[31m=[32m"round"[31m
        [33mstroke-width[31m=[32m"2"[31m
        [33mviewBox[31m=[32m"0 0 24 24"[31m
        [33mwidth[31m=[32m"24"[31m
        [33mxmlns[31m=[32m"http://www.w3.org/2000/svg"[31m
      [36m>[31m
        [36m<path[31m
          [33md[31m=[32m"M18 6 6 18"[31m
        [36m/>[31m
        [36m<path[31m
          [33md[31m=[32m"m6 6 12 12"[31m
        [36m/>[31m
      [36m</svg>[31m
      [36m<span[31m
        [33mclass[31m=[32m"sr-only"[31m
      [36m>[31m
        [0mClose[0m
      [36m</span>[31m
    [36m</button>[31m
  [36m</div>[31m
  [36m<span[31m
    [33maria-hidden[31m=[32m"true"[31m
    [33mdata-aria-hidden[31m=[32m"true"[31m
    [33mdata-radix-focus-guard[31m=[32m""[31m
    [33mstyle[31m=[32m"outline: none; opacity: 0; position: fixed; pointer-events: none;"[31m
    [33mtabindex[31m=[32m"0"[31m
  [36m/>[31m
[36m</body>[31m[39m
[31m   [31m├ù[31m AdminRefurbishmentReviewModal Component[2m > [22mTab 2: Admin Package Selection[2m > [22mshould display all packages for current course with checkboxes[90m 35[2mms[22m[31m[39m
[31m     ΓåÆ Unable to find an element with the text: /Admin.*Package/i. This could be because the text is broken up by multiple elements. In this case, you can provide a function for your text matcher to make your matcher more flexible.

Ignored nodes: comments, script, style
[36m<body[31m
  [33mdata-scroll-locked[31m=[32m"1"[31m
  [33mstyle[31m=[32m"pointer-events: none;"[31m
[36m>[31m
  [36m<span[31m
    [33maria-hidden[31m=[32m"true"[31m
    [33mdata-aria-hidden[31m=[32m"true"[31m
    [33mdata-radix-focus-guard[31m=[32m""[31m
    [33mstyle[31m=[32m"outline: none; opacity: 0; position: fixed; pointer-events: none;"[31m
    [33mtabindex[31m=[32m"0"[31m
  [36m/>[31m
  [36m<div[31m
    [33maria-hidden[31m=[32m"true"[31m
    [33mdata-aria-hidden[31m=[32m"true"[31m
  [36m/>[31m
  [36m<div[31m
    [33maria-hidden[31m=[32m"true"[31m
    [33mclass[31m=[32m"fixed inset-0 z-50 bg-black/80 data-[state=open]:animate-in data-[state=closed]:animate-out data-[state=closed]:fade-out-0 data-[state=open]:fade-in-0"[31m
    [33mdata-aria-hidden[31m=[32m"true"[31m
    [33mdata-state[31m=[32m"open"[31m
    [33mstyle[31m=[32m"pointer-events: auto;"[31m
  [36m/>[31m
  [36m<div[31m
    [33maria-describedby[31m=[32m"radix-_r_k_"[31m
    [33maria-labelledby[31m=[32m"radix-_r_j_"[31m
    [33mclass[31m=[32m"fixed left-[50%] top-[50%] z-50 grid w-full translate-x-[-50%] translate-y-[-50%] gap-4 border bg-background p-6 shadow-lg duration-200 data-[state=open]:animate-in data-[state=closed]:animate-out data-[state=closed]:fade-out-0 data-[state=open]:fade-in-0 data-[state=closed]:zoom-out-95 data-[state=open]:zoom-in-95 data-[state=closed]:slide-out-to-left-1/2 data-[state=closed]:slide-out-to-top-[48%] data-[state=open]:slide-in-from-left-1/2 data-[state=open]:slide-in-from-top-[48%] sm:rounded-lg max-w-5xl"[31m
    [33mdata-state[31m=[32m"open"[31m
    [33mid[31m=[32m"radix-_r_i_"[31m
    [33mrole[31m=[32m"dialog"[31m
    [33mstyle[31m=[32m"pointer-events: auto;"[31m
    [33mtabindex[31m=[32m"-1"[31m
  [36m>[31m
    [36m<div[31m
      [33mclass[31m=[32m"flex items-center justify-center py-16"[31m
    [36m>[31m
      [36m<div[31m
        [33mclass[31m=[32m"animate-spin rounded-full h-10 w-10 border-b-2 border-green-600"[31m
      [36m/>[31m
    [36m</div>[31m
    [36m<button[31m
      [33mclass[31m=[32m"absolute right-4 top-4 rounded-sm opacity-70 ring-offset-background transition-opacity hover:opacity-100 focus:outline-none focus:ring-2 focus:ring-ring focus:ring-offset-2 disabled:pointer-events-none data-[state=open]:bg-accent data-[state=open]:text-muted-foreground"[31m
      [33mtype[31m=[32m"button"[31m
    [36m>[31m
      [36m<svg[31m
        [33maria-hidden[31m=[32m"true"[31m
        [33mclass[31m=[32m"lucide lucide-x h-4 w-4"[31m
        [33mfill[31m=[32m"none"[31m
        [33mheight[31m=[32m"24"[31m
        [33mstroke[31m=[32m"currentColor"[31m
        [33mstroke-linecap[31m=[32m"round"[31m
        [33mstroke-linejoin[31m=[32m"round"[31m
        [33mstroke-width[31m=[32m"2"[31m
        [33mviewBox[31m=[32m"0 0 24 24"[31m
        [33mwidth[31m=[32m"24"[31m
        [33mxmlns[31m=[32m"http://www.w3.org/2000/svg"[31m
      [36m>[31m
        [36m<path[31m
          [33md[31m=[32m"M18 6 6 18"[31m
        [36m/>[31m
        [36m<path[31m
          [33md[31m=[32m"m6 6 12 12"[31m
        [36m/>[31m
      [36m</svg>[31m
      [36m<span[31m
        [33mclass[31m=[32m"sr-only"[31m
      [36m>[31m
        [0mClose[0m
      [36m</span>[31m
    [36m</button>[31m
  [36m</div>[31m
  [36m<span[31m
    [33maria-hidden[31m=[32m"true"[31m
    [33mdata-aria-hidden[31m=[32m"true"[31m
    [33mdata-radix-focus-guard[31m=[32m""[31m
    [33mstyle[31m=[32m"outline: none; opacity: 0; position: fixed; pointer-events: none;"[31m
    [33mtabindex[31m=[32m"0"[31m
  [36m/>[31m
[36m</body>[31m[39m
[31m   [31m├ù[31m AdminRefurbishmentReviewModal Component[2m > [22mTab 2: Admin Package Selection[2m > [22mshould show "Partner Selected" badge for partner-selected packages[90m 31[2mms[22m[31m[39m
[31m     ΓåÆ Unable to find an element with the text: /Admin.*Package/i. This could be because the text is broken up by multiple elements. In this case, you can provide a function for your text matcher to make your matcher more flexible.

Ignored nodes: comments, script, style
[36m<body[31m
  [33mdata-scroll-locked[31m=[32m"1"[31m
  [33mstyle[31m=[32m"pointer-events: none;"[31m
[36m>[31m
  [36m<span[31m
    [33maria-hidden[31m=[32m"true"[31m
    [33mdata-aria-hidden[31m=[32m"true"[31m
    [33mdata-radix-focus-guard[31m=[32m""[31m
    [33mstyle[31m=[32m"outline: none; opacity: 0; position: fixed; pointer-events: none;"[31m
    [33mtabindex[31m=[32m"0"[31m
  [36m/>[31m
  [36m<div[31m
    [33maria-hidden[31m=[32m"true"[31m
    [33mdata-aria-hidden[31m=[32m"true"[31m
  [36m/>[31m
  [36m<div[31m
    [33maria-hidden[31m=[32m"true"[31m
    [33mclass[31m=[32m"fixed inset-0 z-50 bg-black/80 data-[state=open]:animate-in data-[state=closed]:animate-out data-[state=closed]:fade-out-0 data-[state=open]:fade-in-0"[31m
    [33mdata-aria-hidden[31m=[32m"true"[31m
    [33mdata-state[31m=[32m"open"[31m
    [33mstyle[31m=[32m"pointer-events: auto;"[31m
  [36m/>[31m
  [36m<div[31m
    [33maria-describedby[31m=[32m"radix-_r_n_"[31m
    [33maria-labelledby[31m=[32m"radix-_r_m_"[31m
    [33mclass[31m=[32m"fixed left-[50%] top-[50%] z-50 grid w-full translate-x-[-50%] translate-y-[-50%] gap-4 border bg-background p-6 shadow-lg duration-200 data-[state=open]:animate-in data-[state=closed]:animate-out data-[state=closed]:fade-out-0 data-[state=open]:fade-in-0 data-[state=closed]:zoom-out-95 data-[state=open]:zoom-in-95 data-[state=closed]:slide-out-to-left-1/2 data-[state=closed]:slide-out-to-top-[48%] data-[state=open]:slide-in-from-left-1/2 data-[state=open]:slide-in-from-top-[48%] sm:rounded-lg max-w-5xl"[31m
    [33mdata-state[31m=[32m"open"[31m
    [33mid[31m=[32m"radix-_r_l_"[31m
    [33mrole[31m=[32m"dialog"[31m
    [33mstyle[31m=[32m"pointer-events: auto;"[31m
    [33mtabindex[31m=[32m"-1"[31m
  [36m>[31m
    [36m<div[31m
      [33mclass[31m=[32m"flex items-center justify-center py-16"[31m
    [36m>[31m
      [36m<div[31m
        [33mclass[31m=[32m"animate-spin rounded-full h-10 w-10 border-b-2 border-green-600"[31m
      [36m/>[31m
    [36m</div>[31m
    [36m<button[31m
      [33mclass[31m=[32m"absolute right-4 top-4 rounded-sm opacity-70 ring-offset-background transition-opacity hover:opacity-100 focus:outline-none focus:ring-2 focus:ring-ring focus:ring-offset-2 disabled:pointer-events-none data-[state=open]:bg-accent data-[state=open]:text-muted-foreground"[31m
      [33mtype[31m=[32m"button"[31m
    [36m>[31m
      [36m<svg[31m
        [33maria-hidden[31m=[32m"true"[31m
        [33mclass[31m=[32m"lucide lucide-x h-4 w-4"[31m
        [33mfill[31m=[32m"none"[31m
        [33mheight[31m=[32m"24"[31m
        [33mstroke[31m=[32m"currentColor"[31m
        [33mstroke-linecap[31m=[32m"round"[31m
        [33mstroke-linejoin[31m=[32m"round"[31m
        [33mstroke-width[31m=[32m"2"[31m
        [33mviewBox[31m=[32m"0 0 24 24"[31m
        [33mwidth[31m=[32m"24"[31m
        [33mxmlns[31m=[32m"http://www.w3.org/2000/svg"[31m
      [36m>[31m
        [36m<path[31m
          [33md[31m=[32m"M18 6 6 18"[31m
        [36m/>[31m
        [36m<path[31m
          [33md[31m=[32m"m6 6 12 12"[31m
        [36m/>[31m
      [36m</svg>[31m
      [36m<span[31m
        [33mclass[31m=[32m"sr-only"[31m
      [36m>[31m
        [0mClose[0m
      [36m</span>[31m
    [36m</button>[31m
  [36m</div>[31m
  [36m<span[31m
    [33maria-hidden[31m=[32m"true"[31m
    [33mdata-aria-hidden[31m=[32m"true"[31m
    [33mdata-radix-focus-guard[31m=[32m""[31m
    [33mstyle[31m=[32m"outline: none; opacity: 0; position: fixed; pointer-events: none;"[31m
    [33mtabindex[31m=[32m"0"[31m
  [36m/>[31m
[36m</body>[31m[39m
[31m   [31m├ù[31m AdminRefurbishmentReviewModal Component[2m > [22mTab 2: Admin Package Selection[2m > [22mshould allow admin to uncheck partner-selected packages[90m 37[2mms[22m[31m[39m
[31m     ΓåÆ Unable to find an element with the text: /Admin.*Package/i. This could be because the text is broken up by multiple elements. In this case, you can provide a function for your text matcher to make your matcher more flexible.

Ignored nodes: comments, script, style
[36m<body[31m
  [33mdata-scroll-locked[31m=[32m"1"[31m
  [33mstyle[31m=[32m"pointer-events: none;"[31m
[36m>[31m
  [36m<span[31m
    [33maria-hidden[31m=[32m"true"[31m
    [33mdata-aria-hidden[31m=[32m"true"[31m
    [33mdata-radix-focus-guard[31m=[32m""[31m
    [33mstyle[31m=[32m"outline: none; opacity: 0; position: fixed; pointer-events: none;"[31m
    [33mtabindex[31m=[32m"0"[31m
  [36m/>[31m
  [36m<div[31m
    [33maria-hidden[31m=[32m"true"[31m
    [33mdata-aria-hidden[31m=[32m"true"[31m
  [36m/>[31m
  [36m<div[31m
    [33maria-hidden[31m=[32m"true"[31m
    [33mclass[31m=[32m"fixed inset-0 z-50 bg-black/80 data-[state=open]:animate-in data-[state=closed]:animate-out data-[state=closed]:fade-out-0 data-[state=open]:fade-in-0"[31m
    [33mdata-aria-hidden[31m=[32m"true"[31m
    [33mdata-state[31m=[32m"open"[31m
    [33mstyle[31m=[32m"pointer-events: auto;"[31m
  [36m/>[31m
  [36m<div[31m
    [33maria-describedby[31m=[32m"radix-_r_q_"[31m
    [33maria-labelledby[31m=[32m"radix-_r_p_"[31m
    [33mclass[31m=[32m"fixed left-[50%] top-[50%] z-50 grid w-full translate-x-[-50%] translate-y-[-50%] gap-4 border bg-background p-6 shadow-lg duration-200 data-[state=open]:animate-in data-[state=closed]:animate-out data-[state=closed]:fade-out-0 data-[state=open]:fade-in-0 data-[state=closed]:zoom-out-95 data-[state=open]:zoom-in-95 data-[state=closed]:slide-out-to-left-1/2 data-[state=closed]:slide-out-to-top-[48%] data-[state=open]:slide-in-from-left-1/2 data-[state=open]:slide-in-from-top-[48%] sm:rounded-lg max-w-5xl"[31m
    [33mdata-state[31m=[32m"open"[31m
    [33mid[31m=[32m"radix-_r_o_"[31m
    [33mrole[31m=[32m"dialog"[31m
    [33mstyle[31m=[32m"pointer-events: auto;"[31m
    [33mtabindex[31m=[32m"-1"[31m
  [36m>[31m
    [36m<div[31m
      [33mclass[31m=[32m"flex items-center justify-center py-16"[31m
    [36m>[31m
      [36m<div[31m
        [33mclass[31m=[32m"animate-spin rounded-full h-10 w-10 border-b-2 border-green-600"[31m
      [36m/>[31m
    [36m</div>[31m
    [36m<button[31m
      [33mclass[31m=[32m"absolute right-4 top-4 rounded-sm opacity-70 ring-offset-background transition-opacity hover:opacity-100 focus:outline-none focus:ring-2 focus:ring-ring focus:ring-offset-2 disabled:pointer-events-none data-[state=open]:bg-accent data-[state=open]:text-muted-foreground"[31m
      [33mtype[31m=[32m"button"[31m
    [36m>[31m
      [36m<svg[31m
        [33maria-hidden[31m=[32m"true"[31m
        [33mclass[31m=[32m"lucide lucide-x h-4 w-4"[31m
        [33mfill[31m=[32m"none"[31m
        [33mheight[31m=[32m"24"[31m
        [33mstroke[31m=[32m"currentColor"[31m
        [33mstroke-linecap[31m=[32m"round"[31m
        [33mstroke-linejoin[31m=[32m"round"[31m
        [33mstroke-width[31m=[32m"2"[31m
        [33mviewBox[31m=[32m"0 0 24 24"[31m
        [33mwidth[31m=[32m"24"[31m
        [33mxmlns[31m=[32m"http://www.w3.org/2000/svg"[31m
      [36m>[31m
        [36m<path[31m
          [33md[31m=[32m"M18 6 6 18"[31m
        [36m/>[31m
        [36m<path[31m
          [33md[31m=[32m"m6 6 12 12"[31m
        [36m/>[31m
      [36m</svg>[31m
      [36m<span[31m
        [33mclass[31m=[32m"sr-only"[31m
      [36m>[31m
        [0mClose[0m
      [36m</span>[31m
    [36m</button>[31m
  [36m</div>[31m
  [36m<span[31m
    [33maria-hidden[31m=[32m"true"[31m
    [33mdata-aria-hidden[31m=[32m"true"[31m
    [33mdata-radix-focus-guard[31m=[32m""[31m
    [33mstyle[31m=[32m"outline: none; opacity: 0; position: fixed; pointer-events: none;"[31m
    [33mtabindex[31m=[32m"0"[31m
  [36m/>[31m
[36m</body>[31m[39m
[31m   [31m├ù[31m AdminRefurbishmentReviewModal Component[2m > [22mTab 2: Admin Package Selection[2m > [22mshould navigate between courses with Previous/Next buttons[90m 35[2mms[22m[31m[39m
[31m     ΓåÆ Unable to find an element with the text: /Admin.*Package/i. This could be because the text is broken up by multiple elements. In this case, you can provide a function for your text matcher to make your matcher more flexible.

Ignored nodes: comments, script, style
[36m<body[31m
  [33mdata-scroll-locked[31m=[32m"1"[31m
  [33mstyle[31m=[32m"pointer-events: none;"[31m
[36m>[31m
  [36m<span[31m
    [33maria-hidden[31m=[32m"true"[31m
    [33mdata-aria-hidden[31m=[32m"true"[31m
    [33mdata-radix-focus-guard[31m=[32m""[31m
    [33mstyle[31m=[32m"outline: none; opacity: 0; position: fixed; pointer-events: none;"[31m
    [33mtabindex[31m=[32m"0"[31m
  [36m/>[31m
  [36m<div[31m
    [33maria-hidden[31m=[32m"true"[31m
    [33mdata-aria-hidden[31m=[32m"true"[31m
  [36m/>[31m
  [36m<div[31m
    [33maria-hidden[31m=[32m"true"[31m
    [33mclass[31m=[32m"fixed inset-0 z-50 bg-black/80 data-[state=open]:animate-in data-[state=closed]:animate-out data-[state=closed]:fade-out-0 data-[state=open]:fade-in-0"[31m
    [33mdata-aria-hidden[31m=[32m"true"[31m
    [33mdata-state[31m=[32m"open"[31m
    [33mstyle[31m=[32m"pointer-events: auto;"[31m
  [36m/>[31m
  [36m<div[31m
    [33maria-describedby[31m=[32m"radix-_r_t_"[31m
    [33maria-labelledby[31m=[32m"radix-_r_s_"[31m
    [33mclass[31m=[32m"fixed left-[50%] top-[50%] z-50 grid w-full translate-x-[-50%] translate-y-[-50%] gap-4 border bg-background p-6 shadow-lg duration-200 data-[state=open]:animate-in data-[state=closed]:animate-out data-[state=closed]:fade-out-0 data-[state=open]:fade-in-0 data-[state=closed]:zoom-out-95 data-[state=open]:zoom-in-95 data-[state=closed]:slide-out-to-left-1/2 data-[state=closed]:slide-out-to-top-[48%] data-[state=open]:slide-in-from-left-1/2 data-[state=open]:slide-in-from-top-[48%] sm:rounded-lg max-w-5xl"[31m
    [33mdata-state[31m=[32m"open"[31m
    [33mid[31m=[32m"radix-_r_r_"[31m
    [33mrole[31m=[32m"dialog"[31m
    [33mstyle[31m=[32m"pointer-events: auto;"[31m
    [33mtabindex[31m=[32m"-1"[31m
  [36m>[31m
    [36m<div[31m
      [33mclass[31m=[32m"flex items-center justify-center py-16"[31m
    [36m>[31m
      [36m<div[31m
        [33mclass[31m=[32m"animate-spin rounded-full h-10 w-10 border-b-2 border-green-600"[31m
      [36m/>[31m
    [36m</div>[31m
    [36m<button[31m
      [33mclass[31m=[32m"absolute right-4 top-4 rounded-sm opacity-70 ring-offset-background transition-opacity hover:opacity-100 focus:outline-none focus:ring-2 focus:ring-ring focus:ring-offset-2 disabled:pointer-events-none data-[state=open]:bg-accent data-[state=open]:text-muted-foreground"[31m
      [33mtype[31m=[32m"button"[31m
    [36m>[31m
      [36m<svg[31m
        [33maria-hidden[31m=[32m"true"[31m
        [33mclass[31m=[32m"lucide lucide-x h-4 w-4"[31m
        [33mfill[31m=[32m"none"[31m
        [33mheight[31m=[32m"24"[31m
        [33mstroke[31m=[32m"currentColor"[31m
        [33mstroke-linecap[31m=[32m"round"[31m
        [33mstroke-linejoin[31m=[32m"round"[31m
        [33mstroke-width[31m=[32m"2"[31m
        [33mviewBox[31m=[32m"0 0 24 24"[31m
        [33mwidth[31m=[32m"24"[31m
        [33mxmlns[31m=[32m"http://www.w3.org/2000/svg"[31m
      [36m>[31m
        [36m<path[31m
          [33md[31m=[32m"M18 6 6 18"[31m
        [36m/>[31m
        [36m<path[31m
          [33md[31m=[32m"m6 6 12 12"[31m
        [36m/>[31m
      [36m</svg>[31m
      [36m<span[31m
        [33mclass[31m=[32m"sr-only"[31m
      [36m>[31m
        [0mClose[0m
      [36m</span>[31m
    [36m</button>[31m
  [36m</div>[31m
  [36m<span[31m
    [33maria-hidden[31m=[32m"true"[31m
    [33mdata-aria-hidden[31m=[32m"true"[31m
    [33mdata-radix-focus-guard[31m=[32m""[31m
    [33mstyle[31m=[32m"outline: none; opacity: 0; position: fixed; pointer-events: none;"[31m
    [33mtabindex[31m=[32m"0"[31m
  [36m/>[31m
[36m</body>[31m[39m
[31m   [31m├ù[31m AdminRefurbishmentReviewModal Component[2m > [22mTab 2: Admin Package Selection[2m > [22mshould disable Previous button on first course[90m 34[2mms[22m[31m[39m
[31m     ΓåÆ Unable to find an element with the text: /Admin.*Package/i. This could be because the text is broken up by multiple elements. In this case, you can provide a function for your text matcher to make your matcher more flexible.

Ignored nodes: comments, script, style
[36m<body[31m
  [33mdata-scroll-locked[31m=[32m"1"[31m
  [33mstyle[31m=[32m"pointer-events: none;"[31m
[36m>[31m
  [36m<span[31m
    [33maria-hidden[31m=[32m"true"[31m
    [33mdata-aria-hidden[31m=[32m"true"[31m
    [33mdata-radix-focus-guard[31m=[32m""[31m
    [33mstyle[31m=[32m"outline: none; opacity: 0; position: fixed; pointer-events: none;"[31m
    [33mtabindex[31m=[32m"0"[31m
  [36m/>[31m
  [36m<div[31m
    [33maria-hidden[31m=[32m"true"[31m
    [33mdata-aria-hidden[31m=[32m"true"[31m
  [36m/>[31m
  [36m<div[31m
    [33maria-hidden[31m=[32m"true"[31m
    [33mclass[31m=[32m"fixed inset-0 z-50 bg-black/80 data-[state=open]:animate-in data-[state=closed]:animate-out data-[state=closed]:fade-out-0 data-[state=open]:fade-in-0"[31m
    [33mdata-aria-hidden[31m=[32m"true"[31m
    [33mdata-state[31m=[32m"open"[31m
    [33mstyle[31m=[32m"pointer-events: auto;"[31m
  [36m/>[31m
  [36m<div[31m
    [33maria-describedby[31m=[32m"radix-_r_10_"[31m
    [33maria-labelledby[31m=[32m"radix-_r_v_"[31m
    [33mclass[31m=[32m"fixed left-[50%] top-[50%] z-50 grid w-full translate-x-[-50%] translate-y-[-50%] gap-4 border bg-background p-6 shadow-lg duration-200 data-[state=open]:animate-in data-[state=closed]:animate-out data-[state=closed]:fade-out-0 data-[state=open]:fade-in-0 data-[state=closed]:zoom-out-95 data-[state=open]:zoom-in-95 data-[state=closed]:slide-out-to-left-1/2 data-[state=closed]:slide-out-to-top-[48%] data-[state=open]:slide-in-from-left-1/2 data-[state=open]:slide-in-from-top-[48%] sm:rounded-lg max-w-5xl"[31m
    [33mdata-state[31m=[32m"open"[31m
    [33mid[31m=[32m"radix-_r_u_"[31m
    [33mrole[31m=[32m"dialog"[31m
    [33mstyle[31m=[32m"pointer-events: auto;"[31m
    [33mtabindex[31m=[32m"-1"[31m
  [36m>[31m
    [36m<div[31m
      [33mclass[31m=[32m"flex items-center justify-center py-16"[31m
    [36m>[31m
      [36m<div[31m
        [33mclass[31m=[32m"animate-spin rounded-full h-10 w-10 border-b-2 border-green-600"[31m
      [36m/>[31m
    [36m</div>[31m
    [36m<button[31m
      [33mclass[31m=[32m"absolute right-4 top-4 rounded-sm opacity-70 ring-offset-background transition-opacity hover:opacity-100 focus:outline-none focus:ring-2 focus:ring-ring focus:ring-offset-2 disabled:pointer-events-none data-[state=open]:bg-accent data-[state=open]:text-muted-foreground"[31m
      [33mtype[31m=[32m"button"[31m
    [36m>[31m
      [36m<svg[31m
        [33maria-hidden[31m=[32m"true"[31m
        [33mclass[31m=[32m"lucide lucide-x h-4 w-4"[31m
        [33mfill[31m=[32m"none"[31m
        [33mheight[31m=[32m"24"[31m
        [33mstroke[31m=[32m"currentColor"[31m
        [33mstroke-linecap[31m=[32m"round"[31m
        [33mstroke-linejoin[31m=[32m"round"[31m
        [33mstroke-width[31m=[32m"2"[31m
        [33mviewBox[31m=[32m"0 0 24 24"[31m
        [33mwidth[31m=[32m"24"[31m
        [33mxmlns[31m=[32m"http://www.w3.org/2000/svg"[31m
      [36m>[31m
        [36m<path[31m
          [33md[31m=[32m"M18 6 6 18"[31m
        [36m/>[31m
        [36m<path[31m
          [33md[31m=[32m"m6 6 12 12"[31m
        [36m/>[31m
      [36m</svg>[31m
      [36m<span[31m
        [33mclass[31m=[32m"sr-only"[31m
      [36m>[31m
        [0mClose[0m
      [36m</span>[31m
    [36m</button>[31m
  [36m</div>[31m
  [36m<span[31m
    [33maria-hidden[31m=[32m"true"[31m
    [33mdata-aria-hidden[31m=[32m"true"[31m
    [33mdata-radix-focus-guard[31m=[32m""[31m
    [33mstyle[31m=[32m"outline: none; opacity: 0; position: fixed; pointer-events: none;"[31m
    [33mtabindex[31m=[32m"0"[31m
  [36m/>[31m
[36m</body>[31m[39m
[31m   [31m├ù[31m AdminRefurbishmentReviewModal Component[2m > [22mTab 2: Admin Package Selection[2m > [22mshould disable Next button on last course[90m 31[2mms[22m[31m[39m
[31m     ΓåÆ Unable to find an element with the text: /Admin.*Package/i. This could be because the text is broken up by multiple elements. In this case, you can provide a function for your text matcher to make your matcher more flexible.

Ignored nodes: comments, script, style
[36m<body[31m
  [33mdata-scroll-locked[31m=[32m"1"[31m
  [33mstyle[31m=[32m"pointer-events: none;"[31m
[36m>[31m
  [36m<span[31m
    [33maria-hidden[31m=[32m"true"[31m
    [33mdata-aria-hidden[31m=[32m"true"[31m
    [33mdata-radix-focus-guard[31m=[32m""[31m
    [33mstyle[31m=[32m"outline: none; opacity: 0; position: fixed; pointer-events: none;"[31m
    [33mtabindex[31m=[32m"0"[31m
  [36m/>[31m
  [36m<div[31m
    [33maria-hidden[31m=[32m"true"[31m
    [33mdata-aria-hidden[31m=[32m"true"[31m
  [36m/>[31m
  [36m<div[31m
    [33maria-hidden[31m=[32m"true"[31m
    [33mclass[31m=[32m"fixed inset-0 z-50 bg-black/80 data-[state=open]:animate-in data-[state=closed]:animate-out data-[state=closed]:fade-out-0 data-[state=open]:fade-in-0"[31m
    [33mdata-aria-hidden[31m=[32m"true"[31m
    [33mdata-state[31m=[32m"open"[31m
    [33mstyle[31m=[32m"pointer-events: auto;"[31m
  [36m/>[31m
  [36m<div[31m
    [33maria-describedby[31m=[32m"radix-_r_13_"[31m
    [33maria-labelledby[31m=[32m"radix-_r_12_"[31m
    [33mclass[31m=[32m"fixed left-[50%] top-[50%] z-50 grid w-full translate-x-[-50%] translate-y-[-50%] gap-4 border bg-background p-6 shadow-lg duration-200 data-[state=open]:animate-in data-[state=closed]:animate-out data-[state=closed]:fade-out-0 data-[state=open]:fade-in-0 data-[state=closed]:zoom-out-95 data-[state=open]:zoom-in-95 data-[state=closed]:slide-out-to-left-1/2 data-[state=closed]:slide-out-to-top-[48%] data-[state=open]:slide-in-from-left-1/2 data-[state=open]:slide-in-from-top-[48%] sm:rounded-lg max-w-5xl"[31m
    [33mdata-state[31m=[32m"open"[31m
    [33mid[31m=[32m"radix-_r_11_"[31m
    [33mrole[31m=[32m"dialog"[31m
    [33mstyle[31m=[32m"pointer-events: auto;"[31m
    [33mtabindex[31m=[32m"-1"[31m
  [36m>[31m
    [36m<div[31m
      [33mclass[31m=[32m"flex items-center justify-center py-16"[31m
    [36m>[31m
      [36m<div[31m
        [33mclass[31m=[32m"animate-spin rounded-full h-10 w-10 border-b-2 border-green-600"[31m
      [36m/>[31m
    [36m</div>[31m
    [36m<button[31m
      [33mclass[31m=[32m"absolute right-4 top-4 rounded-sm opacity-70 ring-offset-background transition-opacity hover:opacity-100 focus:outline-none focus:ring-2 focus:ring-ring focus:ring-offset-2 disabled:pointer-events-none data-[state=open]:bg-accent data-[state=open]:text-muted-foreground"[31m
      [33mtype[31m=[32m"button"[31m
    [36m>[31m
      [36m<svg[31m
        [33maria-hidden[31m=[32m"true"[31m
        [33mclass[31m=[32m"lucide lucide-x h-4 w-4"[31m
        [33mfill[31m=[32m"none"[31m
        [33mheight[31m=[32m"24"[31m
        [33mstroke[31m=[32m"currentColor"[31m
        [33mstroke-linecap[31m=[32m"round"[31m
        [33mstroke-linejoin[31m=[32m"round"[31m
        [33mstroke-width[31m=[32m"2"[31m
        [33mviewBox[31m=[32m"0 0 24 24"[31m
        [33mwidth[31m=[32m"24"[31m
        [33mxmlns[31m=[32m"http://www.w3.org/2000/svg"[31m
      [36m>[31m
        [36m<path[31m
          [33md[31m=[32m"M18 6 6 18"[31m
        [36m/>[31m
        [36m<path[31m
          [33md[31m=[32m"m6 6 12 12"[31m
        [36m/>[31m
      [36m</svg>[31m
      [36m<span[31m
        [33mclass[31m=[32m"sr-only"[31m
      [36m>[31m
        [0mClose[0m
      [36m</span>[31m
    [36m</button>[31m
  [36m</div>[31m
  [36m<span[31m
    [33maria-hidden[31m=[32m"true"[31m
    [33mdata-aria-hidden[31m=[32m"true"[31m
    [33mdata-radix-focus-guard[31m=[32m""[31m
    [33mstyle[31m=[32m"outline: none; opacity: 0; position: fixed; pointer-events: none;"[31m
    [33mtabindex[31m=[32m"0"[31m
  [36m/>[31m
[36m</body>[31m[39m
[31m   [31m├ù[31m AdminRefurbishmentReviewModal Component[2m > [22mTab 2: Admin Package Selection[2m > [22mshould call API to save admin package selections[90m 34[2mms[22m[31m[39m
[31m     ΓåÆ Unable to find an element with the text: /Admin.*Package/i. This could be because the text is broken up by multiple elements. In this case, you can provide a function for your text matcher to make your matcher more flexible.

Ignored nodes: comments, script, style
[36m<body[31m
  [33mdata-scroll-locked[31m=[32m"1"[31m
  [33mstyle[31m=[32m"pointer-events: none;"[31m
[36m>[31m
  [36m<span[31m
    [33maria-hidden[31m=[32m"true"[31m
    [33mdata-aria-hidden[31m=[32m"true"[31m
    [33mdata-radix-focus-guard[31m=[32m""[31m
    [33mstyle[31m=[32m"outline: none; opacity: 0; position: fixed; pointer-events: none;"[31m
    [33mtabindex[31m=[32m"0"[31m
  [36m/>[31m
  [36m<div[31m
    [33maria-hidden[31m=[32m"true"[31m
    [33mdata-aria-hidden[31m=[32m"true"[31m
  [36m/>[31m
  [36m<div[31m
    [33maria-hidden[31m=[32m"true"[31m
    [33mclass[31m=[32m"fixed inset-0 z-50 bg-black/80 data-[state=open]:animate-in data-[state=closed]:animate-out data-[state=closed]:fade-out-0 data-[state=open]:fade-in-0"[31m
    [33mdata-aria-hidden[31m=[32m"true"[31m
    [33mdata-state[31m=[32m"open"[31m
    [33mstyle[31m=[32m"pointer-events: auto;"[31m
  [36m/>[31m
  [36m<div[31m
    [33maria-describedby[31m=[32m"radix-_r_16_"[31m
    [33maria-labelledby[31m=[32m"radix-_r_15_"[31m
    [33mclass[31m=[32m"fixed left-[50%] top-[50%] z-50 grid w-full translate-x-[-50%] translate-y-[-50%] gap-4 border bg-background p-6 shadow-lg duration-200 data-[state=open]:animate-in data-[state=closed]:animate-out data-[state=closed]:fade-out-0 data-[state=open]:fade-in-0 data-[state=closed]:zoom-out-95 data-[state=open]:zoom-in-95 data-[state=closed]:slide-out-to-left-1/2 data-[state=closed]:slide-out-to-top-[48%] data-[state=open]:slide-in-from-left-1/2 data-[state=open]:slide-in-from-top-[48%] sm:rounded-lg max-w-5xl"[31m
    [33mdata-state[31m=[32m"open"[31m
    [33mid[31m=[32m"radix-_r_14_"[31m
    [33mrole[31m=[32m"dialog"[31m
    [33mstyle[31m=[32m"pointer-events: auto;"[31m
    [33mtabindex[31m=[32m"-1"[31m
  [36m>[31m
    [36m<div[31m
      [33mclass[31m=[32m"flex items-center justify-center py-16"[31m
    [36m>[31m
      [36m<div[31m
        [33mclass[31m=[32m"animate-spin rounded-full h-10 w-10 border-b-2 border-green-600"[31m
      [36m/>[31m
    [36m</div>[31m
    [36m<button[31m
      [33mclass[31m=[32m"absolute right-4 top-4 rounded-sm opacity-70 ring-offset-background transition-opacity hover:opacity-100 focus:outline-none focus:ring-2 focus:ring-ring focus:ring-offset-2 disabled:pointer-events-none data-[state=open]:bg-accent data-[state=open]:text-muted-foreground"[31m
      [33mtype[31m=[32m"button"[31m
    [36m>[31m
      [36m<svg[31m
        [33maria-hidden[31m=[32m"true"[31m
        [33mclass[31m=[32m"lucide lucide-x h-4 w-4"[31m
        [33mfill[31m=[32m"none"[31m
        [33mheight[31m=[32m"24"[31m
        [33mstroke[31m=[32m"currentColor"[31m
        [33mstroke-linecap[31m=[32m"round"[31m
        [33mstroke-linejoin[31m=[32m"round"[31m
        [33mstroke-width[31m=[32m"2"[31m
        [33mviewBox[31m=[32m"0 0 24 24"[31m
        [33mwidth[31m=[32m"24"[31m
        [33mxmlns[31m=[32m"http://www.w3.org/2000/svg"[31m
      [36m>[31m
        [36m<path[31m
          [33md[31m=[32m"M18 6 6 18"[31m
        [36m/>[31m
        [36m<path[31m
          [33md[31m=[32m"m6 6 12 12"[31m
        [36m/>[31m
      [36m</svg>[31m
      [36m<span[31m
        [33mclass[31m=[32m"sr-only"[31m
      [36m>[31m
        [0mClose[0m
      [36m</span>[31m
    [36m</button>[31m
  [36m</div>[31m
  [36m<span[31m
    [33maria-hidden[31m=[32m"true"[31m
    [33mdata-aria-hidden[31m=[32m"true"[31m
    [33mdata-radix-focus-guard[31m=[32m""[31m
    [33mstyle[31m=[32m"outline: none; opacity: 0; position: fixed; pointer-events: none;"[31m
    [33mtabindex[31m=[32m"0"[31m
  [36m/>[31m
[36m</body>[31m[39m
[31m   [31m├ù[31m AdminRefurbishmentReviewModal Component[2m > [22mTab 2: Admin Package Selection[2m > [22mshould show selection summary with count[90m 30[2mms[22m[31m[39m
[31m     ΓåÆ Unable to find an element with the text: /Admin.*Package/i. This could be because the text is broken up by multiple elements. In this case, you can provide a function for your text matcher to make your matcher more flexible.

Ignored nodes: comments, script, style
[36m<body[31m
  [33mdata-scroll-locked[31m=[32m"1"[31m
  [33mstyle[31m=[32m"pointer-events: none;"[31m
[36m>[31m
  [36m<span[31m
    [33maria-hidden[31m=[32m"true"[31m
    [33mdata-aria-hidden[31m=[32m"true"[31m
    [33mdata-radix-focus-guard[31m=[32m""[31m
    [33mstyle[31m=[32m"outline: none; opacity: 0; position: fixed; pointer-events: none;"[31m
    [33mtabindex[31m=[32m"0"[31m
  [36m/>[31m
  [36m<div[31m
    [33maria-hidden[31m=[32m"true"[31m
    [33mdata-aria-hidden[31m=[32m"true"[31m
  [36m/>[31m
  [36m<div[31m
    [33maria-hidden[31m=[32m"true"[31m
    [33mclass[31m=[32m"fixed inset-0 z-50 bg-black/80 data-[state=open]:animate-in data-[state=closed]:animate-out data-[state=closed]:fade-out-0 data-[state=open]:fade-in-0"[31m
    [33mdata-aria-hidden[31m=[32m"true"[31m
    [33mdata-state[31m=[32m"open"[31m
    [33mstyle[31m=[32m"pointer-events: auto;"[31m
  [36m/>[31m
  [36m<div[31m
    [33maria-describedby[31m=[32m"radix-_r_19_"[31m
    [33maria-labelledby[31m=[32m"radix-_r_18_"[31m
    [33mclass[31m=[32m"fixed left-[50%] top-[50%] z-50 grid w-full translate-x-[-50%] translate-y-[-50%] gap-4 border bg-background p-6 shadow-lg duration-200 data-[state=open]:animate-in data-[state=closed]:animate-out data-[state=closed]:fade-out-0 data-[state=open]:fade-in-0 data-[state=closed]:zoom-out-95 data-[state=open]:zoom-in-95 data-[state=closed]:slide-out-to-left-1/2 data-[state=closed]:slide-out-to-top-[48%] data-[state=open]:slide-in-from-left-1/2 data-[state=open]:slide-in-from-top-[48%] sm:rounded-lg max-w-5xl"[31m
    [33mdata-state[31m=[32m"open"[31m
    [33mid[31m=[32m"radix-_r_17_"[31m
    [33mrole[31m=[32m"dialog"[31m
    [33mstyle[31m=[32m"pointer-events: auto;"[31m
    [33mtabindex[31m=[32m"-1"[31m
  [36m>[31m
    [36m<div[31m
      [33mclass[31m=[32m"flex items-center justify-center py-16"[31m
    [36m>[31m
      [36m<div[31m
        [33mclass[31m=[32m"animate-spin rounded-full h-10 w-10 border-b-2 border-green-600"[31m
      [36m/>[31m
    [36m</div>[31m
    [36m<button[31m
      [33mclass[31m=[32m"absolute right-4 top-4 rounded-sm opacity-70 ring-offset-background transition-opacity hover:opacity-100 focus:outline-none focus:ring-2 focus:ring-ring focus:ring-offset-2 disabled:pointer-events-none data-[state=open]:bg-accent data-[state=open]:text-muted-foreground"[31m
      [33mtype[31m=[32m"button"[31m
    [36m>[31m
      [36m<svg[31m
        [33maria-hidden[31m=[32m"true"[31m
        [33mclass[31m=[32m"lucide lucide-x h-4 w-4"[31m
        [33mfill[31m=[32m"none"[31m
        [33mheight[31m=[32m"24"[31m
        [33mstroke[31m=[32m"currentColor"[31m
        [33mstroke-linecap[31m=[32m"round"[31m
        [33mstroke-linejoin[31m=[32m"round"[31m
        [33mstroke-width[31m=[32m"2"[31m
        [33mviewBox[31m=[32m"0 0 24 24"[31m
        [33mwidth[31m=[32m"24"[31m
        [33mxmlns[31m=[32m"http://www.w3.org/2000/svg"[31m
      [36m>[31m
        [36m<path[31m
          [33md[31m=[32m"M18 6 6 18"[31m
        [36m/>[31m
        [36m<path[31m
          [33md[31m=[32m"m6 6 12 12"[31m
        [36m/>[31m
      [36m</svg>[31m
      [36m<span[31m
        [33mclass[31m=[32m"sr-only"[31m
      [36m>[31m
        [0mClose[0m
      [36m</span>[31m
    [36m</button>[31m
  [36m</div>[31m
  [36m<span[31m
    [33maria-hidden[31m=[32m"true"[31m
    [33mdata-aria-hidden[31m=[32m"true"[31m
    [33mdata-radix-focus-guard[31m=[32m""[31m
    [33mstyle[31m=[32m"outline: none; opacity: 0; position: fixed; pointer-events: none;"[31m
    [33mtabindex[31m=[32m"0"[31m
  [36m/>[31m
[36m</body>[31m[39m
[31m   [31m├ù[31m AdminRefurbishmentReviewModal Component[2m > [22mTab 3: Preview and Actions[2m > [22mshould allow admin to add remarks[90m 36[2mms[22m[31m[39m
[31m     ΓåÆ Unable to find an element with the text: /Preview/i. This could be because the text is broken up by multiple elements. In this case, you can provide a function for your text matcher to make your matcher more flexible.

Ignored nodes: comments, script, style
[36m<body[31m
  [33mdata-scroll-locked[31m=[32m"1"[31m
  [33mstyle[31m=[32m"pointer-events: none;"[31m
[36m>[31m
  [36m<span[31m
    [33maria-hidden[31m=[32m"true"[31m
    [33mdata-aria-hidden[31m=[32m"true"[31m
    [33mdata-radix-focus-guard[31m=[32m""[31m
    [33mstyle[31m=[32m"outline: none; opacity: 0; position: fixed; pointer-events: none;"[31m
    [33mtabindex[31m=[32m"0"[31m
  [36m/>[31m
  [36m<div[31m
    [33maria-hidden[31m=[32m"true"[31m
    [33mdata-aria-hidden[31m=[32m"true"[31m
  [36m/>[31m
  [36m<div[31m
    [33maria-hidden[31m=[32m"true"[31m
    [33mclass[31m=[32m"fixed inset-0 z-50 bg-black/80 data-[state=open]:animate-in data-[state=closed]:animate-out data-[state=closed]:fade-out-0 data-[state=open]:fade-in-0"[31m
    [33mdata-aria-hidden[31m=[32m"true"[31m
    [33mdata-state[31m=[32m"open"[31m
    [33mstyle[31m=[32m"pointer-events: auto;"[31m
  [36m/>[31m
  [36m<div[31m
    [33maria-describedby[31m=[32m"radix-_r_1c_"[31m
    [33maria-labelledby[31m=[32m"radix-_r_1b_"[31m
    [33mclass[31m=[32m"fixed left-[50%] top-[50%] z-50 grid w-full translate-x-[-50%] translate-y-[-50%] gap-4 border bg-background p-6 shadow-lg duration-200 data-[state=open]:animate-in data-[state=closed]:animate-out data-[state=closed]:fade-out-0 data-[state=open]:fade-in-0 data-[state=closed]:zoom-out-95 data-[state=open]:zoom-in-95 data-[state=closed]:slide-out-to-left-1/2 data-[state=closed]:slide-out-to-top-[48%] data-[state=open]:slide-in-from-left-1/2 data-[state=open]:slide-in-from-top-[48%] sm:rounded-lg max-w-5xl"[31m
    [33mdata-state[31m=[32m"open"[31m
    [33mid[31m=[32m"radix-_r_1a_"[31m
    [33mrole[31m=[32m"dialog"[31m
    [33mstyle[31m=[32m"pointer-events: auto;"[31m
    [33mtabindex[31m=[32m"-1"[31m
  [36m>[31m
    [36m<div[31m
      [33mclass[31m=[32m"flex items-center justify-center py-16"[31m
    [36m>[31m
      [36m<div[31m
        [33mclass[31m=[32m"animate-spin rounded-full h-10 w-10 border-b-2 border-green-600"[31m
      [36m/>[31m
    [36m</div>[31m
    [36m<button[31m
      [33mclass[31m=[32m"absolute right-4 top-4 rounded-sm opacity-70 ring-offset-background transition-opacity hover:opacity-100 focus:outline-none focus:ring-2 focus:ring-ring focus:ring-offset-2 disabled:pointer-events-none data-[state=open]:bg-accent data-[state=open]:text-muted-foreground"[31m
      [33mtype[31m=[32m"button"[31m
    [36m>[31m
      [36m<svg[31m
        [33maria-hidden[31m=[32m"true"[31m
        [33mclass[31m=[32m"lucide lucide-x h-4 w-4"[31m
        [33mfill[31m=[32m"none"[31m
        [33mheight[31m=[32m"24"[31m
        [33mstroke[31m=[32m"currentColor"[31m
        [33mstroke-linecap[31m=[32m"round"[31m
        [33mstroke-linejoin[31m=[32m"round"[31m
        [33mstroke-width[31m=[32m"2"[31m
        [33mviewBox[31m=[32m"0 0 24 24"[31m
        [33mwidth[31m=[32m"24"[31m
        [33mxmlns[31m=[32m"http://www.w3.org/2000/svg"[31m
      [36m>[31m
        [36m<path[31m
          [33md[31m=[32m"M18 6 6 18"[31m
        [36m/>[31m
        [36m<path[31m
          [33md[31m=[32m"m6 6 12 12"[31m
        [36m/>[31m
      [36m</svg>[31m
      [36m<span[31m
        [33mclass[31m=[32m"sr-only"[31m
      [36m>[31m
        [0mClose[0m
      [36m</span>[31m
    [36m</button>[31m
  [36m</div>[31m
  [36m<span[31m
    [33maria-hidden[31m=[32m"true"[31m
    [33mdata-aria-hidden[31m=[32m"true"[31m
    [33mdata-radix-focus-guard[31m=[32m""[31m
    [33mstyle[31m=[32m"outline: none; opacity: 0; position: fixed; pointer-events: none;"[31m
    [33mtabindex[31m=[32m"0"[31m
  [36m/>[31m
[36m</body>[31m[39m
[31m   [31m├ù[31m AdminRefurbishmentReviewModal Component[2m > [22mTab 3: Preview and Actions[2m > [22mshould call approve API when Approve clicked[90m 32[2mms[22m[31m[39m
[31m     ΓåÆ Unable to find an element with the text: /Preview/i. This could be because the text is broken up by multiple elements. In this case, you can provide a function for your text matcher to make your matcher more flexible.

Ignored nodes: comments, script, style
[36m<body[31m
  [33mdata-scroll-locked[31m=[32m"1"[31m
  [33mstyle[31m=[32m"pointer-events: none;"[31m
[36m>[31m
  [36m<span[31m
    [33maria-hidden[31m=[32m"true"[31m
    [33mdata-aria-hidden[31m=[32m"true"[31m
    [33mdata-radix-focus-guard[31m=[32m""[31m
    [33mstyle[31m=[32m"outline: none; opacity: 0; position: fixed; pointer-events: none;"[31m
    [33mtabindex[31m=[32m"0"[31m
  [36m/>[31m
  [36m<div[31m
    [33maria-hidden[31m=[32m"true"[31m
    [33mdata-aria-hidden[31m=[32m"true"[31m
  [36m/>[31m
  [36m<div[31m
    [33maria-hidden[31m=[32m"true"[31m
    [33mclass[31m=[32m"fixed inset-0 z-50 bg-black/80 data-[state=open]:animate-in data-[state=closed]:animate-out data-[state=closed]:fade-out-0 data-[state=open]:fade-in-0"[31m
    [33mdata-aria-hidden[31m=[32m"true"[31m
    [33mdata-state[31m=[32m"open"[31m
    [33mstyle[31m=[32m"pointer-events: auto;"[31m
  [36m/>[31m
  [36m<div[31m
    [33maria-describedby[31m=[32m"radix-_r_1f_"[31m
    [33maria-labelledby[31m=[32m"radix-_r_1e_"[31m
    [33mclass[31m=[32m"fixed left-[50%] top-[50%] z-50 grid w-full translate-x-[-50%] translate-y-[-50%] gap-4 border bg-background p-6 shadow-lg duration-200 data-[state=open]:animate-in data-[state=closed]:animate-out data-[state=closed]:fade-out-0 data-[state=open]:fade-in-0 data-[state=closed]:zoom-out-95 data-[state=open]:zoom-in-95 data-[state=closed]:slide-out-to-left-1/2 data-[state=closed]:slide-out-to-top-[48%] data-[state=open]:slide-in-from-left-1/2 data-[state=open]:slide-in-from-top-[48%] sm:rounded-lg max-w-5xl"[31m
    [33mdata-state[31m=[32m"open"[31m
    [33mid[31m=[32m"radix-_r_1d_"[31m
    [33mrole[31m=[32m"dialog"[31m
    [33mstyle[31m=[32m"pointer-events: auto;"[31m
    [33mtabindex[31m=[32m"-1"[31m
  [36m>[31m
    [36m<div[31m
      [33mclass[31m=[32m"flex items-center justify-center py-16"[31m
    [36m>[31m
      [36m<div[31m
        [33mclass[31m=[32m"animate-spin rounded-full h-10 w-10 border-b-2 border-green-600"[31m
      [36m/>[31m
    [36m</div>[31m
    [36m<button[31m
      [33mclass[31m=[32m"absolute right-4 top-4 rounded-sm opacity-70 ring-offset-background transition-opacity hover:opacity-100 focus:outline-none focus:ring-2 focus:ring-ring focus:ring-offset-2 disabled:pointer-events-none data-[state=open]:bg-accent data-[state=open]:text-muted-foreground"[31m
      [33mtype[31m=[32m"button"[31m
    [36m>[31m
      [36m<svg[31m
        [33maria-hidden[31m=[32m"true"[31m
        [33mclass[31m=[32m"lucide lucide-x h-4 w-4"[31m
        [33mfill[31m=[32m"none"[31m
        [33mheight[31m=[32m"24"[31m
        [33mstroke[31m=[32m"currentColor"[31m
        [33mstroke-linecap[31m=[32m"round"[31m
        [33mstroke-linejoin[31m=[32m"round"[31m
        [33mstroke-width[31m=[32m"2"[31m
        [33mviewBox[31m=[32m"0 0 24 24"[31m
        [33mwidth[31m=[32m"24"[31m
        [33mxmlns[31m=[32m"http://www.w3.org/2000/svg"[31m
      [36m>[31m
        [36m<path[31m
          [33md[31m=[32m"M18 6 6 18"[31m
        [36m/>[31m
        [36m<path[31m
          [33md[31m=[32m"m6 6 12 12"[31m
        [36m/>[31m
      [36m</svg>[31m
      [36m<span[31m
        [33mclass[31m=[32m"sr-only"[31m
      [36m>[31m
        [0mClose[0m
      [36m</span>[31m
    [36m</button>[31m
  [36m</div>[31m
  [36m<span[31m
    [33maria-hidden[31m=[32m"true"[31m
    [33mdata-aria-hidden[31m=[32m"true"[31m
    [33mdata-radix-focus-guard[31m=[32m""[31m
    [33mstyle[31m=[32m"outline: none; opacity: 0; position: fixed; pointer-events: none;"[31m
    [33mtabindex[31m=[32m"0"[31m
  [36m/>[31m
[36m</body>[31m[39m
[31m   [31m├ù[31m AdminRefurbishmentReviewModal Component[2m > [22mTab 3: Preview and Actions[2m > [22mshould require rejection reason when rejecting[90m 29[2mms[22m[31m[39m
[31m     ΓåÆ Unable to find an element with the text: /Preview/i. This could be because the text is broken up by multiple elements. In this case, you can provide a function for your text matcher to make your matcher more flexible.

Ignored nodes: comments, script, style
[36m<body[31m
  [33mdata-scroll-locked[31m=[32m"1"[31m
  [33mstyle[31m=[32m"pointer-events: none;"[31m
[36m>[31m
  [36m<span[31m
    [33maria-hidden[31m=[32m"true"[31m
    [33mdata-aria-hidden[31m=[32m"true"[31m
    [33mdata-radix-focus-guard[31m=[32m""[31m
    [33mstyle[31m=[32m"outline: none; opacity: 0; position: fixed; pointer-events: none;"[31m
    [33mtabindex[31m=[32m"0"[31m
  [36m/>[31m
  [36m<div[31m
    [33maria-hidden[31m=[32m"true"[31m
    [33mdata-aria-hidden[31m=[32m"true"[31m
  [36m/>[31m
  [36m<div[31m
    [33maria-hidden[31m=[32m"true"[31m
    [33mclass[31m=[32m"fixed inset-0 z-50 bg-black/80 data-[state=open]:animate-in data-[state=closed]:animate-out data-[state=closed]:fade-out-0 data-[state=open]:fade-in-0"[31m
    [33mdata-aria-hidden[31m=[32m"true"[31m
    [33mdata-state[31m=[32m"open"[31m
    [33mstyle[31m=[32m"pointer-events: auto;"[31m
  [36m/>[31m
  [36m<div[31m
    [33maria-describedby[31m=[32m"radix-_r_1i_"[31m
    [33maria-labelledby[31m=[32m"radix-_r_1h_"[31m
    [33mclass[31m=[32m"fixed left-[50%] top-[50%] z-50 grid w-full translate-x-[-50%] translate-y-[-50%] gap-4 border bg-background p-6 shadow-lg duration-200 data-[state=open]:animate-in data-[state=closed]:animate-out data-[state=closed]:fade-out-0 data-[state=open]:fade-in-0 data-[state=closed]:zoom-out-95 data-[state=open]:zoom-in-95 data-[state=closed]:slide-out-to-left-1/2 data-[state=closed]:slide-out-to-top-[48%] data-[state=open]:slide-in-from-left-1/2 data-[state=open]:slide-in-from-top-[48%] sm:rounded-lg max-w-5xl"[31m
    [33mdata-state[31m=[32m"open"[31m
    [33mid[31m=[32m"radix-_r_1g_"[31m
    [33mrole[31m=[32m"dialog"[31m
    [33mstyle[31m=[32m"pointer-events: auto;"[31m
    [33mtabindex[31m=[32m"-1"[31m
  [36m>[31m
    [36m<div[31m
      [33mclass[31m=[32m"flex items-center justify-center py-16"[31m
    [36m>[31m
      [36m<div[31m
        [33mclass[31m=[32m"animate-spin rounded-full h-10 w-10 border-b-2 border-green-600"[31m
      [36m/>[31m
    [36m</div>[31m
    [36m<button[31m
      [33mclass[31m=[32m"absolute right-4 top-4 rounded-sm opacity-70 ring-offset-background transition-opacity hover:opacity-100 focus:outline-none focus:ring-2 focus:ring-ring focus:ring-offset-2 disabled:pointer-events-none data-[state=open]:bg-accent data-[state=open]:text-muted-foreground"[31m
      [33mtype[31m=[32m"button"[31m
    [36m>[31m
      [36m<svg[31m
        [33maria-hidden[31m=[32m"true"[31m
        [33mclass[31m=[32m"lucide lucide-x h-4 w-4"[31m
        [33mfill[31m=[32m"none"[31m
        [33mheight[31m=[32m"24"[31m
        [33mstroke[31m=[32m"currentColor"[31m
        [33mstroke-linecap[31m=[32m"round"[31m
        [33mstroke-linejoin[31m=[32m"round"[31m
        [33mstroke-width[31m=[32m"2"[31m
        [33mviewBox[31m=[32m"0 0 24 24"[31m
        [33mwidth[31m=[32m"24"[31m
        [33mxmlns[31m=[32m"http://www.w3.org/2000/svg"[31m
      [36m>[31m
        [36m<path[31m
          [33md[31m=[32m"M18 6 6 18"[31m
        [36m/>[31m
        [36m<path[31m
          [33md[31m=[32m"m6 6 12 12"[31m
        [36m/>[31m
      [36m</svg>[31m
      [36m<span[31m
        [33mclass[31m=[32m"sr-only"[31m
      [36m>[31m
        [0mClose[0m
      [36m</span>[31m
    [36m</button>[31m
  [36m</div>[31m
  [36m<span[31m
    [33maria-hidden[31m=[32m"true"[31m
    [33mdata-aria-hidden[31m=[32m"true"[31m
    [33mdata-radix-focus-guard[31m=[32m""[31m
    [33mstyle[31m=[32m"outline: none; opacity: 0; position: fixed; pointer-events: none;"[31m
    [33mtabindex[31m=[32m"0"[31m
  [36m/>[31m
[36m</body>[31m[39m
[31m   [31m├ù[31m AdminRefurbishmentReviewModal Component[2m > [22mAdmin Override Behavior[2m > [22mshould initialize admin selections with partner selections[90m 34[2mms[22m[31m[39m
[31m     ΓåÆ Unable to find an element with the text: /Admin.*Package/i. This could be because the text is broken up by multiple elements. In this case, you can provide a function for your text matcher to make your matcher more flexible.

Ignored nodes: comments, script, style
[36m<body[31m
  [33mdata-scroll-locked[31m=[32m"1"[31m
  [33mstyle[31m=[32m"pointer-events: none;"[31m
[36m>[31m
  [36m<span[31m
    [33maria-hidden[31m=[32m"true"[31m
    [33mdata-aria-hidden[31m=[32m"true"[31m
    [33mdata-radix-focus-guard[31m=[32m""[31m
    [33mstyle[31m=[32m"outline: none; opacity: 0; position: fixed; pointer-events: none;"[31m
    [33mtabindex[31m=[32m"0"[31m
  [36m/>[31m
  [36m<div[31m
    [33maria-hidden[31m=[32m"true"[31m
    [33mdata-aria-hidden[31m=[32m"true"[31m
  [36m/>[31m
  [36m<div[31m
    [33maria-hidden[31m=[32m"true"[31m
    [33mclass[31m=[32m"fixed inset-0 z-50 bg-black/80 data-[state=open]:animate-in data-[state=closed]:animate-out data-[state=closed]:fade-out-0 data-[state=open]:fade-in-0"[31m
    [33mdata-aria-hidden[31m=[32m"true"[31m
    [33mdata-state[31m=[32m"open"[31m
    [33mstyle[31m=[32m"pointer-events: auto;"[31m
  [36m/>[31m
  [36m<div[31m
    [33maria-describedby[31m=[32m"radix-_r_1r_"[31m
    [33maria-labelledby[31m=[32m"radix-_r_1q_"[31m
    [33mclass[31m=[32m"fixed left-[50%] top-[50%] z-50 grid w-full translate-x-[-50%] translate-y-[-50%] gap-4 border bg-background p-6 shadow-lg duration-200 data-[state=open]:animate-in data-[state=closed]:animate-out data-[state=closed]:fade-out-0 data-[state=open]:fade-in-0 data-[state=closed]:zoom-out-95 data-[state=open]:zoom-in-95 data-[state=closed]:slide-out-to-left-1/2 data-[state=closed]:slide-out-to-top-[48%] data-[state=open]:slide-in-from-left-1/2 data-[state=open]:slide-in-from-top-[48%] sm:rounded-lg max-w-5xl"[31m
    [33mdata-state[31m=[32m"open"[31m
    [33mid[31m=[32m"radix-_r_1p_"[31m
    [33mrole[31m=[32m"dialog"[31m
    [33mstyle[31m=[32m"pointer-events: auto;"[31m
    [33mtabindex[31m=[32m"-1"[31m
  [36m>[31m
    [36m<div[31m
      [33mclass[31m=[32m"flex items-center justify-center py-16"[31m
    [36m>[31m
      [36m<div[31m
        [33mclass[31m=[32m"animate-spin rounded-full h-10 w-10 border-b-2 border-green-600"[31m
      [36m/>[31m
    [36m</div>[31m
    [36m<button[31m
      [33mclass[31m=[32m"absolute right-4 top-4 rounded-sm opacity-70 ring-offset-background transition-opacity hover:opacity-100 focus:outline-none focus:ring-2 focus:ring-ring focus:ring-offset-2 disabled:pointer-events-none data-[state=open]:bg-accent data-[state=open]:text-muted-foreground"[31m
      [33mtype[31m=[32m"button"[31m
    [36m>[31m
      [36m<svg[31m
        [33maria-hidden[31m=[32m"true"[31m
        [33mclass[31m=[32m"lucide lucide-x h-4 w-4"[31m
        [33mfill[31m=[32m"none"[31m
        [33mheight[31m=[32m"24"[31m
        [33mstroke[31m=[32m"currentColor"[31m
        [33mstroke-linecap[31m=[32m"round"[31m
        [33mstroke-linejoin[31m=[32m"round"[31m
        [33mstroke-width[31m=[32m"2"[31m
        [33mviewBox[31m=[32m"0 0 24 24"[31m
        [33mwidth[31m=[32m"24"[31m
        [33mxmlns[31m=[32m"http://www.w3.org/2000/svg"[31m
      [36m>[31m
        [36m<path[31m
          [33md[31m=[32m"M18 6 6 18"[31m
        [36m/>[31m
        [36m<path[31m
          [33md[31m=[32m"m6 6 12 12"[31m
        [36m/>[31m
      [36m</svg>[31m
      [36m<span[31m
        [33mclass[31m=[32m"sr-only"[31m
      [36m>[31m
        [0mClose[0m
      [36m</span>[31m
    [36m</button>[31m
  [36m</div>[31m
  [36m<span[31m
    [33maria-hidden[31m=[32m"true"[31m
    [33mdata-aria-hidden[31m=[32m"true"[31m
    [33mdata-radix-focus-guard[31m=[32m""[31m
    [33mstyle[31m=[32m"outline: none; opacity: 0; position: fixed; pointer-events: none;"[31m
    [33mtabindex[31m=[32m"0"[31m
  [36m/>[31m
[36m</body>[31m[39m
[31m   [31m├ù[31m AdminRefurbishmentReviewModal Component[2m > [22mAdmin Override Behavior[2m > [22mshould allow admin to select packages partner did not select[90m 35[2mms[22m[31m[39m
[31m     ΓåÆ Unable to find an element with the text: /Admin.*Package/i. This could be because the text is broken up by multiple elements. In this case, you can provide a function for your text matcher to make your matcher more flexible.

Ignored nodes: comments, script, style
[36m<body[31m
  [33mdata-scroll-locked[31m=[32m"1"[31m
  [33mstyle[31m=[32m"pointer-events: none;"[31m
[36m>[31m
  [36m<span[31m
    [33maria-hidden[31m=[32m"true"[31m
    [33mdata-aria-hidden[31m=[32m"true"[31m
    [33mdata-radix-focus-guard[31m=[32m""[31m
    [33mstyle[31m=[32m"outline: none; opacity: 0; position: fixed; pointer-events: none;"[31m
    [33mtabindex[31m=[32m"0"[31m
  [36m/>[31m
  [36m<div[31m
    [33maria-hidden[31m=[32m"true"[31m
    [33mdata-aria-hidden[31m=[32m"true"[31m
  [36m/>[31m
  [36m<div[31m
    [33maria-hidden[31m=[32m"true"[31m
    [33mclass[31m=[32m"fixed inset-0 z-50 bg-black/80 data-[state=open]:animate-in data-[state=closed]:animate-out data-[state=closed]:fade-out-0 data-[state=open]:fade-in-0"[31m
    [33mdata-aria-hidden[31m=[32m"true"[31m
    [33mdata-state[31m=[32m"open"[31m
    [33mstyle[31m=[32m"pointer-events: auto;"[31m
  [36m/>[31m
  [36m<div[31m
    [33maria-describedby[31m=[32m"radix-_r_1u_"[31m
    [33maria-labelledby[31m=[32m"radix-_r_1t_"[31m
    [33mclass[31m=[32m"fixed left-[50%] top-[50%] z-50 grid w-full translate-x-[-50%] translate-y-[-50%] gap-4 border bg-background p-6 shadow-lg duration-200 data-[state=open]:animate-in data-[state=closed]:animate-out data-[state=closed]:fade-out-0 data-[state=open]:fade-in-0 data-[state=closed]:zoom-out-95 data-[state=open]:zoom-in-95 data-[state=closed]:slide-out-to-left-1/2 data-[state=closed]:slide-out-to-top-[48%] data-[state=open]:slide-in-from-left-1/2 data-[state=open]:slide-in-from-top-[48%] sm:rounded-lg max-w-5xl"[31m
    [33mdata-state[31m=[32m"open"[31m
    [33mid[31m=[32m"radix-_r_1s_"[31m
    [33mrole[31m=[32m"dialog"[31m
    [33mstyle[31m=[32m"pointer-events: auto;"[31m
    [33mtabindex[31m=[32m"-1"[31m
  [36m>[31m
    [36m<div[31m
      [33mclass[31m=[32m"flex items-center justify-center py-16"[31m
    [36m>[31m
      [36m<div[31m
        [33mclass[31m=[32m"animate-spin rounded-full h-10 w-10 border-b-2 border-green-600"[31m
      [36m/>[31m
    [36m</div>[31m
    [36m<button[31m
      [33mclass[31m=[32m"absolute right-4 top-4 rounded-sm opacity-70 ring-offset-background transition-opacity hover:opacity-100 focus:outline-none focus:ring-2 focus:ring-ring focus:ring-offset-2 disabled:pointer-events-none data-[state=open]:bg-accent data-[state=open]:text-muted-foreground"[31m
      [33mtype[31m=[32m"button"[31m
    [36m>[31m
      [36m<svg[31m
        [33maria-hidden[31m=[32m"true"[31m
        [33mclass[31m=[32m"lucide lucide-x h-4 w-4"[31m
        [33mfill[31m=[32m"none"[31m
        [33mheight[31m=[32m"24"[31m
        [33mstroke[31m=[32m"currentColor"[31m
        [33mstroke-linecap[31m=[32m"round"[31m
        [33mstroke-linejoin[31m=[32m"round"[31m
        [33mstroke-width[31m=[32m"2"[31m
        [33mviewBox[31m=[32m"0 0 24 24"[31m
        [33mwidth[31m=[32m"24"[31m
        [33mxmlns[31m=[32m"http://www.w3.org/2000/svg"[31m
      [36m>[31m
        [36m<path[31m
          [33md[31m=[32m"M18 6 6 18"[31m
        [36m/>[31m
        [36m<path[31m
          [33md[31m=[32m"m6 6 12 12"[31m
        [36m/>[31m
      [36m</svg>[31m
      [36m<span[31m
        [33mclass[31m=[32m"sr-only"[31m
      [36m>[31m
        [0mClose[0m
      [36m</span>[31m
    [36m</button>[31m
  [36m</div>[31m
  [36m<span[31m
    [33maria-hidden[31m=[32m"true"[31m
    [33mdata-aria-hidden[31m=[32m"true"[31m
    [33mdata-radix-focus-guard[31m=[32m""[31m
    [33mstyle[31m=[32m"outline: none; opacity: 0; position: fixed; pointer-events: none;"[31m
    [33mtabindex[31m=[32m"0"[31m
  [36m/>[31m
[36m</body>[31m[39m
[31m   [31m├ù[31m AdminRefurbishmentReviewModal Component[2m > [22mUpgradation Tab ΓÇö Partner Selections section[2m > [22mshows 'Upgradation' pill tab when partner requested upgradation[33m 1028[2mms[22m[31m[39m
[31m     ΓåÆ Unable to find an element with the text: Test Center. This could be because the text is broken up by multiple elements. In this case, you can provide a function for your text matcher to make your matcher more flexible.

Ignored nodes: comments, script, style
[36m<body[31m
  [33mstyle[31m=[32m""[31m
[36m>[31m
  [36m<div />[31m
[36m</body>[31m

Ignored nodes: comments, script, style
[36m<html>[31m
  [36m<head />[31m
  [36m<body[31m
    [33mstyle[31m=[32m""[31m
  [36m>[31m
    [36m<div />[31m
  [36m</body>[31m
[36m</html>[31m[39m
[31m   [31m├ù[31m AdminRefurbishmentReviewModal Component[2m > [22mUpgradation Tab ΓÇö Partner Selections section[2m > [22mclicking Upgradation tab shows room dimension details[33m 1028[2mms[22m[31m[39m
[31m     ΓåÆ Unable to find an element with the text: Test Center. This could be because the text is broken up by multiple elements. In this case, you can provide a function for your text matcher to make your matcher more flexible.

Ignored nodes: comments, script, style
[36m<body[31m
  [33mstyle[31m=[32m""[31m
[36m>[31m
  [36m<div />[31m
[36m</body>[31m

Ignored nodes: comments, script, style
[36m<html>[31m
  [36m<head />[31m
  [36m<body[31m
    [33mstyle[31m=[32m""[31m
  [36m>[31m
    [36m<div />[31m
  [36m</body>[31m
[36m</html>[31m[39m
[31m   [31m├ù[31m AdminRefurbishmentReviewModal Component[2m > [22mUpgradation Tab ΓÇö Partner Selections section[2m > [22mUpgradation tab shows selected package names[33m 1041[2mms[22m[31m[39m
[31m     ΓåÆ Unable to find an element with the text: Test Center. This could be because the text is broken up by multiple elements. In this case, you can provide a function for your text matcher to make your matcher more flexible.

Ignored nodes: comments, script, style
[36m<body[31m
  [33mstyle[31m=[32m""[31m
[36m>[31m
  [36m<div />[31m
[36m</body>[31m

Ignored nodes: comments, script, style
[36m<html>[31m
  [36m<head />[31m
  [36m<body[31m
    [33mstyle[31m=[32m""[31m
  [36m>[31m
    [36m<div />[31m
  [36m</body>[31m
[36m</html>[31m[39m
[31m   [31m├ù[31m AdminRefurbishmentReviewModal Component[2m > [22mUpgradation Tab ΓÇö Partner Selections section[2m > [22mhides Upgradation tab when partner did NOT request upgradation[33m 1038[2mms[22m[31m[39m
[31m     ΓåÆ Unable to find an element with the text: Test Center. This could be because the text is broken up by multiple elements. In this case, you can provide a function for your text matcher to make your matcher more flexible.

Ignored nodes: comments, script, style
[36m<body[31m
  [33mstyle[31m=[32m""[31m
[36m>[31m
  [36m<div />[31m
[36m</body>[31m

Ignored nodes: comments, script, style
[36m<html>[31m
  [36m<head />[31m
  [36m<body[31m
    [33mstyle[31m=[32m""[31m
  [36m>[31m
    [36m<div />[31m
  [36m</body>[31m
[36m</html>[31m[39m

[31mΓÄ»ΓÄ»ΓÄ»ΓÄ»ΓÄ»ΓÄ»[1m[7m Failed Tests 23 
[27m[22mΓÄ»ΓÄ»ΓÄ»ΓÄ»ΓÄ»ΓÄ»ΓÄ»[39m

[31m[1m[7m FAIL [27m[22m[39m 
src/test/components/AdminRefurbishmentReviewModal.test.jsx[2m > 
[22mAdminRefurbishmentReviewModal Component[2m > [22mRendering and Tab 
Navigation[2m > [22mshould render modal when open
[31m[1mTestingLibraryElementError[22m: Unable to find an element with the 
text: /Test Center/i. This could be because the text is broken up by multiple 
elements. In this case, you can provide a function for your text matcher to 
make your matcher more flexible.

Ignored nodes: comments, script, style
[36m<body[31m
  [33mstyle[31m=[32m""[31m
[36m>[31m
  [36m<div />[31m
[36m</body>[31m

Ignored nodes: comments, script, style
[36m<html>[31m
  [36m<head />[31m
  [36m<body[31m
    [33mstyle[31m=[32m""[31m
  [36m>[31m
    [36m<div />[31m
  [36m</body>[31m
[36m</html>[31m[39m
[90m [2mΓ¥»[22m Proxy.waitForWrapper 
node_modules/@testing-library/dom/dist/wait-for.js:[2m163:27[22m[39m
[36m [2mΓ¥»[22m 
src/test/components/AdminRefurbishmentReviewModal.test.jsx:[2m125:13[22m[39m
    [90m123| [39m      )[33m;[39m
    [90m124| [39m
    [90m125| [39m      [35mawait[39m [34mwaitFor[39m(() [33m=>[39m {
    [90m   | [39m            [31m^[39m
    [90m126| [39m        
[34mexpect[39m(screen[33m.[39m[34mgetByText[39m([36m/Test 
Center/i[39m))[33m.[39m[34mtoBeInTheDocument[39m()[33m;[39m
    [90m127| [39m      })[33m;[39m

[31m[2mΓÄ»ΓÄ»ΓÄ»ΓÄ»ΓÄ»ΓÄ»ΓÄ»ΓÄ»ΓÄ»ΓÄ»ΓÄ»ΓÄ»ΓÄ»ΓÄ»ΓÄ»ΓÄ»ΓÄ»ΓÄ»ΓÄ»ΓÄ»ΓÄ»ΓÄ»ΓÄ»[
1/23]ΓÄ»[22m[39m

[31m[1m[7m FAIL [27m[22m[39m 
src/test/components/AdminRefurbishmentReviewModal.test.jsx[2m > 
[22mAdminRefurbishmentReviewModal Component[2m > [22mRendering and Tab 
Navigation[2m > [22mshould render all 3 tabs
[31m[1mTestingLibraryElementError[22m: Unable to find an element with the 
text: /Partner Selections/i. This could be because the text is broken up by 
multiple elements. In this case, you can provide a function for your text 
matcher to make your matcher more flexible.

Ignored nodes: comments, script, style
[36m<body[31m
  [33mstyle[31m=[32m""[31m
[36m>[31m
  [36m<div />[31m
[36m</body>[31m

Ignored nodes: comments, script, style
[36m<html>[31m
  [36m<head />[31m
  [36m<body[31m
    [33mstyle[31m=[32m""[31m
  [36m>[31m
    [36m<div />[31m
  [36m</body>[31m
[36m</html>[31m[39m
[90m [2mΓ¥»[22m Proxy.waitForWrapper 
node_modules/@testing-library/dom/dist/wait-for.js:[2m163:27[22m[39m
[36m [2mΓ¥»[22m 
src/test/components/AdminRefurbishmentReviewModal.test.jsx:[2m140:13[22m[39m
    [90m138| [39m      )[33m;[39m
    [90m139| [39m
    [90m140| [39m      [35mawait[39m [34mwaitFor[39m(() [33m=>[39m {
    [90m   | [39m            [31m^[39m
    [90m141| [39m        
[34mexpect[39m(screen[33m.[39m[34mgetByText[39m([36m/Partner 
Selections/i[39m))[33m.[39m[34mtoBeInTheDocum[39mΓÇª
    [90m142| [39m        [34mexpect[39m(screen[33m.[39m[34mgetByText[39
m([36m/Admin.*Package/i[39m))[33m.[39m[34mtoBeInTheDocument[39m(ΓÇª

[31m[2mΓÄ»ΓÄ»ΓÄ»ΓÄ»ΓÄ»ΓÄ»ΓÄ»ΓÄ»ΓÄ»ΓÄ»ΓÄ»ΓÄ»ΓÄ»ΓÄ»ΓÄ»ΓÄ»ΓÄ»ΓÄ»ΓÄ»ΓÄ»ΓÄ»ΓÄ»ΓÄ»[
2/23]ΓÄ»[22m[39m

[31m[1m[7m FAIL [27m[22m[39m 
src/test/components/AdminRefurbishmentReviewModal.test.jsx[2m > 
[22mAdminRefurbishmentReviewModal Component[2m > [22mRendering and Tab 
Navigation[2m > [22mshould switch between tabs on click
[31m[1mTestingLibraryElementError[22m: Unable to find an element with the 
text: /Partner Selections/i. This could be because the text is broken up by 
multiple elements. In this case, you can provide a function for your text 
matcher to make your matcher more flexible.

Ignored nodes: comments, script, style
[36m<body[31m
  [33mstyle[31m=[32m""[31m
[36m>[31m
  [36m<div />[31m
[36m</body>[31m

Ignored nodes: comments, script, style
[36m<html>[31m
  [36m<head />[31m
  [36m<body[31m
    [33mstyle[31m=[32m""[31m
  [36m>[31m
    [36m<div />[31m
  [36m</body>[31m
[36m</html>[31m[39m
[90m [2mΓ¥»[22m Proxy.waitForWrapper 
node_modules/@testing-library/dom/dist/wait-for.js:[2m163:27[22m[39m
[36m [2mΓ¥»[22m 
src/test/components/AdminRefurbishmentReviewModal.test.jsx:[2m157:13[22m[39m
    [90m155| [39m      )[33m;[39m
    [90m156| [39m
    [90m157| [39m      [35mawait[39m [34mwaitFor[39m(() [33m=>[39m {
    [90m   | [39m            [31m^[39m
    [90m158| [39m        
[34mexpect[39m(screen[33m.[39m[34mgetByText[39m([36m/Partner 
Selections/i[39m))[33m.[39m[34mtoBeInTheDocum[39mΓÇª
    [90m159| [39m      })[33m;[39m

[31m[2mΓÄ»ΓÄ»ΓÄ»ΓÄ»ΓÄ»ΓÄ»ΓÄ»ΓÄ»ΓÄ»ΓÄ»ΓÄ»ΓÄ»ΓÄ»ΓÄ»ΓÄ»ΓÄ»ΓÄ»ΓÄ»ΓÄ»ΓÄ»ΓÄ»ΓÄ»ΓÄ»[
3/23]ΓÄ»[22m[39m

[31m[1m[7m FAIL [27m[22m[39m 
src/test/components/AdminRefurbishmentReviewModal.test.jsx[2m > 
[22mAdminRefurbishmentReviewModal Component[2m > [22mTab 1: Partner 
Selections[2m > [22mshould display partner-selected packages grouped by 
course
[31m[1mTestingLibraryElementError[22m: Unable to find an element with the 
text: Course 1. This could be because the text is broken up by multiple 
elements. In this case, you can provide a function for your text matcher to 
make your matcher more flexible.

Ignored nodes: comments, script, style
[36m<body[31m
  [33mstyle[31m=[32m""[31m
[36m>[31m
  [36m<div />[31m
[36m</body>[31m

Ignored nodes: comments, script, style
[36m<html>[31m
  [36m<head />[31m
  [36m<body[31m
    [33mstyle[31m=[32m""[31m
  [36m>[31m
    [36m<div />[31m
  [36m</body>[31m
[36m</html>[31m[39m
[90m [2mΓ¥»[22m Proxy.waitForWrapper 
node_modules/@testing-library/dom/dist/wait-for.js:[2m163:27[22m[39m
[36m [2mΓ¥»[22m 
src/test/components/AdminRefurbishmentReviewModal.test.jsx:[2m184:13[22m[39m
    [90m182| [39m      )[33m;[39m
    [90m183| [39m
    [90m184| [39m      [35mawait[39m [34mwaitFor[39m(() [33m=>[39m {
    [90m   | [39m            [31m^[39m
    [90m185| [39m        
[34mexpect[39m(screen[33m.[39m[34mgetByText[39m([32m"Course 
1"[39m))[33m.[39m[34mtoBeInTheDocument[39m()[33m;[39m
    [90m186| [39m        
[34mexpect[39m(screen[33m.[39m[34mgetByText[39m([32m"Package 
1"[39m))[33m.[39m[34mtoBeInTheDocument[39m()[33m;[39m

[31m[2mΓÄ»ΓÄ»ΓÄ»ΓÄ»ΓÄ»ΓÄ»ΓÄ»ΓÄ»ΓÄ»ΓÄ»ΓÄ»ΓÄ»ΓÄ»ΓÄ»ΓÄ»ΓÄ»ΓÄ»ΓÄ»ΓÄ»ΓÄ»ΓÄ»ΓÄ»ΓÄ»[
4/23]ΓÄ»[22m[39m

[31m[1m[7m FAIL [27m[22m[39m 
src/test/components/AdminRefurbishmentReviewModal.test.jsx[2m > 
[22mAdminRefurbishmentReviewModal Component[2m > [22mTab 1: Partner 
Selections[2m > [22mshould display partner justifications
[31m[1mTestingLibraryElementError[22m: Unable to find an element with the 
text: /We need this package/i. This could be because the text is broken up by 
multiple elements. In this case, you can provide a function for your text 
matcher to make your matcher more flexible.

Ignored nodes: comments, script, style
[36m<body[31m
  [33mstyle[31m=[32m""[31m
[36m>[31m
  [36m<div />[31m
[36m</body>[31m

Ignored nodes: comments, script, style
[36m<html>[31m
  [36m<head />[31m
  [36m<body[31m
    [33mstyle[31m=[32m""[31m
  [36m>[31m
    [36m<div />[31m
  [36m</body>[31m
[36m</html>[31m[39m
[90m [2mΓ¥»[22m Proxy.waitForWrapper 
node_modules/@testing-library/dom/dist/wait-for.js:[2m163:27[22m[39m
[36m [2mΓ¥»[22m 
src/test/components/AdminRefurbishmentReviewModal.test.jsx:[2m201:13[22m[39m
    [90m199| [39m      )[33m;[39m
    [90m200| [39m
    [90m201| [39m      [35mawait[39m [34mwaitFor[39m(() [33m=>[39m {
    [90m   | [39m            [31m^[39m
    [90m202| [39m        
[34mexpect[39m(screen[33m.[39m[34mgetByText[39m([36m/We need this 
package/i[39m))[33m.[39m[34mtoBeInTheDoc[39mΓÇª
    [90m203| [39m      })[33m;[39m

[31m[2mΓÄ»ΓÄ»ΓÄ»ΓÄ»ΓÄ»ΓÄ»ΓÄ»ΓÄ»ΓÄ»ΓÄ»ΓÄ»ΓÄ»ΓÄ»ΓÄ»ΓÄ»ΓÄ»ΓÄ»ΓÄ»ΓÄ»ΓÄ»ΓÄ»ΓÄ»ΓÄ»[
5/23]ΓÄ»[22m[39m

[31m[1m[7m FAIL [27m[22m[39m 
src/test/components/AdminRefurbishmentReviewModal.test.jsx[2m > 
[22mAdminRefurbishmentReviewModal Component[2m > [22mTab 2: Admin Package 
Selection[2m > [22mshould display course stepper
[31m[1mTestingLibraryElementError[22m: Unable to find an element with the 
text: /Admin.*Package/i. This could be because the text is broken up by 
multiple elements. In this case, you can provide a function for your text 
matcher to make your matcher more flexible.

Ignored nodes: comments, script, style
[36m<body[31m
  [33mdata-scroll-locked[31m=[32m"1"[31m
  [33mstyle[31m=[32m"pointer-events: none;"[31m
[36m>[31m
  [36m<span[31m
    [33maria-hidden[31m=[32m"true"[31m
    [33mdata-aria-hidden[31m=[32m"true"[31m
    [33mdata-radix-focus-guard[31m=[32m""[31m
    [33mstyle[31m=[32m"outline: none; opacity: 0; position: fixed; 
pointer-events: none;"[31m
    [33mtabindex[31m=[32m"0"[31m
  [36m/>[31m
  [36m<div[31m
    [33maria-hidden[31m=[32m"true"[31m
    [33mdata-aria-hidden[31m=[32m"true"[31m
  [36m/>[31m
  [36m<div[31m
    [33maria-hidden[31m=[32m"true"[31m
    [33mclass[31m=[32m"fixed inset-0 z-50 bg-black/80 
data-[state=open]:animate-in data-[state=closed]:animate-out 
data-[state=closed]:fade-out-0 data-[state=open]:fade-in-0"[31m
    [33mdata-aria-hidden[31m=[32m"true"[31m
    [33mdata-state[31m=[32m"open"[31m
    [33mstyle[31m=[32m"pointer-events: auto;"[31m
  [36m/>[31m
  [36m<div[31m
    [33maria-describedby[31m=[32m"radix-_r_h_"[31m
    [33maria-labelledby[31m=[32m"radix-_r_g_"[31m
    [33mclass[31m=[32m"fixed left-[50%] top-[50%] z-50 grid w-full 
translate-x-[-50%] translate-y-[-50%] gap-4 border bg-background p-6 shadow-lg 
duration-200 data-[state=open]:animate-in data-[state=closed]:animate-out 
data-[state=closed]:fade-out-0 data-[state=open]:fade-in-0 
data-[state=closed]:zoom-out-95 data-[state=open]:zoom-in-95 
data-[state=closed]:slide-out-to-left-1/2 
data-[state=closed]:slide-out-to-top-[48%] 
data-[state=open]:slide-in-from-left-1/2 
data-[state=open]:slide-in-from-top-[48%] sm:rounded-lg max-w-5xl"[31m
    [33mdata-state[31m=[32m"open"[31m
    [33mid[31m=[32m"radix-_r_f_"[31m
    [33mrole[31m=[32m"dialog"[31m
    [33mstyle[31m=[32m"pointer-events: auto;"[31m
    [33mtabindex[31m=[32m"-1"[31m
  [36m>[31m
    [36m<div[31m
      [33mclass[31m=[32m"flex items-center justify-center py-16"[31m
    [36m>[31m
      [36m<div[31m
        [33mclass[31m=[32m"animate-spin rounded-full h-10 w-10 border-b-2 
border-green-600"[31m
      [36m/>[31m
    [36m</div>[31m
    [36m<button[31m
      [33mclass[31m=[32m"absolute right-4 top-4 rounded-sm opacity-70 
ring-offset-background transition-opacity hover:opacity-100 focus:outline-none 
focus:ring-2 focus:ring-ring focus:ring-offset-2 disabled:pointer-events-none 
data-[state=open]:bg-accent data-[state=open]:text-muted-foreground"[31m
      [33mtype[31m=[32m"button"[31m
    [36m>[31m
      [36m<svg[31m
        [33maria-hidden[31m=[32m"true"[31m
        [33mclass[31m=[32m"lucide lucide-x h-4 w-4"[31m
        [33mfill[31m=[32m"none"[31m
        [33mheight[31m=[32m"24"[31m
        [33mstroke[31m=[32m"currentColor"[31m
        [33mstroke-linecap[31m=[32m"round"[31m
        [33mstroke-linejoin[31m=[32m"round"[31m
        [33mstroke-width[31m=[32m"2"[31m
        [33mviewBox[31m=[32m"0 0 24 24"[31m
        [33mwidth[31m=[32m"24"[31m
        [33mxmlns[31m=[32m"http://www.w3.org/2000/svg"[31m
      [36m>[31m
        [36m<path[31m
          [33md[31m=[32m"M18 6 6 18"[31m
        [36m/>[31m
        [36m<path[31m
          [33md[31m=[32m"m6 6 12 12"[31m
        [36m/>[31m
      [36m</svg>[31m
      [36m<span[31m
        [33mclass[31m=[32m"sr-only"[31m
      [36m>[31m
        [0mClose[0m
      [36m</span>[31m
    [36m</button>[31m
  [36m</div>[31m
  [36m<span[31m
    [33maria-hidden[31m=[32m"true"[31m
    [33mdata-aria-hidden[31m=[32m"true"[31m
    [33mdata-radix-focus-guard[31m=[32m""[31m
    [33mstyle[31m=[32m"outline: none; opacity: 0; position: fixed; 
pointer-events: none;"[31m
    [33mtabindex[31m=[32m"0"[31m
  [36m/>[31m
[36m</body>[31m[39m
[90m [2mΓ¥»[22m Object.getElementError 
node_modules/@testing-library/dom/dist/config.js:[2m37:19[22m[39m
[90m [2mΓ¥»[22m 
node_modules/@testing-library/dom/dist/query-helpers.js:[2m76:38[22m[39m
[90m [2mΓ¥»[22m 
node_modules/@testing-library/dom/dist/query-helpers.js:[2m52:17[22m[39m
[90m [2mΓ¥»[22m 
node_modules/@testing-library/dom/dist/query-helpers.js:[2m95:19[22m[39m
[36m [2mΓ¥»[22m 
src/test/components/AdminRefurbishmentReviewModal.test.jsx:[2m219:33[22m[39m
    [90m217| [39m
    [90m218| [39m      [90m// Switch to Tab 2[39m
    [90m219| [39m      [35mconst[39m tab2Button [33m=[39m 
screen[33m.[39m[34mgetByText[39m([36m/Admin.*Package/i[39m)[33m;[39m
    [90m   | [39m                                [31m^[39m
    [90m220| [39m      
fireEvent[33m.[39m[34mclick[39m(tab2Button)[33m;[39m
    [90m221| [39m

[31m[2mΓÄ»ΓÄ»ΓÄ»ΓÄ»ΓÄ»ΓÄ»ΓÄ»ΓÄ»ΓÄ»ΓÄ»ΓÄ»ΓÄ»ΓÄ»ΓÄ»ΓÄ»ΓÄ»ΓÄ»ΓÄ»ΓÄ»ΓÄ»ΓÄ»ΓÄ»ΓÄ»[
6/23]ΓÄ»[22m[39m

[31m[1m[7m FAIL [27m[22m[39m 
src/test/components/AdminRefurbishmentReviewModal.test.jsx[2m > 
[22mAdminRefurbishmentReviewModal Component[2m > [22mTab 2: Admin Package 
Selection[2m > [22mshould display all packages for current course with 
checkboxes
[31m[1mTestingLibraryElementError[22m: Unable to find an element with the 
text: /Admin.*Package/i. This could be because the text is broken up by 
multiple elements. In this case, you can provide a function for your text 
matcher to make your matcher more flexible.

Ignored nodes: comments, script, style
[36m<body[31m
  [33mdata-scroll-locked[31m=[32m"1"[31m
  [33mstyle[31m=[32m"pointer-events: none;"[31m
[36m>[31m
  [36m<span[31m
    [33maria-hidden[31m=[32m"true"[31m
    [33mdata-aria-hidden[31m=[32m"true"[31m
    [33mdata-radix-focus-guard[31m=[32m""[31m
    [33mstyle[31m=[32m"outline: none; opacity: 0; position: fixed; 
pointer-events: none;"[31m
    [33mtabindex[31m=[32m"0"[31m
  [36m/>[31m
  [36m<div[31m
    [33maria-hidden[31m=[32m"true"[31m
    [33mdata-aria-hidden[31m=[32m"true"[31m
  [36m/>[31m
  [36m<div[31m
    [33maria-hidden[31m=[32m"true"[31m
    [33mclass[31m=[32m"fixed inset-0 z-50 bg-black/80 
data-[state=open]:animate-in data-[state=closed]:animate-out 
data-[state=closed]:fade-out-0 data-[state=open]:fade-in-0"[31m
    [33mdata-aria-hidden[31m=[32m"true"[31m
    [33mdata-state[31m=[32m"open"[31m
    [33mstyle[31m=[32m"pointer-events: auto;"[31m
  [36m/>[31m
  [36m<div[31m
    [33maria-describedby[31m=[32m"radix-_r_k_"[31m
    [33maria-labelledby[31m=[32m"radix-_r_j_"[31m
    [33mclass[31m=[32m"fixed left-[50%] top-[50%] z-50 grid w-full 
translate-x-[-50%] translate-y-[-50%] gap-4 border bg-background p-6 shadow-lg 
duration-200 data-[state=open]:animate-in data-[state=closed]:animate-out 
data-[state=closed]:fade-out-0 data-[state=open]:fade-in-0 
data-[state=closed]:zoom-out-95 data-[state=open]:zoom-in-95 
data-[state=closed]:slide-out-to-left-1/2 
data-[state=closed]:slide-out-to-top-[48%] 
data-[state=open]:slide-in-from-left-1/2 
data-[state=open]:slide-in-from-top-[48%] sm:rounded-lg max-w-5xl"[31m
    [33mdata-state[31m=[32m"open"[31m
    [33mid[31m=[32m"radix-_r_i_"[31m
    [33mrole[31m=[32m"dialog"[31m
    [33mstyle[31m=[32m"pointer-events: auto;"[31m
    [33mtabindex[31m=[32m"-1"[31m
  [36m>[31m
    [36m<div[31m
      [33mclass[31m=[32m"flex items-center justify-center py-16"[31m
    [36m>[31m
      [36m<div[31m
        [33mclass[31m=[32m"animate-spin rounded-full h-10 w-10 border-b-2 
border-green-600"[31m
      [36m/>[31m
    [36m</div>[31m
    [36m<button[31m
      [33mclass[31m=[32m"absolute right-4 top-4 rounded-sm opacity-70 
ring-offset-background transition-opacity hover:opacity-100 focus:outline-none 
focus:ring-2 focus:ring-ring focus:ring-offset-2 disabled:pointer-events-none 
data-[state=open]:bg-accent data-[state=open]:text-muted-foreground"[31m
      [33mtype[31m=[32m"button"[31m
    [36m>[31m
      [36m<svg[31m
        [33maria-hidden[31m=[32m"true"[31m
        [33mclass[31m=[32m"lucide lucide-x h-4 w-4"[31m
        [33mfill[31m=[32m"none"[31m
        [33mheight[31m=[32m"24"[31m
        [33mstroke[31m=[32m"currentColor"[31m
        [33mstroke-linecap[31m=[32m"round"[31m
        [33mstroke-linejoin[31m=[32m"round"[31m
        [33mstroke-width[31m=[32m"2"[31m
        [33mviewBox[31m=[32m"0 0 24 24"[31m
        [33mwidth[31m=[32m"24"[31m
        [33mxmlns[31m=[32m"http://www.w3.org/2000/svg"[31m
      [36m>[31m
        [36m<path[31m
          [33md[31m=[32m"M18 6 6 18"[31m
        [36m/>[31m
        [36m<path[31m
          [33md[31m=[32m"m6 6 12 12"[31m
        [36m/>[31m
      [36m</svg>[31m
      [36m<span[31m
        [33mclass[31m=[32m"sr-only"[31m
      [36m>[31m
        [0mClose[0m
      [36m</span>[31m
    [36m</button>[31m
  [36m</div>[31m
  [36m<span[31m
    [33maria-hidden[31m=[32m"true"[31m
    [33mdata-aria-hidden[31m=[32m"true"[31m
    [33mdata-radix-focus-guard[31m=[32m""[31m
    [33mstyle[31m=[32m"outline: none; opacity: 0; position: fixed; 
pointer-events: none;"[31m
    [33mtabindex[31m=[32m"0"[31m
  [36m/>[31m
[36m</body>[31m[39m
[90m [2mΓ¥»[22m Object.getElementError 
node_modules/@testing-library/dom/dist/config.js:[2m37:19[22m[39m
[90m [2mΓ¥»[22m 
node_modules/@testing-library/dom/dist/query-helpers.js:[2m76:38[22m[39m
[90m [2mΓ¥»[22m 
node_modules/@testing-library/dom/dist/query-helpers.js:[2m52:17[22m[39m
[90m [2mΓ¥»[22m 
node_modules/@testing-library/dom/dist/query-helpers.js:[2m95:19[22m[39m
[36m [2mΓ¥»[22m 
src/test/components/AdminRefurbishmentReviewModal.test.jsx:[2m237:33[22m[39m
    [90m235| [39m      )[33m;[39m
    [90m236| [39m
    [90m237| [39m      [35mconst[39m tab2Button [33m=[39m 
screen[33m.[39m[34mgetByText[39m([36m/Admin.*Package/i[39m)[33m;[39m
    [90m   | [39m                                [31m^[39m
    [90m238| [39m      
fireEvent[33m.[39m[34mclick[39m(tab2Button)[33m;[39m
    [90m239| [39m

[31m[2mΓÄ»ΓÄ»ΓÄ»ΓÄ»ΓÄ»ΓÄ»ΓÄ»ΓÄ»ΓÄ»ΓÄ»ΓÄ»ΓÄ»ΓÄ»ΓÄ»ΓÄ»ΓÄ»ΓÄ»ΓÄ»ΓÄ»ΓÄ»ΓÄ»ΓÄ»ΓÄ»[
7/23]ΓÄ»[22m[39m

[31m[1m[7m FAIL [27m[22m[39m 
src/test/components/AdminRefurbishmentReviewModal.test.jsx[2m > 
[22mAdminRefurbishmentReviewModal Component[2m > [22mTab 2: Admin Package 
Selection[2m > [22mshould show "Partner Selected" badge for partner-selected 
packages
[31m[1mTestingLibraryElementError[22m: Unable to find an element with the 
text: /Admin.*Package/i. This could be because the text is broken up by 
multiple elements. In this case, you can provide a function for your text 
matcher to make your matcher more flexible.

Ignored nodes: comments, script, style
[36m<body[31m
  [33mdata-scroll-locked[31m=[32m"1"[31m
  [33mstyle[31m=[32m"pointer-events: none;"[31m
[36m>[31m
  [36m<span[31m
    [33maria-hidden[31m=[32m"true"[31m
    [33mdata-aria-hidden[31m=[32m"true"[31m
    [33mdata-radix-focus-guard[31m=[32m""[31m
    [33mstyle[31m=[32m"outline: none; opacity: 0; position: fixed; 
pointer-events: none;"[31m
    [33mtabindex[31m=[32m"0"[31m
  [36m/>[31m
  [36m<div[31m
    [33maria-hidden[31m=[32m"true"[31m
    [33mdata-aria-hidden[31m=[32m"true"[31m
  [36m/>[31m
  [36m<div[31m
    [33maria-hidden[31m=[32m"true"[31m
    [33mclass[31m=[32m"fixed inset-0 z-50 bg-black/80 
data-[state=open]:animate-in data-[state=closed]:animate-out 
data-[state=closed]:fade-out-0 data-[state=open]:fade-in-0"[31m
    [33mdata-aria-hidden[31m=[32m"true"[31m
    [33mdata-state[31m=[32m"open"[31m
    [33mstyle[31m=[32m"pointer-events: auto;"[31m
  [36m/>[31m
  [36m<div[31m
    [33maria-describedby[31m=[32m"radix-_r_n_"[31m
    [33maria-labelledby[31m=[32m"radix-_r_m_"[31m
    [33mclass[31m=[32m"fixed left-[50%] top-[50%] z-50 grid w-full 
translate-x-[-50%] translate-y-[-50%] gap-4 border bg-background p-6 shadow-lg 
duration-200 data-[state=open]:animate-in data-[state=closed]:animate-out 
data-[state=closed]:fade-out-0 data-[state=open]:fade-in-0 
data-[state=closed]:zoom-out-95 data-[state=open]:zoom-in-95 
data-[state=closed]:slide-out-to-left-1/2 
data-[state=closed]:slide-out-to-top-[48%] 
data-[state=open]:slide-in-from-left-1/2 
data-[state=open]:slide-in-from-top-[48%] sm:rounded-lg max-w-5xl"[31m
    [33mdata-state[31m=[32m"open"[31m
    [33mid[31m=[32m"radix-_r_l_"[31m
    [33mrole[31m=[32m"dialog"[31m
    [33mstyle[31m=[32m"pointer-events: auto;"[31m
    [33mtabindex[31m=[32m"-1"[31m
  [36m>[31m
    [36m<div[31m
      [33mclass[31m=[32m"flex items-center justify-center py-16"[31m
    [36m>[31m
      [36m<div[31m
        [33mclass[31m=[32m"animate-spin rounded-full h-10 w-10 border-b-2 
border-green-600"[31m
      [36m/>[31m
    [36m</div>[31m
    [36m<button[31m
      [33mclass[31m=[32m"absolute right-4 top-4 rounded-sm opacity-70 
ring-offset-background transition-opacity hover:opacity-100 focus:outline-none 
focus:ring-2 focus:ring-ring focus:ring-offset-2 disabled:pointer-events-none 
data-[state=open]:bg-accent data-[state=open]:text-muted-foreground"[31m
      [33mtype[31m=[32m"button"[31m
    [36m>[31m
      [36m<svg[31m
        [33maria-hidden[31m=[32m"true"[31m
        [33mclass[31m=[32m"lucide lucide-x h-4 w-4"[31m
        [33mfill[31m=[32m"none"[31m
        [33mheight[31m=[32m"24"[31m
        [33mstroke[31m=[32m"currentColor"[31m
        [33mstroke-linecap[31m=[32m"round"[31m
        [33mstroke-linejoin[31m=[32m"round"[31m
        [33mstroke-width[31m=[32m"2"[31m
        [33mviewBox[31m=[32m"0 0 24 24"[31m
        [33mwidth[31m=[32m"24"[31m
        [33mxmlns[31m=[32m"http://www.w3.org/2000/svg"[31m
      [36m>[31m
        [36m<path[31m
          [33md[31m=[32m"M18 6 6 18"[31m
        [36m/>[31m
        [36m<path[31m
          [33md[31m=[32m"m6 6 12 12"[31m
        [36m/>[31m
      [36m</svg>[31m
      [36m<span[31m
        [33mclass[31m=[32m"sr-only"[31m
      [36m>[31m
        [0mClose[0m
      [36m</span>[31m
    [36m</button>[31m
  [36m</div>[31m
  [36m<span[31m
    [33maria-hidden[31m=[32m"true"[31m
    [33mdata-aria-hidden[31m=[32m"true"[31m
    [33mdata-radix-focus-guard[31m=[32m""[31m
    [33mstyle[31m=[32m"outline: none; opacity: 0; position: fixed; 
pointer-events: none;"[31m
    [33mtabindex[31m=[32m"0"[31m
  [36m/>[31m
[36m</body>[31m[39m
[90m [2mΓ¥»[22m Object.getElementError 
node_modules/@testing-library/dom/dist/config.js:[2m37:19[22m[39m
[90m [2mΓ¥»[22m 
node_modules/@testing-library/dom/dist/query-helpers.js:[2m76:38[22m[39m
[90m [2mΓ¥»[22m 
node_modules/@testing-library/dom/dist/query-helpers.js:[2m52:17[22m[39m
[90m [2mΓ¥»[22m 
node_modules/@testing-library/dom/dist/query-helpers.js:[2m95:19[22m[39m
[36m [2mΓ¥»[22m 
src/test/components/AdminRefurbishmentReviewModal.test.jsx:[2m257:33[22m[39m
    [90m255| [39m      )[33m;[39m
    [90m256| [39m
    [90m257| [39m      [35mconst[39m tab2Button [33m=[39m 
screen[33m.[39m[34mgetByText[39m([36m/Admin.*Package/i[39m)[33m;[39m
    [90m   | [39m                                [31m^[39m
    [90m258| [39m      
fireEvent[33m.[39m[34mclick[39m(tab2Button)[33m;[39m
    [90m259| [39m

[31m[2mΓÄ»ΓÄ»ΓÄ»ΓÄ»ΓÄ»ΓÄ»ΓÄ»ΓÄ»ΓÄ»ΓÄ»ΓÄ»ΓÄ»ΓÄ»ΓÄ»ΓÄ»ΓÄ»ΓÄ»ΓÄ»ΓÄ»ΓÄ»ΓÄ»ΓÄ»ΓÄ»[
8/23]ΓÄ»[22m[39m

[31m[1m[7m FAIL [27m[22m[39m 
src/test/components/AdminRefurbishmentReviewModal.test.jsx[2m > 
[22mAdminRefurbishmentReviewModal Component[2m > [22mTab 2: Admin Package 
Selection[2m > [22mshould allow admin to uncheck partner-selected packages
[31m[1mTestingLibraryElementError[22m: Unable to find an element with the 
text: /Admin.*Package/i. This could be because the text is broken up by 
multiple elements. In this case, you can provide a function for your text 
matcher to make your matcher more flexible.

Ignored nodes: comments, script, style
[36m<body[31m
  [33mdata-scroll-locked[31m=[32m"1"[31m
  [33mstyle[31m=[32m"pointer-events: none;"[31m
[36m>[31m
  [36m<span[31m
    [33maria-hidden[31m=[32m"true"[31m
    [33mdata-aria-hidden[31m=[32m"true"[31m
    [33mdata-radix-focus-guard[31m=[32m""[31m
    [33mstyle[31m=[32m"outline: none; opacity: 0; position: fixed; 
pointer-events: none;"[31m
    [33mtabindex[31m=[32m"0"[31m
  [36m/>[31m
  [36m<div[31m
    [33maria-hidden[31m=[32m"true"[31m
    [33mdata-aria-hidden[31m=[32m"true"[31m
  [36m/>[31m
  [36m<div[31m
    [33maria-hidden[31m=[32m"true"[31m
    [33mclass[31m=[32m"fixed inset-0 z-50 bg-black/80 
data-[state=open]:animate-in data-[state=closed]:animate-out 
data-[state=closed]:fade-out-0 data-[state=open]:fade-in-0"[31m
    [33mdata-aria-hidden[31m=[32m"true"[31m
    [33mdata-state[31m=[32m"open"[31m
    [33mstyle[31m=[32m"pointer-events: auto;"[31m
  [36m/>[31m
  [36m<div[31m
    [33maria-describedby[31m=[32m"radix-_r_q_"[31m
    [33maria-labelledby[31m=[32m"radix-_r_p_"[31m
    [33mclass[31m=[32m"fixed left-[50%] top-[50%] z-50 grid w-full 
translate-x-[-50%] translate-y-[-50%] gap-4 border bg-background p-6 shadow-lg 
duration-200 data-[state=open]:animate-in data-[state=closed]:animate-out 
data-[state=closed]:fade-out-0 data-[state=open]:fade-in-0 
data-[state=closed]:zoom-out-95 data-[state=open]:zoom-in-95 
data-[state=closed]:slide-out-to-left-1/2 
data-[state=closed]:slide-out-to-top-[48%] 
data-[state=open]:slide-in-from-left-1/2 
data-[state=open]:slide-in-from-top-[48%] sm:rounded-lg max-w-5xl"[31m
    [33mdata-state[31m=[32m"open"[31m
    [33mid[31m=[32m"radix-_r_o_"[31m
    [33mrole[31m=[32m"dialog"[31m
    [33mstyle[31m=[32m"pointer-events: auto;"[31m
    [33mtabindex[31m=[32m"-1"[31m
  [36m>[31m
    [36m<div[31m
      [33mclass[31m=[32m"flex items-center justify-center py-16"[31m
    [36m>[31m
      [36m<div[31m
        [33mclass[31m=[32m"animate-spin rounded-full h-10 w-10 border-b-2 
border-green-600"[31m
      [36m/>[31m
    [36m</div>[31m
    [36m<button[31m
      [33mclass[31m=[32m"absolute right-4 top-4 rounded-sm opacity-70 
ring-offset-background transition-opacity hover:opacity-100 focus:outline-none 
focus:ring-2 focus:ring-ring focus:ring-offset-2 disabled:pointer-events-none 
data-[state=open]:bg-accent data-[state=open]:text-muted-foreground"[31m
      [33mtype[31m=[32m"button"[31m
    [36m>[31m
      [36m<svg[31m
        [33maria-hidden[31m=[32m"true"[31m
        [33mclass[31m=[32m"lucide lucide-x h-4 w-4"[31m
        [33mfill[31m=[32m"none"[31m
        [33mheight[31m=[32m"24"[31m
        [33mstroke[31m=[32m"currentColor"[31m
        [33mstroke-linecap[31m=[32m"round"[31m
        [33mstroke-linejoin[31m=[32m"round"[31m
        [33mstroke-width[31m=[32m"2"[31m
        [33mviewBox[31m=[32m"0 0 24 24"[31m
        [33mwidth[31m=[32m"24"[31m
        [33mxmlns[31m=[32m"http://www.w3.org/2000/svg"[31m
      [36m>[31m
        [36m<path[31m
          [33md[31m=[32m"M18 6 6 18"[31m
        [36m/>[31m
        [36m<path[31m
          [33md[31m=[32m"m6 6 12 12"[31m
        [36m/>[31m
      [36m</svg>[31m
      [36m<span[31m
        [33mclass[31m=[32m"sr-only"[31m
      [36m>[31m
        [0mClose[0m
      [36m</span>[31m
    [36m</button>[31m
  [36m</div>[31m
  [36m<span[31m
    [33maria-hidden[31m=[32m"true"[31m
    [33mdata-aria-hidden[31m=[32m"true"[31m
    [33mdata-radix-focus-guard[31m=[32m""[31m
    [33mstyle[31m=[32m"outline: none; opacity: 0; position: fixed; 
pointer-events: none;"[31m
    [33mtabindex[31m=[32m"0"[31m
  [36m/>[31m
[36m</body>[31m[39m
[90m [2mΓ¥»[22m Object.getElementError 
node_modules/@testing-library/dom/dist/config.js:[2m37:19[22m[39m
[90m [2mΓ¥»[22m 
node_modules/@testing-library/dom/dist/query-helpers.js:[2m76:38[22m[39m
[90m [2mΓ¥»[22m 
node_modules/@testing-library/dom/dist/query-helpers.js:[2m52:17[22m[39m
[90m [2mΓ¥»[22m 
node_modules/@testing-library/dom/dist/query-helpers.js:[2m95:19[22m[39m
[36m [2mΓ¥»[22m 
src/test/components/AdminRefurbishmentReviewModal.test.jsx:[2m277:33[22m[39m
    [90m275| [39m      )[33m;[39m
    [90m276| [39m
    [90m277| [39m      [35mconst[39m tab2Button [33m=[39m 
screen[33m.[39m[34mgetByText[39m([36m/Admin.*Package/i[39m)[33m;[39m
    [90m   | [39m                                [31m^[39m
    [90m278| [39m      
fireEvent[33m.[39m[34mclick[39m(tab2Button)[33m;[39m
    [90m279| [39m

[31m[2mΓÄ»ΓÄ»ΓÄ»ΓÄ»ΓÄ»ΓÄ»ΓÄ»ΓÄ»ΓÄ»ΓÄ»ΓÄ»ΓÄ»ΓÄ»ΓÄ»ΓÄ»ΓÄ»ΓÄ»ΓÄ»ΓÄ»ΓÄ»ΓÄ»ΓÄ»ΓÄ»[
9/23]ΓÄ»[22m[39m

[31m[1m[7m FAIL [27m[22m[39m 
src/test/components/AdminRefurbishmentReviewModal.test.jsx[2m > 
[22mAdminRefurbishmentReviewModal Component[2m > [22mTab 2: Admin Package 
Selection[2m > [22mshould navigate between courses with Previous/Next buttons
[31m[1mTestingLibraryElementError[22m: Unable to find an element with the 
text: /Admin.*Package/i. This could be because the text is broken up by 
multiple elements. In this case, you can provide a function for your text 
matcher to make your matcher more flexible.

Ignored nodes: comments, script, style
[36m<body[31m
  [33mdata-scroll-locked[31m=[32m"1"[31m
  [33mstyle[31m=[32m"pointer-events: none;"[31m
[36m>[31m
  [36m<span[31m
    [33maria-hidden[31m=[32m"true"[31m
    [33mdata-aria-hidden[31m=[32m"true"[31m
    [33mdata-radix-focus-guard[31m=[32m""[31m
    [33mstyle[31m=[32m"outline: none; opacity: 0; position: fixed; 
pointer-events: none;"[31m
    [33mtabindex[31m=[32m"0"[31m
  [36m/>[31m
  [36m<div[31m
    [33maria-hidden[31m=[32m"true"[31m
    [33mdata-aria-hidden[31m=[32m"true"[31m
  [36m/>[31m
  [36m<div[31m
    [33maria-hidden[31m=[32m"true"[31m
    [33mclass[31m=[32m"fixed inset-0 z-50 bg-black/80 
data-[state=open]:animate-in data-[state=closed]:animate-out 
data-[state=closed]:fade-out-0 data-[state=open]:fade-in-0"[31m
    [33mdata-aria-hidden[31m=[32m"true"[31m
    [33mdata-state[31m=[32m"open"[31m
    [33mstyle[31m=[32m"pointer-events: auto;"[31m
  [36m/>[31m
  [36m<div[31m
    [33maria-describedby[31m=[32m"radix-_r_t_"[31m
    [33maria-labelledby[31m=[32m"radix-_r_s_"[31m
    [33mclass[31m=[32m"fixed left-[50%] top-[50%] z-50 grid w-full 
translate-x-[-50%] translate-y-[-50%] gap-4 border bg-background p-6 shadow-lg 
duration-200 data-[state=open]:animate-in data-[state=closed]:animate-out 
data-[state=closed]:fade-out-0 data-[state=open]:fade-in-0 
data-[state=closed]:zoom-out-95 data-[state=open]:zoom-in-95 
data-[state=closed]:slide-out-to-left-1/2 
data-[state=closed]:slide-out-to-top-[48%] 
data-[state=open]:slide-in-from-left-1/2 
data-[state=open]:slide-in-from-top-[48%] sm:rounded-lg max-w-5xl"[31m
    [33mdata-state[31m=[32m"open"[31m
    [33mid[31m=[32m"radix-_r_r_"[31m
    [33mrole[31m=[32m"dialog"[31m
    [33mstyle[31m=[32m"pointer-events: auto;"[31m
    [33mtabindex[31m=[32m"-1"[31m
  [36m>[31m
    [36m<div[31m
      [33mclass[31m=[32m"flex items-center justify-center py-16"[31m
    [36m>[31m
      [36m<div[31m
        [33mclass[31m=[32m"animate-spin rounded-full h-10 w-10 border-b-2 
border-green-600"[31m
      [36m/>[31m
    [36m</div>[31m
    [36m<button[31m
      [33mclass[31m=[32m"absolute right-4 top-4 rounded-sm opacity-70 
ring-offset-background transition-opacity hover:opacity-100 focus:outline-none 
focus:ring-2 focus:ring-ring focus:ring-offset-2 disabled:pointer-events-none 
data-[state=open]:bg-accent data-[state=open]:text-muted-foreground"[31m
      [33mtype[31m=[32m"button"[31m
    [36m>[31m
      [36m<svg[31m
        [33maria-hidden[31m=[32m"true"[31m
        [33mclass[31m=[32m"lucide lucide-x h-4 w-4"[31m
        [33mfill[31m=[32m"none"[31m
        [33mheight[31m=[32m"24"[31m
        [33mstroke[31m=[32m"currentColor"[31m
        [33mstroke-linecap[31m=[32m"round"[31m
        [33mstroke-linejoin[31m=[32m"round"[31m
        [33mstroke-width[31m=[32m"2"[31m
        [33mviewBox[31m=[32m"0 0 24 24"[31m
        [33mwidth[31m=[32m"24"[31m
        [33mxmlns[31m=[32m"http://www.w3.org/2000/svg"[31m
      [36m>[31m
        [36m<path[31m
          [33md[31m=[32m"M18 6 6 18"[31m
        [36m/>[31m
        [36m<path[31m
          [33md[31m=[32m"m6 6 12 12"[31m
        [36m/>[31m
      [36m</svg>[31m
      [36m<span[31m
        [33mclass[31m=[32m"sr-only"[31m
      [36m>[31m
        [0mClose[0m
      [36m</span>[31m
    [36m</button>[31m
  [36m</div>[31m
  [36m<span[31m
    [33maria-hidden[31m=[32m"true"[31m
    [33mdata-aria-hidden[31m=[32m"true"[31m
    [33mdata-radix-focus-guard[31m=[32m""[31m
    [33mstyle[31m=[32m"outline: none; opacity: 0; position: fixed; 
pointer-events: none;"[31m
    [33mtabindex[31m=[32m"0"[31m
  [36m/>[31m
[36m</body>[31m[39m
[90m [2mΓ¥»[22m Object.getElementError 
node_modules/@testing-library/dom/dist/config.js:[2m37:19[22m[39m
[90m [2mΓ¥»[22m 
node_modules/@testing-library/dom/dist/query-helpers.js:[2m76:38[22m[39m
[90m [2mΓ¥»[22m 
node_modules/@testing-library/dom/dist/query-helpers.js:[2m52:17[22m[39m
[90m [2mΓ¥»[22m 
node_modules/@testing-library/dom/dist/query-helpers.js:[2m95:19[22m[39m
[36m [2mΓ¥»[22m 
src/test/components/AdminRefurbishmentReviewModal.test.jsx:[2m302:33[22m[39m
    [90m300| [39m      )[33m;[39m
    [90m301| [39m
    [90m302| [39m      [35mconst[39m tab2Button [33m=[39m 
screen[33m.[39m[34mgetByText[39m([36m/Admin.*Package/i[39m)[33m;[39m
    [90m   | [39m                                [31m^[39m
    [90m303| [39m      
fireEvent[33m.[39m[34mclick[39m(tab2Button)[33m;[39m
    [90m304| [39m

[31m[2mΓÄ»ΓÄ»ΓÄ»ΓÄ»ΓÄ»ΓÄ»ΓÄ»ΓÄ»ΓÄ»ΓÄ»ΓÄ»ΓÄ»ΓÄ»ΓÄ»ΓÄ»ΓÄ»ΓÄ»ΓÄ»ΓÄ»ΓÄ»ΓÄ»ΓÄ»[10/
23]ΓÄ»[22m[39m

[31m[1m[7m FAIL [27m[22m[39m 
src/test/components/AdminRefurbishmentReviewModal.test.jsx[2m > 
[22mAdminRefurbishmentReviewModal Component[2m > [22mTab 2: Admin Package 
Selection[2m > [22mshould disable Previous button on first course
[31m[1mTestingLibraryElementError[22m: Unable to find an element with the 
text: /Admin.*Package/i. This could be because the text is broken up by 
multiple elements. In this case, you can provide a function for your text 
matcher to make your matcher more flexible.

Ignored nodes: comments, script, style
[36m<body[31m
  [33mdata-scroll-locked[31m=[32m"1"[31m
  [33mstyle[31m=[32m"pointer-events: none;"[31m
[36m>[31m
  [36m<span[31m
    [33maria-hidden[31m=[32m"true"[31m
    [33mdata-aria-hidden[31m=[32m"true"[31m
    [33mdata-radix-focus-guard[31m=[32m""[31m
    [33mstyle[31m=[32m"outline: none; opacity: 0; position: fixed; 
pointer-events: none;"[31m
    [33mtabindex[31m=[32m"0"[31m
  [36m/>[31m
  [36m<div[31m
    [33maria-hidden[31m=[32m"true"[31m
    [33mdata-aria-hidden[31m=[32m"true"[31m
  [36m/>[31m
  [36m<div[31m
    [33maria-hidden[31m=[32m"true"[31m
    [33mclass[31m=[32m"fixed inset-0 z-50 bg-black/80 
data-[state=open]:animate-in data-[state=closed]:animate-out 
data-[state=closed]:fade-out-0 data-[state=open]:fade-in-0"[31m
    [33mdata-aria-hidden[31m=[32m"true"[31m
    [33mdata-state[31m=[32m"open"[31m
    [33mstyle[31m=[32m"pointer-events: auto;"[31m
  [36m/>[31m
  [36m<div[31m
    [33maria-describedby[31m=[32m"radix-_r_10_"[31m
    [33maria-labelledby[31m=[32m"radix-_r_v_"[31m
    [33mclass[31m=[32m"fixed left-[50%] top-[50%] z-50 grid w-full 
translate-x-[-50%] translate-y-[-50%] gap-4 border bg-background p-6 shadow-lg 
duration-200 data-[state=open]:animate-in data-[state=closed]:animate-out 
data-[state=closed]:fade-out-0 data-[state=open]:fade-in-0 
data-[state=closed]:zoom-out-95 data-[state=open]:zoom-in-95 
data-[state=closed]:slide-out-to-left-1/2 
data-[state=closed]:slide-out-to-top-[48%] 
data-[state=open]:slide-in-from-left-1/2 
data-[state=open]:slide-in-from-top-[48%] sm:rounded-lg max-w-5xl"[31m
    [33mdata-state[31m=[32m"open"[31m
    [33mid[31m=[32m"radix-_r_u_"[31m
    [33mrole[31m=[32m"dialog"[31m
    [33mstyle[31m=[32m"pointer-events: auto;"[31m
    [33mtabindex[31m=[32m"-1"[31m
  [36m>[31m
    [36m<div[31m
      [33mclass[31m=[32m"flex items-center justify-center py-16"[31m
    [36m>[31m
      [36m<div[31m
        [33mclass[31m=[32m"animate-spin rounded-full h-10 w-10 border-b-2 
border-green-600"[31m
      [36m/>[31m
    [36m</div>[31m
    [36m<button[31m
      [33mclass[31m=[32m"absolute right-4 top-4 rounded-sm opacity-70 
ring-offset-background transition-opacity hover:opacity-100 focus:outline-none 
focus:ring-2 focus:ring-ring focus:ring-offset-2 disabled:pointer-events-none 
data-[state=open]:bg-accent data-[state=open]:text-muted-foreground"[31m
      [33mtype[31m=[32m"button"[31m
    [36m>[31m
      [36m<svg[31m
        [33maria-hidden[31m=[32m"true"[31m
        [33mclass[31m=[32m"lucide lucide-x h-4 w-4"[31m
        [33mfill[31m=[32m"none"[31m
        [33mheight[31m=[32m"24"[31m
        [33mstroke[31m=[32m"currentColor"[31m
        [33mstroke-linecap[31m=[32m"round"[31m
        [33mstroke-linejoin[31m=[32m"round"[31m
        [33mstroke-width[31m=[32m"2"[31m
        [33mviewBox[31m=[32m"0 0 24 24"[31m
        [33mwidth[31m=[32m"24"[31m
        [33mxmlns[31m=[32m"http://www.w3.org/2000/svg"[31m
      [36m>[31m
        [36m<path[31m
          [33md[31m=[32m"M18 6 6 18"[31m
        [36m/>[31m
        [36m<path[31m
          [33md[31m=[32m"m6 6 12 12"[31m
        [36m/>[31m
      [36m</svg>[31m
      [36m<span[31m
        [33mclass[31m=[32m"sr-only"[31m
      [36m>[31m
        [0mClose[0m
      [36m</span>[31m
    [36m</button>[31m
  [36m</div>[31m
  [36m<span[31m
    [33maria-hidden[31m=[32m"true"[31m
    [33mdata-aria-hidden[31m=[32m"true"[31m
    [33mdata-radix-focus-guard[31m=[32m""[31m
    [33mstyle[31m=[32m"outline: none; opacity: 0; position: fixed; 
pointer-events: none;"[31m
    [33mtabindex[31m=[32m"0"[31m
  [36m/>[31m
[36m</body>[31m[39m
[90m [2mΓ¥»[22m Object.getElementError 
node_modules/@testing-library/dom/dist/config.js:[2m37:19[22m[39m
[90m [2mΓ¥»[22m 
node_modules/@testing-library/dom/dist/query-helpers.js:[2m76:38[22m[39m
[90m [2mΓ¥»[22m 
node_modules/@testing-library/dom/dist/query-helpers.js:[2m52:17[22m[39m
[90m [2mΓ¥»[22m 
node_modules/@testing-library/dom/dist/query-helpers.js:[2m95:19[22m[39m
[36m [2mΓ¥»[22m 
src/test/components/AdminRefurbishmentReviewModal.test.jsx:[2m328:33[22m[39m
    [90m326| [39m      )[33m;[39m
    [90m327| [39m
    [90m328| [39m      [35mconst[39m tab2Button [33m=[39m 
screen[33m.[39m[34mgetByText[39m([36m/Admin.*Package/i[39m)[33m;[39m
    [90m   | [39m                                [31m^[39m
    [90m329| [39m      
fireEvent[33m.[39m[34mclick[39m(tab2Button)[33m;[39m
    [90m330| [39m

[31m[2mΓÄ»ΓÄ»ΓÄ»ΓÄ»ΓÄ»ΓÄ»ΓÄ»ΓÄ»ΓÄ»ΓÄ»ΓÄ»ΓÄ»ΓÄ»ΓÄ»ΓÄ»ΓÄ»ΓÄ»ΓÄ»ΓÄ»ΓÄ»ΓÄ»ΓÄ»[11/
23]ΓÄ»[22m[39m

[31m[1m[7m FAIL [27m[22m[39m 
src/test/components/AdminRefurbishmentReviewModal.test.jsx[2m > 
[22mAdminRefurbishmentReviewModal Component[2m > [22mTab 2: Admin Package 
Selection[2m > [22mshould disable Next button on last course
[31m[1mTestingLibraryElementError[22m: Unable to find an element with the 
text: /Admin.*Package/i. This could be because the text is broken up by 
multiple elements. In this case, you can provide a function for your text 
matcher to make your matcher more flexible.

Ignored nodes: comments, script, style
[36m<body[31m
  [33mdata-scroll-locked[31m=[32m"1"[31m
  [33mstyle[31m=[32m"pointer-events: none;"[31m
[36m>[31m
  [36m<span[31m
    [33maria-hidden[31m=[32m"true"[31m
    [33mdata-aria-hidden[31m=[32m"true"[31m
    [33mdata-radix-focus-guard[31m=[32m""[31m
    [33mstyle[31m=[32m"outline: none; opacity: 0; position: fixed; 
pointer-events: none;"[31m
    [33mtabindex[31m=[32m"0"[31m
  [36m/>[31m
  [36m<div[31m
    [33maria-hidden[31m=[32m"true"[31m
    [33mdata-aria-hidden[31m=[32m"true"[31m
  [36m/>[31m
  [36m<div[31m
    [33maria-hidden[31m=[32m"true"[31m
    [33mclass[31m=[32m"fixed inset-0 z-50 bg-black/80 
data-[state=open]:animate-in data-[state=closed]:animate-out 
data-[state=closed]:fade-out-0 data-[state=open]:fade-in-0"[31m
    [33mdata-aria-hidden[31m=[32m"true"[31m
    [33mdata-state[31m=[32m"open"[31m
    [33mstyle[31m=[32m"pointer-events: auto;"[31m
  [36m/>[31m
  [36m<div[31m
    [33maria-describedby[31m=[32m"radix-_r_13_"[31m
    [33maria-labelledby[31m=[32m"radix-_r_12_"[31m
    [33mclass[31m=[32m"fixed left-[50%] top-[50%] z-50 grid w-full 
translate-x-[-50%] translate-y-[-50%] gap-4 border bg-background p-6 shadow-lg 
duration-200 data-[state=open]:animate-in data-[state=closed]:animate-out 
data-[state=closed]:fade-out-0 data-[state=open]:fade-in-0 
data-[state=closed]:zoom-out-95 data-[state=open]:zoom-in-95 
data-[state=closed]:slide-out-to-left-1/2 
data-[state=closed]:slide-out-to-top-[48%] 
data-[state=open]:slide-in-from-left-1/2 
data-[state=open]:slide-in-from-top-[48%] sm:rounded-lg max-w-5xl"[31m
    [33mdata-state[31m=[32m"open"[31m
    [33mid[31m=[32m"radix-_r_11_"[31m
    [33mrole[31m=[32m"dialog"[31m
    [33mstyle[31m=[32m"pointer-events: auto;"[31m
    [33mtabindex[31m=[32m"-1"[31m
  [36m>[31m
    [36m<div[31m
      [33mclass[31m=[32m"flex items-center justify-center py-16"[31m
    [36m>[31m
      [36m<div[31m
        [33mclass[31m=[32m"animate-spin rounded-full h-10 w-10 border-b-2 
border-green-600"[31m
      [36m/>[31m
    [36m</div>[31m
    [36m<button[31m
      [33mclass[31m=[32m"absolute right-4 top-4 rounded-sm opacity-70 
ring-offset-background transition-opacity hover:opacity-100 focus:outline-none 
focus:ring-2 focus:ring-ring focus:ring-offset-2 disabled:pointer-events-none 
data-[state=open]:bg-accent data-[state=open]:text-muted-foreground"[31m
      [33mtype[31m=[32m"button"[31m
    [36m>[31m
      [36m<svg[31m
        [33maria-hidden[31m=[32m"true"[31m
        [33mclass[31m=[32m"lucide lucide-x h-4 w-4"[31m
        [33mfill[31m=[32m"none"[31m
        [33mheight[31m=[32m"24"[31m
        [33mstroke[31m=[32m"currentColor"[31m
        [33mstroke-linecap[31m=[32m"round"[31m
        [33mstroke-linejoin[31m=[32m"round"[31m
        [33mstroke-width[31m=[32m"2"[31m
        [33mviewBox[31m=[32m"0 0 24 24"[31m
        [33mwidth[31m=[32m"24"[31m
        [33mxmlns[31m=[32m"http://www.w3.org/2000/svg"[31m
      [36m>[31m
        [36m<path[31m
          [33md[31m=[32m"M18 6 6 18"[31m
        [36m/>[31m
        [36m<path[31m
          [33md[31m=[32m"m6 6 12 12"[31m
        [36m/>[31m
      [36m</svg>[31m
      [36m<span[31m
        [33mclass[31m=[32m"sr-only"[31m
      [36m>[31m
        [0mClose[0m
      [36m</span>[31m
    [36m</button>[31m
  [36m</div>[31m
  [36m<span[31m
    [33maria-hidden[31m=[32m"true"[31m
    [33mdata-aria-hidden[31m=[32m"true"[31m
    [33mdata-radix-focus-guard[31m=[32m""[31m
    [33mstyle[31m=[32m"outline: none; opacity: 0; position: fixed; 
pointer-events: none;"[31m
    [33mtabindex[31m=[32m"0"[31m
  [36m/>[31m
[36m</body>[31m[39m
[90m [2mΓ¥»[22m Object.getElementError 
node_modules/@testing-library/dom/dist/config.js:[2m37:19[22m[39m
[90m [2mΓ¥»[22m 
node_modules/@testing-library/dom/dist/query-helpers.js:[2m76:38[22m[39m
[90m [2mΓ¥»[22m 
node_modules/@testing-library/dom/dist/query-helpers.js:[2m52:17[22m[39m
[90m [2mΓ¥»[22m 
node_modules/@testing-library/dom/dist/query-helpers.js:[2m95:19[22m[39m
[36m [2mΓ¥»[22m 
src/test/components/AdminRefurbishmentReviewModal.test.jsx:[2m347:33[22m[39m
    [90m345| [39m      )[33m;[39m
    [90m346| [39m
    [90m347| [39m      [35mconst[39m tab2Button [33m=[39m 
screen[33m.[39m[34mgetByText[39m([36m/Admin.*Package/i[39m)[33m;[39m
    [90m   | [39m                                [31m^[39m
    [90m348| [39m      
fireEvent[33m.[39m[34mclick[39m(tab2Button)[33m;[39m
    [90m349| [39m

[31m[2mΓÄ»ΓÄ»ΓÄ»ΓÄ»ΓÄ»ΓÄ»ΓÄ»ΓÄ»ΓÄ»ΓÄ»ΓÄ»ΓÄ»ΓÄ»ΓÄ»ΓÄ»ΓÄ»ΓÄ»ΓÄ»ΓÄ»ΓÄ»ΓÄ»ΓÄ»[12/
23]ΓÄ»[22m[39m

[31m[1m[7m FAIL [27m[22m[39m 
src/test/components/AdminRefurbishmentReviewModal.test.jsx[2m > 
[22mAdminRefurbishmentReviewModal Component[2m > [22mTab 2: Admin Package 
Selection[2m > [22mshould call API to save admin package selections
[31m[1mTestingLibraryElementError[22m: Unable to find an element with the 
text: /Admin.*Package/i. This could be because the text is broken up by 
multiple elements. In this case, you can provide a function for your text 
matcher to make your matcher more flexible.

Ignored nodes: comments, script, style
[36m<body[31m
  [33mdata-scroll-locked[31m=[32m"1"[31m
  [33mstyle[31m=[32m"pointer-events: none;"[31m
[36m>[31m
  [36m<span[31m
    [33maria-hidden[31m=[32m"true"[31m
    [33mdata-aria-hidden[31m=[32m"true"[31m
    [33mdata-radix-focus-guard[31m=[32m""[31m
    [33mstyle[31m=[32m"outline: none; opacity: 0; position: fixed; 
pointer-events: none;"[31m
    [33mtabindex[31m=[32m"0"[31m
  [36m/>[31m
  [36m<div[31m
    [33maria-hidden[31m=[32m"true"[31m
    [33mdata-aria-hidden[31m=[32m"true"[31m
  [36m/>[31m
  [36m<div[31m
    [33maria-hidden[31m=[32m"true"[31m
    [33mclass[31m=[32m"fixed inset-0 z-50 bg-black/80 
data-[state=open]:animate-in data-[state=closed]:animate-out 
data-[state=closed]:fade-out-0 data-[state=open]:fade-in-0"[31m
    [33mdata-aria-hidden[31m=[32m"true"[31m
    [33mdata-state[31m=[32m"open"[31m
    [33mstyle[31m=[32m"pointer-events: auto;"[31m
  [36m/>[31m
  [36m<div[31m
    [33maria-describedby[31m=[32m"radix-_r_16_"[31m
    [33maria-labelledby[31m=[32m"radix-_r_15_"[31m
    [33mclass[31m=[32m"fixed left-[50%] top-[50%] z-50 grid w-full 
translate-x-[-50%] translate-y-[-50%] gap-4 border bg-background p-6 shadow-lg 
duration-200 data-[state=open]:animate-in data-[state=closed]:animate-out 
data-[state=closed]:fade-out-0 data-[state=open]:fade-in-0 
data-[state=closed]:zoom-out-95 data-[state=open]:zoom-in-95 
data-[state=closed]:slide-out-to-left-1/2 
data-[state=closed]:slide-out-to-top-[48%] 
data-[state=open]:slide-in-from-left-1/2 
data-[state=open]:slide-in-from-top-[48%] sm:rounded-lg max-w-5xl"[31m
    [33mdata-state[31m=[32m"open"[31m
    [33mid[31m=[32m"radix-_r_14_"[31m
    [33mrole[31m=[32m"dialog"[31m
    [33mstyle[31m=[32m"pointer-events: auto;"[31m
    [33mtabindex[31m=[32m"-1"[31m
  [36m>[31m
    [36m<div[31m
      [33mclass[31m=[32m"flex items-center justify-center py-16"[31m
    [36m>[31m
      [36m<div[31m
        [33mclass[31m=[32m"animate-spin rounded-full h-10 w-10 border-b-2 
border-green-600"[31m
      [36m/>[31m
    [36m</div>[31m
    [36m<button[31m
      [33mclass[31m=[32m"absolute right-4 top-4 rounded-sm opacity-70 
ring-offset-background transition-opacity hover:opacity-100 focus:outline-none 
focus:ring-2 focus:ring-ring focus:ring-offset-2 disabled:pointer-events-none 
data-[state=open]:bg-accent data-[state=open]:text-muted-foreground"[31m
      [33mtype[31m=[32m"button"[31m
    [36m>[31m
      [36m<svg[31m
        [33maria-hidden[31m=[32m"true"[31m
        [33mclass[31m=[32m"lucide lucide-x h-4 w-4"[31m
        [33mfill[31m=[32m"none"[31m
        [33mheight[31m=[32m"24"[31m
        [33mstroke[31m=[32m"currentColor"[31m
        [33mstroke-linecap[31m=[32m"round"[31m
        [33mstroke-linejoin[31m=[32m"round"[31m
        [33mstroke-width[31m=[32m"2"[31m
        [33mviewBox[31m=[32m"0 0 24 24"[31m
        [33mwidth[31m=[32m"24"[31m
        [33mxmlns[31m=[32m"http://www.w3.org/2000/svg"[31m
      [36m>[31m
        [36m<path[31m
          [33md[31m=[32m"M18 6 6 18"[31m
        [36m/>[31m
        [36m<path[31m
          [33md[31m=[32m"m6 6 12 12"[31m
        [36m/>[31m
      [36m</svg>[31m
      [36m<span[31m
        [33mclass[31m=[32m"sr-only"[31m
      [36m>[31m
        [0mClose[0m
      [36m</span>[31m
    [36m</button>[31m
  [36m</div>[31m
  [36m<span[31m
    [33maria-hidden[31m=[32m"true"[31m
    [33mdata-aria-hidden[31m=[32m"true"[31m
    [33mdata-radix-focus-guard[31m=[32m""[31m
    [33mstyle[31m=[32m"outline: none; opacity: 0; position: fixed; 
pointer-events: none;"[31m
    [33mtabindex[31m=[32m"0"[31m
  [36m/>[31m
[36m</body>[31m[39m
[90m [2mΓ¥»[22m Object.getElementError 
node_modules/@testing-library/dom/dist/config.js:[2m37:19[22m[39m
[90m [2mΓ¥»[22m 
node_modules/@testing-library/dom/dist/query-helpers.js:[2m76:38[22m[39m
[90m [2mΓ¥»[22m 
node_modules/@testing-library/dom/dist/query-helpers.js:[2m52:17[22m[39m
[90m [2mΓ¥»[22m 
node_modules/@testing-library/dom/dist/query-helpers.js:[2m95:19[22m[39m
[36m [2mΓ¥»[22m 
src/test/components/AdminRefurbishmentReviewModal.test.jsx:[2m373:33[22m[39m
    [90m371| [39m      )[33m;[39m
    [90m372| [39m
    [90m373| [39m      [35mconst[39m tab2Button [33m=[39m 
screen[33m.[39m[34mgetByText[39m([36m/Admin.*Package/i[39m)[33m;[39m
    [90m   | [39m                                [31m^[39m
    [90m374| [39m      
fireEvent[33m.[39m[34mclick[39m(tab2Button)[33m;[39m
    [90m375| [39m

[31m[2mΓÄ»ΓÄ»ΓÄ»ΓÄ»ΓÄ»ΓÄ»ΓÄ»ΓÄ»ΓÄ»ΓÄ»ΓÄ»ΓÄ»ΓÄ»ΓÄ»ΓÄ»ΓÄ»ΓÄ»ΓÄ»ΓÄ»ΓÄ»ΓÄ»ΓÄ»[13/
23]ΓÄ»[22m[39m

[31m[1m[7m FAIL [27m[22m[39m 
src/test/components/AdminRefurbishmentReviewModal.test.jsx[2m > 
[22mAdminRefurbishmentReviewModal Component[2m > [22mTab 2: Admin Package 
Selection[2m > [22mshould show selection summary with count
[31m[1mTestingLibraryElementError[22m: Unable to find an element with the 
text: /Admin.*Package/i. This could be because the text is broken up by 
multiple elements. In this case, you can provide a function for your text 
matcher to make your matcher more flexible.

Ignored nodes: comments, script, style
[36m<body[31m
  [33mdata-scroll-locked[31m=[32m"1"[31m
  [33mstyle[31m=[32m"pointer-events: none;"[31m
[36m>[31m
  [36m<span[31m
    [33maria-hidden[31m=[32m"true"[31m
    [33mdata-aria-hidden[31m=[32m"true"[31m
    [33mdata-radix-focus-guard[31m=[32m""[31m
    [33mstyle[31m=[32m"outline: none; opacity: 0; position: fixed; 
pointer-events: none;"[31m
    [33mtabindex[31m=[32m"0"[31m
  [36m/>[31m
  [36m<div[31m
    [33maria-hidden[31m=[32m"true"[31m
    [33mdata-aria-hidden[31m=[32m"true"[31m
  [36m/>[31m
  [36m<div[31m
    [33maria-hidden[31m=[32m"true"[31m
    [33mclass[31m=[32m"fixed inset-0 z-50 bg-black/80 
data-[state=open]:animate-in data-[state=closed]:animate-out 
data-[state=closed]:fade-out-0 data-[state=open]:fade-in-0"[31m
    [33mdata-aria-hidden[31m=[32m"true"[31m
    [33mdata-state[31m=[32m"open"[31m
    [33mstyle[31m=[32m"pointer-events: auto;"[31m
  [36m/>[31m
  [36m<div[31m
    [33maria-describedby[31m=[32m"radix-_r_19_"[31m
    [33maria-labelledby[31m=[32m"radix-_r_18_"[31m
    [33mclass[31m=[32m"fixed left-[50%] top-[50%] z-50 grid w-full 
translate-x-[-50%] translate-y-[-50%] gap-4 border bg-background p-6 shadow-lg 
duration-200 data-[state=open]:animate-in data-[state=closed]:animate-out 
data-[state=closed]:fade-out-0 data-[state=open]:fade-in-0 
data-[state=closed]:zoom-out-95 data-[state=open]:zoom-in-95 
data-[state=closed]:slide-out-to-left-1/2 
data-[state=closed]:slide-out-to-top-[48%] 
data-[state=open]:slide-in-from-left-1/2 
data-[state=open]:slide-in-from-top-[48%] sm:rounded-lg max-w-5xl"[31m
    [33mdata-state[31m=[32m"open"[31m
    [33mid[31m=[32m"radix-_r_17_"[31m
    [33mrole[31m=[32m"dialog"[31m
    [33mstyle[31m=[32m"pointer-events: auto;"[31m
    [33mtabindex[31m=[32m"-1"[31m
  [36m>[31m
    [36m<div[31m
      [33mclass[31m=[32m"flex items-center justify-center py-16"[31m
    [36m>[31m
      [36m<div[31m
        [33mclass[31m=[32m"animate-spin rounded-full h-10 w-10 border-b-2 
border-green-600"[31m
      [36m/>[31m
    [36m</div>[31m
    [36m<button[31m
      [33mclass[31m=[32m"absolute right-4 top-4 rounded-sm opacity-70 
ring-offset-background transition-opacity hover:opacity-100 focus:outline-none 
focus:ring-2 focus:ring-ring focus:ring-offset-2 disabled:pointer-events-none 
data-[state=open]:bg-accent data-[state=open]:text-muted-foreground"[31m
      [33mtype[31m=[32m"button"[31m
    [36m>[31m
      [36m<svg[31m
        [33maria-hidden[31m=[32m"true"[31m
        [33mclass[31m=[32m"lucide lucide-x h-4 w-4"[31m
        [33mfill[31m=[32m"none"[31m
        [33mheight[31m=[32m"24"[31m
        [33mstroke[31m=[32m"currentColor"[31m
        [33mstroke-linecap[31m=[32m"round"[31m
        [33mstroke-linejoin[31m=[32m"round"[31m
        [33mstroke-width[31m=[32m"2"[31m
        [33mviewBox[31m=[32m"0 0 24 24"[31m
        [33mwidth[31m=[32m"24"[31m
        [33mxmlns[31m=[32m"http://www.w3.org/2000/svg"[31m
      [36m>[31m
        [36m<path[31m
          [33md[31m=[32m"M18 6 6 18"[31m
        [36m/>[31m
        [36m<path[31m
          [33md[31m=[32m"m6 6 12 12"[31m
        [36m/>[31m
      [36m</svg>[31m
      [36m<span[31m
        [33mclass[31m=[32m"sr-only"[31m
      [36m>[31m
        [0mClose[0m
      [36m</span>[31m
    [36m</button>[31m
  [36m</div>[31m
  [36m<span[31m
    [33maria-hidden[31m=[32m"true"[31m
    [33mdata-aria-hidden[31m=[32m"true"[31m
    [33mdata-radix-focus-guard[31m=[32m""[31m
    [33mstyle[31m=[32m"outline: none; opacity: 0; position: fixed; 
pointer-events: none;"[31m
    [33mtabindex[31m=[32m"0"[31m
  [36m/>[31m
[36m</body>[31m[39m
[90m [2mΓ¥»[22m Object.getElementError 
node_modules/@testing-library/dom/dist/config.js:[2m37:19[22m[39m
[90m [2mΓ¥»[22m 
node_modules/@testing-library/dom/dist/query-helpers.js:[2m76:38[22m[39m
[90m [2mΓ¥»[22m 
node_modules/@testing-library/dom/dist/query-helpers.js:[2m52:17[22m[39m
[90m [2mΓ¥»[22m 
node_modules/@testing-library/dom/dist/query-helpers.js:[2m95:19[22m[39m
[36m [2mΓ¥»[22m 
src/test/components/AdminRefurbishmentReviewModal.test.jsx:[2m403:33[22m[39m
    [90m401| [39m      )[33m;[39m
    [90m402| [39m
    [90m403| [39m      [35mconst[39m tab2Button [33m=[39m 
screen[33m.[39m[34mgetByText[39m([36m/Admin.*Package/i[39m)[33m;[39m
    [90m   | [39m                                [31m^[39m
    [90m404| [39m      
fireEvent[33m.[39m[34mclick[39m(tab2Button)[33m;[39m
    [90m405| [39m

[31m[2mΓÄ»ΓÄ»ΓÄ»ΓÄ»ΓÄ»ΓÄ»ΓÄ»ΓÄ»ΓÄ»ΓÄ»ΓÄ»ΓÄ»ΓÄ»ΓÄ»ΓÄ»ΓÄ»ΓÄ»ΓÄ»ΓÄ»ΓÄ»ΓÄ»ΓÄ»[14/
23]ΓÄ»[22m[39m

[31m[1m[7m FAIL [27m[22m[39m 
src/test/components/AdminRefurbishmentReviewModal.test.jsx[2m > 
[22mAdminRefurbishmentReviewModal Component[2m > [22mTab 3: Preview and 
Actions[2m > [22mshould allow admin to add remarks
[31m[1mTestingLibraryElementError[22m: Unable to find an element with the 
text: /Preview/i. This could be because the text is broken up by multiple 
elements. In this case, you can provide a function for your text matcher to 
make your matcher more flexible.

Ignored nodes: comments, script, style
[36m<body[31m
  [33mdata-scroll-locked[31m=[32m"1"[31m
  [33mstyle[31m=[32m"pointer-events: none;"[31m
[36m>[31m
  [36m<span[31m
    [33maria-hidden[31m=[32m"true"[31m
    [33mdata-aria-hidden[31m=[32m"true"[31m
    [33mdata-radix-focus-guard[31m=[32m""[31m
    [33mstyle[31m=[32m"outline: none; opacity: 0; position: fixed; 
pointer-events: none;"[31m
    [33mtabindex[31m=[32m"0"[31m
  [36m/>[31m
  [36m<div[31m
    [33maria-hidden[31m=[32m"true"[31m
    [33mdata-aria-hidden[31m=[32m"true"[31m
  [36m/>[31m
  [36m<div[31m
    [33maria-hidden[31m=[32m"true"[31m
    [33mclass[31m=[32m"fixed inset-0 z-50 bg-black/80 
data-[state=open]:animate-in data-[state=closed]:animate-out 
data-[state=closed]:fade-out-0 data-[state=open]:fade-in-0"[31m
    [33mdata-aria-hidden[31m=[32m"true"[31m
    [33mdata-state[31m=[32m"open"[31m
    [33mstyle[31m=[32m"pointer-events: auto;"[31m
  [36m/>[31m
  [36m<div[31m
    [33maria-describedby[31m=[32m"radix-_r_1c_"[31m
    [33maria-labelledby[31m=[32m"radix-_r_1b_"[31m
    [33mclass[31m=[32m"fixed left-[50%] top-[50%] z-50 grid w-full 
translate-x-[-50%] translate-y-[-50%] gap-4 border bg-background p-6 shadow-lg 
duration-200 data-[state=open]:animate-in data-[state=closed]:animate-out 
data-[state=closed]:fade-out-0 data-[state=open]:fade-in-0 
data-[state=closed]:zoom-out-95 data-[state=open]:zoom-in-95 
data-[state=closed]:slide-out-to-left-1/2 
data-[state=closed]:slide-out-to-top-[48%] 
data-[state=open]:slide-in-from-left-1/2 
data-[state=open]:slide-in-from-top-[48%] sm:rounded-lg max-w-5xl"[31m
    [33mdata-state[31m=[32m"open"[31m
    [33mid[31m=[32m"radix-_r_1a_"[31m
    [33mrole[31m=[32m"dialog"[31m
    [33mstyle[31m=[32m"pointer-events: auto;"[31m
    [33mtabindex[31m=[32m"-1"[31m
  [36m>[31m
    [36m<div[31m
      [33mclass[31m=[32m"flex items-center justify-center py-16"[31m
    [36m>[31m
      [36m<div[31m
        [33mclass[31m=[32m"animate-spin rounded-full h-10 w-10 border-b-2 
border-green-600"[31m
      [36m/>[31m
    [36m</div>[31m
    [36m<button[31m
      [33mclass[31m=[32m"absolute right-4 top-4 rounded-sm opacity-70 
ring-offset-background transition-opacity hover:opacity-100 focus:outline-none 
focus:ring-2 focus:ring-ring focus:ring-offset-2 disabled:pointer-events-none 
data-[state=open]:bg-accent data-[state=open]:text-muted-foreground"[31m
      [33mtype[31m=[32m"button"[31m
    [36m>[31m
      [36m<svg[31m
        [33maria-hidden[31m=[32m"true"[31m
        [33mclass[31m=[32m"lucide lucide-x h-4 w-4"[31m
        [33mfill[31m=[32m"none"[31m
        [33mheight[31m=[32m"24"[31m
        [33mstroke[31m=[32m"currentColor"[31m
        [33mstroke-linecap[31m=[32m"round"[31m
        [33mstroke-linejoin[31m=[32m"round"[31m
        [33mstroke-width[31m=[32m"2"[31m
        [33mviewBox[31m=[32m"0 0 24 24"[31m
        [33mwidth[31m=[32m"24"[31m
        [33mxmlns[31m=[32m"http://www.w3.org/2000/svg"[31m
      [36m>[31m
        [36m<path[31m
          [33md[31m=[32m"M18 6 6 18"[31m
        [36m/>[31m
        [36m<path[31m
          [33md[31m=[32m"m6 6 12 12"[31m
        [36m/>[31m
      [36m</svg>[31m
      [36m<span[31m
        [33mclass[31m=[32m"sr-only"[31m
      [36m>[31m
        [0mClose[0m
      [36m</span>[31m
    [36m</button>[31m
  [36m</div>[31m
  [36m<span[31m
    [33maria-hidden[31m=[32m"true"[31m
    [33mdata-aria-hidden[31m=[32m"true"[31m
    [33mdata-radix-focus-guard[31m=[32m""[31m
    [33mstyle[31m=[32m"outline: none; opacity: 0; position: fixed; 
pointer-events: none;"[31m
    [33mtabindex[31m=[32m"0"[31m
  [36m/>[31m
[36m</body>[31m[39m
[90m [2mΓ¥»[22m Object.getElementError 
node_modules/@testing-library/dom/dist/config.js:[2m37:19[22m[39m
[90m [2mΓ¥»[22m 
node_modules/@testing-library/dom/dist/query-helpers.js:[2m76:38[22m[39m
[90m [2mΓ¥»[22m 
node_modules/@testing-library/dom/dist/query-helpers.js:[2m52:17[22m[39m
[90m [2mΓ¥»[22m 
node_modules/@testing-library/dom/dist/query-helpers.js:[2m95:19[22m[39m
[36m [2mΓ¥»[22m 
src/test/components/AdminRefurbishmentReviewModal.test.jsx:[2m426:33[22m[39m
    [90m424| [39m
    [90m425| [39m      [90m// Switch to Tab 3[39m
    [90m426| [39m      [35mconst[39m tab3Button [33m=[39m 
screen[33m.[39m[34mgetByText[39m([36m/Preview/i[39m)[33m;[39m
    [90m   | [39m                                [31m^[39m
    [90m427| [39m      
fireEvent[33m.[39m[34mclick[39m(tab3Button)[33m;[39m
    [90m428| [39m

[31m[2mΓÄ»ΓÄ»ΓÄ»ΓÄ»ΓÄ»ΓÄ»ΓÄ»ΓÄ»ΓÄ»ΓÄ»ΓÄ»ΓÄ»ΓÄ»ΓÄ»ΓÄ»ΓÄ»ΓÄ»ΓÄ»ΓÄ»ΓÄ»ΓÄ»ΓÄ»[15/
23]ΓÄ»[22m[39m

[31m[1m[7m FAIL [27m[22m[39m 
src/test/components/AdminRefurbishmentReviewModal.test.jsx[2m > 
[22mAdminRefurbishmentReviewModal Component[2m > [22mTab 3: Preview and 
Actions[2m > [22mshould call approve API when Approve clicked
[31m[1mTestingLibraryElementError[22m: Unable to find an element with the 
text: /Preview/i. This could be because the text is broken up by multiple 
elements. In this case, you can provide a function for your text matcher to 
make your matcher more flexible.

Ignored nodes: comments, script, style
[36m<body[31m
  [33mdata-scroll-locked[31m=[32m"1"[31m
  [33mstyle[31m=[32m"pointer-events: none;"[31m
[36m>[31m
  [36m<span[31m
    [33maria-hidden[31m=[32m"true"[31m
    [33mdata-aria-hidden[31m=[32m"true"[31m
    [33mdata-radix-focus-guard[31m=[32m""[31m
    [33mstyle[31m=[32m"outline: none; opacity: 0; position: fixed; 
pointer-events: none;"[31m
    [33mtabindex[31m=[32m"0"[31m
  [36m/>[31m
  [36m<div[31m
    [33maria-hidden[31m=[32m"true"[31m
    [33mdata-aria-hidden[31m=[32m"true"[31m
  [36m/>[31m
  [36m<div[31m
    [33maria-hidden[31m=[32m"true"[31m
    [33mclass[31m=[32m"fixed inset-0 z-50 bg-black/80 
data-[state=open]:animate-in data-[state=closed]:animate-out 
data-[state=closed]:fade-out-0 data-[state=open]:fade-in-0"[31m
    [33mdata-aria-hidden[31m=[32m"true"[31m
    [33mdata-state[31m=[32m"open"[31m
    [33mstyle[31m=[32m"pointer-events: auto;"[31m
  [36m/>[31m
  [36m<div[31m
    [33maria-describedby[31m=[32m"radix-_r_1f_"[31m
    [33maria-labelledby[31m=[32m"radix-_r_1e_"[31m
    [33mclass[31m=[32m"fixed left-[50%] top-[50%] z-50 grid w-full 
translate-x-[-50%] translate-y-[-50%] gap-4 border bg-background p-6 shadow-lg 
duration-200 data-[state=open]:animate-in data-[state=closed]:animate-out 
data-[state=closed]:fade-out-0 data-[state=open]:fade-in-0 
data-[state=closed]:zoom-out-95 data-[state=open]:zoom-in-95 
data-[state=closed]:slide-out-to-left-1/2 
data-[state=closed]:slide-out-to-top-[48%] 
data-[state=open]:slide-in-from-left-1/2 
data-[state=open]:slide-in-from-top-[48%] sm:rounded-lg max-w-5xl"[31m
    [33mdata-state[31m=[32m"open"[31m
    [33mid[31m=[32m"radix-_r_1d_"[31m
    [33mrole[31m=[32m"dialog"[31m
    [33mstyle[31m=[32m"pointer-events: auto;"[31m
    [33mtabindex[31m=[32m"-1"[31m
  [36m>[31m
    [36m<div[31m
      [33mclass[31m=[32m"flex items-center justify-center py-16"[31m
    [36m>[31m
      [36m<div[31m
        [33mclass[31m=[32m"animate-spin rounded-full h-10 w-10 border-b-2 
border-green-600"[31m
      [36m/>[31m
    [36m</div>[31m
    [36m<button[31m
      [33mclass[31m=[32m"absolute right-4 top-4 rounded-sm opacity-70 
ring-offset-background transition-opacity hover:opacity-100 focus:outline-none 
focus:ring-2 focus:ring-ring focus:ring-offset-2 disabled:pointer-events-none 
data-[state=open]:bg-accent data-[state=open]:text-muted-foreground"[31m
      [33mtype[31m=[32m"button"[31m
    [36m>[31m
      [36m<svg[31m
        [33maria-hidden[31m=[32m"true"[31m
        [33mclass[31m=[32m"lucide lucide-x h-4 w-4"[31m
        [33mfill[31m=[32m"none"[31m
        [33mheight[31m=[32m"24"[31m
        [33mstroke[31m=[32m"currentColor"[31m
        [33mstroke-linecap[31m=[32m"round"[31m
        [33mstroke-linejoin[31m=[32m"round"[31m
        [33mstroke-width[31m=[32m"2"[31m
        [33mviewBox[31m=[32m"0 0 24 24"[31m
        [33mwidth[31m=[32m"24"[31m
        [33mxmlns[31m=[32m"http://www.w3.org/2000/svg"[31m
      [36m>[31m
        [36m<path[31m
          [33md[31m=[32m"M18 6 6 18"[31m
        [36m/>[31m
        [36m<path[31m
          [33md[31m=[32m"m6 6 12 12"[31m
        [36m/>[31m
      [36m</svg>[31m
      [36m<span[31m
        [33mclass[31m=[32m"sr-only"[31m
      [36m>[31m
        [0mClose[0m
      [36m</span>[31m
    [36m</button>[31m
  [36m</div>[31m
  [36m<span[31m
    [33maria-hidden[31m=[32m"true"[31m
    [33mdata-aria-hidden[31m=[32m"true"[31m
    [33mdata-radix-focus-guard[31m=[32m""[31m
    [33mstyle[31m=[32m"outline: none; opacity: 0; position: fixed; 
pointer-events: none;"[31m
    [33mtabindex[31m=[32m"0"[31m
  [36m/>[31m
[36m</body>[31m[39m
[90m [2mΓ¥»[22m Object.getElementError 
node_modules/@testing-library/dom/dist/config.js:[2m37:19[22m[39m
[90m [2mΓ¥»[22m 
node_modules/@testing-library/dom/dist/query-helpers.js:[2m76:38[22m[39m
[90m [2mΓ¥»[22m 
node_modules/@testing-library/dom/dist/query-helpers.js:[2m52:17[22m[39m
[90m [2mΓ¥»[22m 
node_modules/@testing-library/dom/dist/query-helpers.js:[2m95:19[22m[39m
[36m [2mΓ¥»[22m 
src/test/components/AdminRefurbishmentReviewModal.test.jsx:[2m450:33[22m[39m
    [90m448| [39m      )[33m;[39m
    [90m449| [39m
    [90m450| [39m      [35mconst[39m tab3Button [33m=[39m 
screen[33m.[39m[34mgetByText[39m([36m/Preview/i[39m)[33m;[39m
    [90m   | [39m                                [31m^[39m
    [90m451| [39m      
fireEvent[33m.[39m[34mclick[39m(tab3Button)[33m;[39m
    [90m452| [39m

[31m[2mΓÄ»ΓÄ»ΓÄ»ΓÄ»ΓÄ»ΓÄ»ΓÄ»ΓÄ»ΓÄ»ΓÄ»ΓÄ»ΓÄ»ΓÄ»ΓÄ»ΓÄ»ΓÄ»ΓÄ»ΓÄ»ΓÄ»ΓÄ»ΓÄ»ΓÄ»[16/
23]ΓÄ»[22m[39m

[31m[1m[7m FAIL [27m[22m[39m 
src/test/components/AdminRefurbishmentReviewModal.test.jsx[2m > 
[22mAdminRefurbishmentReviewModal Component[2m > [22mTab 3: Preview and 
Actions[2m > [22mshould require rejection reason when rejecting
[31m[1mTestingLibraryElementError[22m: Unable to find an element with the 
text: /Preview/i. This could be because the text is broken up by multiple 
elements. In this case, you can provide a function for your text matcher to 
make your matcher more flexible.

Ignored nodes: comments, script, style
[36m<body[31m
  [33mdata-scroll-locked[31m=[32m"1"[31m
  [33mstyle[31m=[32m"pointer-events: none;"[31m
[36m>[31m
  [36m<span[31m
    [33maria-hidden[31m=[32m"true"[31m
    [33mdata-aria-hidden[31m=[32m"true"[31m
    [33mdata-radix-focus-guard[31m=[32m""[31m
    [33mstyle[31m=[32m"outline: none; opacity: 0; position: fixed; 
pointer-events: none;"[31m
    [33mtabindex[31m=[32m"0"[31m
  [36m/>[31m
  [36m<div[31m
    [33maria-hidden[31m=[32m"true"[31m
    [33mdata-aria-hidden[31m=[32m"true"[31m
  [36m/>[31m
  [36m<div[31m
    [33maria-hidden[31m=[32m"true"[31m
    [33mclass[31m=[32m"fixed inset-0 z-50 bg-black/80 
data-[state=open]:animate-in data-[state=closed]:animate-out 
data-[state=closed]:fade-out-0 data-[state=open]:fade-in-0"[31m
    [33mdata-aria-hidden[31m=[32m"true"[31m
    [33mdata-state[31m=[32m"open"[31m
    [33mstyle[31m=[32m"pointer-events: auto;"[31m
  [36m/>[31m
  [36m<div[31m
    [33maria-describedby[31m=[32m"radix-_r_1i_"[31m
    [33maria-labelledby[31m=[32m"radix-_r_1h_"[31m
    [33mclass[31m=[32m"fixed left-[50%] top-[50%] z-50 grid w-full 
translate-x-[-50%] translate-y-[-50%] gap-4 border bg-background p-6 shadow-lg 
duration-200 data-[state=open]:animate-in data-[state=closed]:animate-out 
data-[state=closed]:fade-out-0 data-[state=open]:fade-in-0 
data-[state=closed]:zoom-out-95 data-[state=open]:zoom-in-95 
data-[state=closed]:slide-out-to-left-1/2 
data-[state=closed]:slide-out-to-top-[48%] 
data-[state=open]:slide-in-from-left-1/2 
data-[state=open]:slide-in-from-top-[48%] sm:rounded-lg max-w-5xl"[31m
    [33mdata-state[31m=[32m"open"[31m
    [33mid[31m=[32m"radix-_r_1g_"[31m
    [33mrole[31m=[32m"dialog"[31m
    [33mstyle[31m=[32m"pointer-events: auto;"[31m
    [33mtabindex[31m=[32m"-1"[31m
  [36m>[31m
    [36m<div[31m
      [33mclass[31m=[32m"flex items-center justify-center py-16"[31m
    [36m>[31m
      [36m<div[31m
        [33mclass[31m=[32m"animate-spin rounded-full h-10 w-10 border-b-2 
border-green-600"[31m
      [36m/>[31m
    [36m</div>[31m
    [36m<button[31m
      [33mclass[31m=[32m"absolute right-4 top-4 rounded-sm opacity-70 
ring-offset-background transition-opacity hover:opacity-100 focus:outline-none 
focus:ring-2 focus:ring-ring focus:ring-offset-2 disabled:pointer-events-none 
data-[state=open]:bg-accent data-[state=open]:text-muted-foreground"[31m
      [33mtype[31m=[32m"button"[31m
    [36m>[31m
      [36m<svg[31m
        [33maria-hidden[31m=[32m"true"[31m
        [33mclass[31m=[32m"lucide lucide-x h-4 w-4"[31m
        [33mfill[31m=[32m"none"[31m
        [33mheight[31m=[32m"24"[31m
        [33mstroke[31m=[32m"currentColor"[31m
        [33mstroke-linecap[31m=[32m"round"[31m
        [33mstroke-linejoin[31m=[32m"round"[31m
        [33mstroke-width[31m=[32m"2"[31m
        [33mviewBox[31m=[32m"0 0 24 24"[31m
        [33mwidth[31m=[32m"24"[31m
        [33mxmlns[31m=[32m"http://www.w3.org/2000/svg"[31m
      [36m>[31m
        [36m<path[31m
          [33md[31m=[32m"M18 6 6 18"[31m
        [36m/>[31m
        [36m<path[31m
          [33md[31m=[32m"m6 6 12 12"[31m
        [36m/>[31m
      [36m</svg>[31m
      [36m<span[31m
        [33mclass[31m=[32m"sr-only"[31m
      [36m>[31m
        [0mClose[0m
      [36m</span>[31m
    [36m</button>[31m
  [36m</div>[31m
  [36m<span[31m
    [33maria-hidden[31m=[32m"true"[31m
    [33mdata-aria-hidden[31m=[32m"true"[31m
    [33mdata-radix-focus-guard[31m=[32m""[31m
    [33mstyle[31m=[32m"outline: none; opacity: 0; position: fixed; 
pointer-events: none;"[31m
    [33mtabindex[31m=[32m"0"[31m
  [36m/>[31m
[36m</body>[31m[39m
[90m [2mΓ¥»[22m Object.getElementError 
node_modules/@testing-library/dom/dist/config.js:[2m37:19[22m[39m
[90m [2mΓ¥»[22m 
node_modules/@testing-library/dom/dist/query-helpers.js:[2m76:38[22m[39m
[90m [2mΓ¥»[22m 
node_modules/@testing-library/dom/dist/query-helpers.js:[2m52:17[22m[39m
[90m [2mΓ¥»[22m 
node_modules/@testing-library/dom/dist/query-helpers.js:[2m95:19[22m[39m
[36m [2mΓ¥»[22m 
src/test/components/AdminRefurbishmentReviewModal.test.jsx:[2m480:33[22m[39m
    [90m478| [39m      )[33m;[39m
    [90m479| [39m
    [90m480| [39m      [35mconst[39m tab3Button [33m=[39m 
screen[33m.[39m[34mgetByText[39m([36m/Preview/i[39m)[33m;[39m
    [90m   | [39m                                [31m^[39m
    [90m481| [39m      
fireEvent[33m.[39m[34mclick[39m(tab3Button)[33m;[39m
    [90m482| [39m

[31m[2mΓÄ»ΓÄ»ΓÄ»ΓÄ»ΓÄ»ΓÄ»ΓÄ»ΓÄ»ΓÄ»ΓÄ»ΓÄ»ΓÄ»ΓÄ»ΓÄ»ΓÄ»ΓÄ»ΓÄ»ΓÄ»ΓÄ»ΓÄ»ΓÄ»ΓÄ»[17/
23]ΓÄ»[22m[39m

[31m[1m[7m FAIL [27m[22m[39m 
src/test/components/AdminRefurbishmentReviewModal.test.jsx[2m > 
[22mAdminRefurbishmentReviewModal Component[2m > [22mAdmin Override 
Behavior[2m > [22mshould initialize admin selections with partner selections
[31m[1mTestingLibraryElementError[22m: Unable to find an element with the 
text: /Admin.*Package/i. This could be because the text is broken up by 
multiple elements. In this case, you can provide a function for your text 
matcher to make your matcher more flexible.

Ignored nodes: comments, script, style
[36m<body[31m
  [33mdata-scroll-locked[31m=[32m"1"[31m
  [33mstyle[31m=[32m"pointer-events: none;"[31m
[36m>[31m
  [36m<span[31m
    [33maria-hidden[31m=[32m"true"[31m
    [33mdata-aria-hidden[31m=[32m"true"[31m
    [33mdata-radix-focus-guard[31m=[32m""[31m
    [33mstyle[31m=[32m"outline: none; opacity: 0; position: fixed; 
pointer-events: none;"[31m
    [33mtabindex[31m=[32m"0"[31m
  [36m/>[31m
  [36m<div[31m
    [33maria-hidden[31m=[32m"true"[31m
    [33mdata-aria-hidden[31m=[32m"true"[31m
  [36m/>[31m
  [36m<div[31m
    [33maria-hidden[31m=[32m"true"[31m
    [33mclass[31m=[32m"fixed inset-0 z-50 bg-black/80 
data-[state=open]:animate-in data-[state=closed]:animate-out 
data-[state=closed]:fade-out-0 data-[state=open]:fade-in-0"[31m
    [33mdata-aria-hidden[31m=[32m"true"[31m
    [33mdata-state[31m=[32m"open"[31m
    [33mstyle[31m=[32m"pointer-events: auto;"[31m
  [36m/>[31m
  [36m<div[31m
    [33maria-describedby[31m=[32m"radix-_r_1r_"[31m
    [33maria-labelledby[31m=[32m"radix-_r_1q_"[31m
    [33mclass[31m=[32m"fixed left-[50%] top-[50%] z-50 grid w-full 
translate-x-[-50%] translate-y-[-50%] gap-4 border bg-background p-6 shadow-lg 
duration-200 data-[state=open]:animate-in data-[state=closed]:animate-out 
data-[state=closed]:fade-out-0 data-[state=open]:fade-in-0 
data-[state=closed]:zoom-out-95 data-[state=open]:zoom-in-95 
data-[state=closed]:slide-out-to-left-1/2 
data-[state=closed]:slide-out-to-top-[48%] 
data-[state=open]:slide-in-from-left-1/2 
data-[state=open]:slide-in-from-top-[48%] sm:rounded-lg max-w-5xl"[31m
    [33mdata-state[31m=[32m"open"[31m
    [33mid[31m=[32m"radix-_r_1p_"[31m
    [33mrole[31m=[32m"dialog"[31m
    [33mstyle[31m=[32m"pointer-events: auto;"[31m
    [33mtabindex[31m=[32m"-1"[31m
  [36m>[31m
    [36m<div[31m
      [33mclass[31m=[32m"flex items-center justify-center py-16"[31m
    [36m>[31m
      [36m<div[31m
        [33mclass[31m=[32m"animate-spin rounded-full h-10 w-10 border-b-2 
border-green-600"[31m
      [36m/>[31m
    [36m</div>[31m
    [36m<button[31m
      [33mclass[31m=[32m"absolute right-4 top-4 rounded-sm opacity-70 
ring-offset-background transition-opacity hover:opacity-100 focus:outline-none 
focus:ring-2 focus:ring-ring focus:ring-offset-2 disabled:pointer-events-none 
data-[state=open]:bg-accent data-[state=open]:text-muted-foreground"[31m
      [33mtype[31m=[32m"button"[31m
    [36m>[31m
      [36m<svg[31m
        [33maria-hidden[31m=[32m"true"[31m
        [33mclass[31m=[32m"lucide lucide-x h-4 w-4"[31m
        [33mfill[31m=[32m"none"[31m
        [33mheight[31m=[32m"24"[31m
        [33mstroke[31m=[32m"currentColor"[31m
        [33mstroke-linecap[31m=[32m"round"[31m
        [33mstroke-linejoin[31m=[32m"round"[31m
        [33mstroke-width[31m=[32m"2"[31m
        [33mviewBox[31m=[32m"0 0 24 24"[31m
        [33mwidth[31m=[32m"24"[31m
        [33mxmlns[31m=[32m"http://www.w3.org/2000/svg"[31m
      [36m>[31m
        [36m<path[31m
          [33md[31m=[32m"M18 6 6 18"[31m
        [36m/>[31m
        [36m<path[31m
          [33md[31m=[32m"m6 6 12 12"[31m
        [36m/>[31m
      [36m</svg>[31m
      [36m<span[31m
        [33mclass[31m=[32m"sr-only"[31m
      [36m>[31m
        [0mClose[0m
      [36m</span>[31m
    [36m</button>[31m
  [36m</div>[31m
  [36m<span[31m
    [33maria-hidden[31m=[32m"true"[31m
    [33mdata-aria-hidden[31m=[32m"true"[31m
    [33mdata-radix-focus-guard[31m=[32m""[31m
    [33mstyle[31m=[32m"outline: none; opacity: 0; position: fixed; 
pointer-events: none;"[31m
    [33mtabindex[31m=[32m"0"[31m
  [36m/>[31m
[36m</body>[31m[39m
[90m [2mΓ¥»[22m Object.getElementError 
node_modules/@testing-library/dom/dist/config.js:[2m37:19[22m[39m
[90m [2mΓ¥»[22m 
node_modules/@testing-library/dom/dist/query-helpers.js:[2m76:38[22m[39m
[90m [2mΓ¥»[22m 
node_modules/@testing-library/dom/dist/query-helpers.js:[2m52:17[22m[39m
[90m [2mΓ¥»[22m 
node_modules/@testing-library/dom/dist/query-helpers.js:[2m95:19[22m[39m
[36m [2mΓ¥»[22m 
src/test/components/AdminRefurbishmentReviewModal.test.jsx:[2m549:33[22m[39m
    [90m547| [39m      )[33m;[39m
    [90m548| [39m
    [90m549| [39m      [35mconst[39m tab2Button [33m=[39m 
screen[33m.[39m[34mgetByText[39m([36m/Admin.*Package/i[39m)[33m;[39m
    [90m   | [39m                                [31m^[39m
    [90m550| [39m      
fireEvent[33m.[39m[34mclick[39m(tab2Button)[33m;[39m
    [90m551| [39m

[31m[2mΓÄ»ΓÄ»ΓÄ»ΓÄ»ΓÄ»ΓÄ»ΓÄ»ΓÄ»ΓÄ»ΓÄ»ΓÄ»ΓÄ»ΓÄ»ΓÄ»ΓÄ»ΓÄ»ΓÄ»ΓÄ»ΓÄ»ΓÄ»ΓÄ»ΓÄ»[18/
23]ΓÄ»[22m[39m

[31m[1m[7m FAIL [27m[22m[39m 
src/test/components/AdminRefurbishmentReviewModal.test.jsx[2m > 
[22mAdminRefurbishmentReviewModal Component[2m > [22mAdmin Override 
Behavior[2m > [22mshould allow admin to select packages partner did not 
select
[31m[1mTestingLibraryElementError[22m: Unable to find an element with the 
text: /Admin.*Package/i. This could be because the text is broken up by 
multiple elements. In this case, you can provide a function for your text 
matcher to make your matcher more flexible.

Ignored nodes: comments, script, style
[36m<body[31m
  [33mdata-scroll-locked[31m=[32m"1"[31m
  [33mstyle[31m=[32m"pointer-events: none;"[31m
[36m>[31m
  [36m<span[31m
    [33maria-hidden[31m=[32m"true"[31m
    [33mdata-aria-hidden[31m=[32m"true"[31m
    [33mdata-radix-focus-guard[31m=[32m""[31m
    [33mstyle[31m=[32m"outline: none; opacity: 0; position: fixed; 
pointer-events: none;"[31m
    [33mtabindex[31m=[32m"0"[31m
  [36m/>[31m
  [36m<div[31m
    [33maria-hidden[31m=[32m"true"[31m
    [33mdata-aria-hidden[31m=[32m"true"[31m
  [36m/>[31m
  [36m<div[31m
    [33maria-hidden[31m=[32m"true"[31m
    [33mclass[31m=[32m"fixed inset-0 z-50 bg-black/80 
data-[state=open]:animate-in data-[state=closed]:animate-out 
data-[state=closed]:fade-out-0 data-[state=open]:fade-in-0"[31m
    [33mdata-aria-hidden[31m=[32m"true"[31m
    [33mdata-state[31m=[32m"open"[31m
    [33mstyle[31m=[32m"pointer-events: auto;"[31m
  [36m/>[31m
  [36m<div[31m
    [33maria-describedby[31m=[32m"radix-_r_1u_"[31m
    [33maria-labelledby[31m=[32m"radix-_r_1t_"[31m
    [33mclass[31m=[32m"fixed left-[50%] top-[50%] z-50 grid w-full 
translate-x-[-50%] translate-y-[-50%] gap-4 border bg-background p-6 shadow-lg 
duration-200 data-[state=open]:animate-in data-[state=closed]:animate-out 
data-[state=closed]:fade-out-0 data-[state=open]:fade-in-0 
data-[state=closed]:zoom-out-95 data-[state=open]:zoom-in-95 
data-[state=closed]:slide-out-to-left-1/2 
data-[state=closed]:slide-out-to-top-[48%] 
data-[state=open]:slide-in-from-left-1/2 
data-[state=open]:slide-in-from-top-[48%] sm:rounded-lg max-w-5xl"[31m
    [33mdata-state[31m=[32m"open"[31m
    [33mid[31m=[32m"radix-_r_1s_"[31m
    [33mrole[31m=[32m"dialog"[31m
    [33mstyle[31m=[32m"pointer-events: auto;"[31m
    [33mtabindex[31m=[32m"-1"[31m
  [36m>[31m
    [36m<div[31m
      [33mclass[31m=[32m"flex items-center justify-center py-16"[31m
    [36m>[31m
      [36m<div[31m
        [33mclass[31m=[32m"animate-spin rounded-full h-10 w-10 border-b-2 
border-green-600"[31m
      [36m/>[31m
    [36m</div>[31m
    [36m<button[31m
      [33mclass[31m=[32m"absolute right-4 top-4 rounded-sm opacity-70 
ring-offset-background transition-opacity hover:opacity-100 focus:outline-none 
focus:ring-2 focus:ring-ring focus:ring-offset-2 disabled:pointer-events-none 
data-[state=open]:bg-accent data-[state=open]:text-muted-foreground"[31m
      [33mtype[31m=[32m"button"[31m
    [36m>[31m
      [36m<svg[31m
        [33maria-hidden[31m=[32m"true"[31m
        [33mclass[31m=[32m"lucide lucide-x h-4 w-4"[31m
        [33mfill[31m=[32m"none"[31m
        [33mheight[31m=[32m"24"[31m
        [33mstroke[31m=[32m"currentColor"[31m
        [33mstroke-linecap[31m=[32m"round"[31m
        [33mstroke-linejoin[31m=[32m"round"[31m
        [33mstroke-width[31m=[32m"2"[31m
        [33mviewBox[31m=[32m"0 0 24 24"[31m
        [33mwidth[31m=[32m"24"[31m
        [33mxmlns[31m=[32m"http://www.w3.org/2000/svg"[31m
      [36m>[31m
        [36m<path[31m
          [33md[31m=[32m"M18 6 6 18"[31m
        [36m/>[31m
        [36m<path[31m
          [33md[31m=[32m"m6 6 12 12"[31m
        [36m/>[31m
      [36m</svg>[31m
      [36m<span[31m
        [33mclass[31m=[32m"sr-only"[31m
      [36m>[31m
        [0mClose[0m
      [36m</span>[31m
    [36m</button>[31m
  [36m</div>[31m
  [36m<span[31m
    [33maria-hidden[31m=[32m"true"[31m
    [33mdata-aria-hidden[31m=[32m"true"[31m
    [33mdata-radix-focus-guard[31m=[32m""[31m
    [33mstyle[31m=[32m"outline: none; opacity: 0; position: fixed; 
pointer-events: none;"[31m
    [33mtabindex[31m=[32m"0"[31m
  [36m/>[31m
[36m</body>[31m[39m
[90m [2mΓ¥»[22m Object.getElementError 
node_modules/@testing-library/dom/dist/config.js:[2m37:19[22m[39m
[90m [2mΓ¥»[22m 
node_modules/@testing-library/dom/dist/query-helpers.js:[2m76:38[22m[39m
[90m [2mΓ¥»[22m 
node_modules/@testing-library/dom/dist/query-helpers.js:[2m52:17[22m[39m
[90m [2mΓ¥»[22m 
node_modules/@testing-library/dom/dist/query-helpers.js:[2m95:19[22m[39m
[36m [2mΓ¥»[22m 
src/test/components/AdminRefurbishmentReviewModal.test.jsx:[2m570:33[22m[39m
    [90m568| [39m      )[33m;[39m
    [90m569| [39m
    [90m570| [39m      [35mconst[39m tab2Button [33m=[39m 
screen[33m.[39m[34mgetByText[39m([36m/Admin.*Package/i[39m)[33m;[39m
    [90m   | [39m                                [31m^[39m
    [90m571| [39m      
fireEvent[33m.[39m[34mclick[39m(tab2Button)[33m;[39m
    [90m572| [39m

[31m[2mΓÄ»ΓÄ»ΓÄ»ΓÄ»ΓÄ»ΓÄ»ΓÄ»ΓÄ»ΓÄ»ΓÄ»ΓÄ»ΓÄ»ΓÄ»ΓÄ»ΓÄ»ΓÄ»ΓÄ»ΓÄ»ΓÄ»ΓÄ»ΓÄ»ΓÄ»[19/
23]ΓÄ»[22m[39m

[31m[1m[7m FAIL [27m[22m[39m 
src/test/components/AdminRefurbishmentReviewModal.test.jsx[2m > 
[22mAdminRefurbishmentReviewModal Component[2m > [22mUpgradation Tab ΓÇö 
Partner Selections section[2m > [22mshows 'Upgradation' pill tab when 
partner requested upgradation
[31m[1mTestingLibraryElementError[22m: Unable to find an element with the 
text: Test Center. This could be because the text is broken up by multiple 
elements. In this case, you can provide a function for your text matcher to 
make your matcher more flexible.

Ignored nodes: comments, script, style
[36m<body[31m
  [33mstyle[31m=[32m""[31m
[36m>[31m
  [36m<div />[31m
[36m</body>[31m

Ignored nodes: comments, script, style
[36m<html>[31m
  [36m<head />[31m
  [36m<body[31m
    [33mstyle[31m=[32m""[31m
  [36m>[31m
    [36m<div />[31m
  [36m</body>[31m
[36m</html>[31m[39m
[90m [2mΓ¥»[22m Proxy.waitForWrapper 
node_modules/@testing-library/dom/dist/wait-for.js:[2m163:27[22m[39m
[36m [2mΓ¥»[22m 
src/test/components/AdminRefurbishmentReviewModal.test.jsx:[2m637:13[22m[39m
    [90m635| [39m      )[33m;[39m
    [90m636| [39m
    [90m637| [39m      [35mawait[39m [34mwaitFor[39m(() [33m=>[39m {
    [90m   | [39m            [31m^[39m
    [90m638| [39m        
[34mexpect[39m(screen[33m.[39m[34mgetByText[39m([32m"Test 
Center"[39m))[33m.[39m[34mtoBeInTheDocument[39m()[33m;[39m
    [90m639| [39m      })[33m;[39m
[31mΓÄ»ΓÄ»ΓÄ»ΓÄ»ΓÄ»ΓÄ»[1m[7m Unhandled Errors [27m[22mΓÄ»ΓÄ»ΓÄ»ΓÄ»ΓÄ»ΓÄ»[39m
[31m[1m
Vitest caught 10 unhandled errors during the test run.
This might cause false positive tests. Resolve unhandled errors to make sure your tests are not affected.[22m[39m

[31m[2mΓÄ»ΓÄ»ΓÄ»ΓÄ»ΓÄ»ΓÄ»ΓÄ»ΓÄ»ΓÄ»ΓÄ»ΓÄ»ΓÄ»ΓÄ»ΓÄ»ΓÄ»ΓÄ»ΓÄ»ΓÄ»ΓÄ»ΓÄ»ΓÄ»ΓÄ»[20/
23]ΓÄ»[22m[39m

[31m[1m[7m FAIL [27m[22m[39m 
src/test/components/AdminRefurbishmentReviewModal.test.jsx[2m > 
[22mAdminRefurbishmentReviewModal Component[2m > [22mUpgradation Tab ΓÇö 
Partner Selections section[2m > [22mclicking Upgradation tab shows room 
dimension details
[31m[1mTestingLibraryElementError[22m: Unable to find an element with the 
text: Test Center. This could be because the text is broken up by multiple 
elements. In this case, you can provide a function for your text matcher to 
make your matcher more flexible.

Ignored nodes: comments, script, style
[36m<body[31m
  [33mstyle[31m=[32m""[31m
[36m>[31m
  [36m<div />[31m
[36m</body>[31m

Ignored nodes: comments, script, style
[36m<html>[31m
  [36m<head />[31m
  [36m<body[31m
    [33mstyle[31m=[32m""[31m
  [36m>[31m
    [36m<div />[31m
  [36m</body>[31m
[36m</html>[31m[39m
[90m [2mΓ¥»[22m Proxy.waitForWrapper 
node_modules/@testing-library/dom/dist/wait-for.js:[2m163:27[22m[39m
[36m [2mΓ¥»[22m 
src/test/components/AdminRefurbishmentReviewModal.test.jsx:[2m657:13[22m[39m
    [90m655| [39m      )[33m;[39m
    [90m656| [39m
    [90m657| [39m      [35mawait[39m [34mwaitFor[39m(() [33m=>[39m 
screen[33m.[39m[34mgetByText[39m([32m"Test Center"[39m))[33m;[39m
    [90m   | [39m            [31m^[39m
    [90m658| [39m
    [90m659| [39m      [90m// Click the Upgradation pill tab[39m

[31m[2mΓÄ»ΓÄ»ΓÄ»ΓÄ»ΓÄ»ΓÄ»ΓÄ»ΓÄ»ΓÄ»ΓÄ»ΓÄ»ΓÄ»ΓÄ»ΓÄ»ΓÄ»ΓÄ»ΓÄ»ΓÄ»ΓÄ»ΓÄ»ΓÄ»ΓÄ»[21/
23]ΓÄ»[22m[39m

[31m[1m[7m FAIL [27m[22m[39m 
src/test/components/AdminRefurbishmentReviewModal.test.jsx[2m > 
[22mAdminRefurbishmentReviewModal Component[2m > [22mUpgradation Tab ΓÇö 
Partner Selections section[2m > [22mUpgradation tab shows selected package 
names
[31m[1mTestingLibraryElementError[22m: Unable to find an element with the 
text: Test Center. This could be because the text is broken up by multiple 
elements. In this case, you can provide a function for your text matcher to 
make your matcher more flexible.

Ignored nodes: comments, script, style
[36m<body[31m
  [33mstyle[31m=[32m""[31m
[36m>[31m
  [36m<div />[31m
[36m</body>[31m

Ignored nodes: comments, script, style
[36m<html>[31m
  [36m<head />[31m
  [36m<body[31m
    [33mstyle[31m=[32m""[31m
  [36m>[31m
    [36m<div />[31m
  [36m</body>[31m
[36m</html>[31m[39m
[90m [2mΓ¥»[22m Proxy.waitForWrapper 
node_modules/@testing-library/dom/dist/wait-for.js:[2m163:27[22m[39m
[36m [2mΓ¥»[22m 
src/test/components/AdminRefurbishmentReviewModal.test.jsx:[2m681:13[22m[39m
    [90m679| [39m      )[33m;[39m
    [90m680| [39m
    [90m681| [39m      [35mawait[39m [34mwaitFor[39m(() [33m=>[39m 
screen[33m.[39m[34mgetByText[39m([32m"Test Center"[39m))[33m;[39m
    [90m   | [39m            [31m^[39m
    [90m682| [39m      [35mconst[39m upgradationTab [33m=[39m 
[35mawait[39m 
screen[33m.[39m[34mfindByRole[39m([32m"button"[39m[33m,[39m { 
name[33m:[39mΓÇª
    [90m683| [39m      
fireEvent[33m.[39m[34mclick[39m(upgradationTab)[33m;[39m

[31m[2mΓÄ»ΓÄ»ΓÄ»ΓÄ»ΓÄ»ΓÄ»ΓÄ»ΓÄ»ΓÄ»ΓÄ»ΓÄ»ΓÄ»ΓÄ»ΓÄ»ΓÄ»ΓÄ»ΓÄ»ΓÄ»ΓÄ»ΓÄ»ΓÄ»ΓÄ»[22/
23]ΓÄ»[22m[39m

[31m[1m[7m FAIL [27m[22m[39m 
src/test/components/AdminRefurbishmentReviewModal.test.jsx[2m > 
[22mAdminRefurbishmentReviewModal Component[2m > [22mUpgradation Tab ΓÇö 
Partner Selections section[2m > [22mhides Upgradation tab when partner did 
NOT request upgradation
[31m[1mTestingLibraryElementError[22m: Unable to find an element with the 
text: Test Center. This could be because the text is broken up by multiple 
elements. In this case, you can provide a function for your text matcher to 
make your matcher more flexible.

Ignored nodes: comments, script, style
[36m<body[31m
  [33mstyle[31m=[32m""[31m
[36m>[31m
  [36m<div />[31m
[36m</body>[31m

Ignored nodes: comments, script, style
[36m<html>[31m
  [36m<head />[31m
  [36m<body[31m
    [33mstyle[31m=[32m""[31m
  [36m>[31m
    [36m<div />[31m
  [36m</body>[31m
[36m</html>[31m[39m
[90m [2mΓ¥»[22m Proxy.waitForWrapper 
node_modules/@testing-library/dom/dist/wait-for.js:[2m163:27[22m[39m
[36m [2mΓ¥»[22m 
src/test/components/AdminRefurbishmentReviewModal.test.jsx:[2m709:13[22m[39m
    [90m707| [39m      )[33m;[39m
    [90m708| [39m
    [90m709| [39m      [35mawait[39m [34mwaitFor[39m(() [33m=>[39m 
screen[33m.[39m[34mgetByText[39m([32m"Test Center"[39m))[33m;[39m
    [90m   | [39m            [31m^[39m
    [90m710| [39m
    [90m711| [39m      [90m// Upgradation pill tab should NOT be 
visible[39m

[31m[2mΓÄ»ΓÄ»ΓÄ»ΓÄ»ΓÄ»ΓÄ»ΓÄ»ΓÄ»ΓÄ»ΓÄ»ΓÄ»ΓÄ»ΓÄ»ΓÄ»ΓÄ»ΓÄ»ΓÄ»ΓÄ»ΓÄ»ΓÄ»ΓÄ»ΓÄ»[23/
23]ΓÄ»[22m[39m


[31mΓÄ»ΓÄ»ΓÄ»ΓÄ»ΓÄ»[1m[7m Uncaught Exception [27m[22mΓÄ»ΓÄ»ΓÄ»ΓÄ»ΓÄ»[39m
[31m[1mTypeError[22m: Cannot read properties of undefined (reading 
'status')[39m
[36m [2mΓ¥»[22m AdminRefurbishmentReviewModal src/components/refurbishment/m
odals/AdminRefurbishmentReviewModal.jsx:[2m207:32[22m[39m
    [90m205| [39m
    [90m206| [39m  [90m// Only allow actions on submitted requests[39m
    [90m207| [39m  [35mconst[39m isActionable [33m=[39m 
request[33m.[39mstatus [33m===[39m [32m"submitted"[39m[33m;[39m
    [90m   | [39m                               [31m^[39m
    [90m208| [39m  [35mconst[39m statusColors [33m=[39m {
    [90m209| [39m    approved[33m:[39m [32m"bg-green-100 
text-green-700"[39m[33m,[39m
[90m [2mΓ¥»[22m Object.react_stack_bottom_frame node_modules/react-dom/cjs/r
eact-dom-client.development.js:[2m25904:20[22m[39m
[90m [2mΓ¥»[22m renderWithHooks node_modules/react-dom/cjs/react-dom-client.
development.js:[2m7662:22[22m[39m
[90m [2mΓ¥»[22m updateFunctionComponent node_modules/react-dom/cjs/react-dom
-client.development.js:[2m10166:19[22m[39m
[90m [2mΓ¥»[22m beginWork node_modules/react-dom/cjs/react-dom-client.develo
pment.js:[2m11778:18[22m[39m
[90m [2mΓ¥»[22m runWithFiberInDEV 
node_modules/react-dom/cjs/react-dom-client.development.js:[2m874:13[22m[39m
[90m [2mΓ¥»[22m performUnitOfWork node_modules/react-dom/cjs/react-dom-clien
t.development.js:[2m17641:22[22m[39m
[90m [2mΓ¥»[22m workLoopSync node_modules/react-dom/cjs/react-dom-client.dev
elopment.js:[2m17469:41[22m[39m
[90m [2mΓ¥»[22m renderRootSync node_modules/react-dom/cjs/react-dom-client.d
evelopment.js:[2m17450:11[22m[39m
[90m [2mΓ¥»[22m performWorkOnRoot node_modules/react-dom/cjs/react-dom-clien
t.development.js:[2m16583:35[22m[39m

[31mThis error originated in 
"[1msrc/test/components/AdminRefurbishmentReviewModal.test.jsx[22m" test 
file. It doesn't mean the error was thrown inside the file itself, but while 
it was running.[39m
[31mThe latest test that might've caused the error is "[1mshould render 
modal when open[22m". It might mean one of the following:
- The error was thrown, while Vitest was running this test.
- If the error occurred after the test had been completed, this was the last 
documented test before it was thrown.[39m

[31mΓÄ»ΓÄ»ΓÄ»ΓÄ»ΓÄ»[1m[7m Uncaught Exception [27m[22mΓÄ»ΓÄ»ΓÄ»ΓÄ»ΓÄ»[39m
[31m[1mTypeError[22m: Cannot read properties of undefined (reading 
'status')[39m
[36m [2mΓ¥»[22m AdminRefurbishmentReviewModal src/components/refurbishment/m
odals/AdminRefurbishmentReviewModal.jsx:[2m207:32[22m[39m
    [90m205| [39m
    [90m206| [39m  [90m// Only allow actions on submitted requests[39m
    [90m207| [39m  [35mconst[39m isActionable [33m=[39m 
request[33m.[39mstatus [33m===[39m [32m"submitted"[39m[33m;[39m
    [90m   | [39m                               [31m^[39m
    [90m208| [39m  [35mconst[39m statusColors [33m=[39m {
    [90m209| [39m    approved[33m:[39m [32m"bg-green-100 
text-green-700"[39m[33m,[39m
[90m [2mΓ¥»[22m Object.react_stack_bottom_frame node_modules/react-dom/cjs/r
eact-dom-client.development.js:[2m25904:20[22m[39m
[90m [2mΓ¥»[22m renderWithHooks node_modules/react-dom/cjs/react-dom-client.
development.js:[2m7662:22[22m[39m
[90m [2mΓ¥»[22m updateFunctionComponent node_modules/react-dom/cjs/react-dom
-client.development.js:[2m10166:19[22m[39m
[90m [2mΓ¥»[22m beginWork node_modules/react-dom/cjs/react-dom-client.develo
pment.js:[2m11778:18[22m[39m
[90m [2mΓ¥»[22m runWithFiberInDEV 
node_modules/react-dom/cjs/react-dom-client.development.js:[2m874:13[22m[39m
[90m [2mΓ¥»[22m performUnitOfWork node_modules/react-dom/cjs/react-dom-clien
t.development.js:[2m17641:22[22m[39m
[90m [2mΓ¥»[22m workLoopSync node_modules/react-dom/cjs/react-dom-client.dev
elopment.js:[2m17469:41[22m[39m
[90m [2mΓ¥»[22m renderRootSync node_modules/react-dom/cjs/react-dom-client.d
evelopment.js:[2m17450:11[22m[39m
[90m [2mΓ¥»[22m performWorkOnRoot node_modules/react-dom/cjs/react-dom-clien
t.development.js:[2m16583:35[22m[39m

[31mThis error originated in 
"[1msrc/test/components/AdminRefurbishmentReviewModal.test.jsx[22m" test 
file. It doesn't mean the error was thrown inside the file itself, but while 
it was running.[39m
[31mThe latest test that might've caused the error is "[1mshould render all 
3 tabs[22m". It might mean one of the following:
- The error was thrown, while Vitest was running this test.
- If the error occurred after the test had been completed, this was the last 
documented test before it was thrown.[39m

[31mΓÄ»ΓÄ»ΓÄ»ΓÄ»ΓÄ»[1m[7m Uncaught Exception [27m[22mΓÄ»ΓÄ»ΓÄ»ΓÄ»ΓÄ»[39m
[31m[1mTypeError[22m: Cannot read properties of undefined (reading 
'status')[39m
[36m [2mΓ¥»[22m AdminRefurbishmentReviewModal src/components/refurbishment/m
odals/AdminRefurbishmentReviewModal.jsx:[2m207:32[22m[39m
    [90m205| [39m
    [90m206| [39m  [90m// Only allow actions on submitted requests[39m
    [90m207| [39m  [35mconst[39m isActionable [33m=[39m 
request[33m.[39mstatus [33m===[39m [32m"submitted"[39m[33m;[39m
    [90m   | [39m                               [31m^[39m
    [90m208| [39m  [35mconst[39m statusColors [33m=[39m {
    [90m209| [39m    approved[33m:[39m [32m"bg-green-100 
text-green-700"[39m[33m,[39m
[90m [2mΓ¥»[22m Object.react_stack_bottom_frame node_modules/react-dom/cjs/r
eact-dom-client.development.js:[2m25904:20[22m[39m
[90m [2mΓ¥»[22m renderWithHooks node_modules/react-dom/cjs/react-dom-client.
development.js:[2m7662:22[22m[39m
[90m [2mΓ¥»[22m updateFunctionComponent node_modules/react-dom/cjs/react-dom
-client.development.js:[2m10166:19[22m[39m
[90m [2mΓ¥»[22m beginWork node_modules/react-dom/cjs/react-dom-client.develo
pment.js:[2m11778:18[22m[39m
[90m [2mΓ¥»[22m runWithFiberInDEV 
node_modules/react-dom/cjs/react-dom-client.development.js:[2m874:13[22m[39m
[90m [2mΓ¥»[22m performUnitOfWork node_modules/react-dom/cjs/react-dom-clien
t.development.js:[2m17641:22[22m[39m
[90m [2mΓ¥»[22m workLoopSync node_modules/react-dom/cjs/react-dom-client.dev
elopment.js:[2m17469:41[22m[39m
[90m [2mΓ¥»[22m renderRootSync node_modules/react-dom/cjs/react-dom-client.d
evelopment.js:[2m17450:11[22m[39m
[90m [2mΓ¥»[22m performWorkOnRoot node_modules/react-dom/cjs/react-dom-clien
t.development.js:[2m16583:35[22m[39m

[31mThis error originated in 
"[1msrc/test/components/AdminRefurbishmentReviewModal.test.jsx[22m" test 
file. It doesn't mean the error was thrown inside the file itself, but while 
it was running.[39m
[31mThe latest test that might've caused the error is "[1mshould switch 
between tabs on click[22m". It might mean one of the following:
- The error was thrown, while Vitest was running this test.
- If the error occurred after the test had been completed, this was the last 
documented test before it was thrown.[39m

[31mΓÄ»ΓÄ»ΓÄ»ΓÄ»ΓÄ»[1m[7m Uncaught Exception [27m[22mΓÄ»ΓÄ»ΓÄ»ΓÄ»ΓÄ»[39m
[31m[1mTypeError[22m: Cannot read properties of undefined (reading 
'status')[39m
[36m [2mΓ¥»[22m AdminRefurbishmentReviewModal src/components/refurbishment/m
odals/AdminRefurbishmentReviewModal.jsx:[2m207:32[22m[39m
    [90m205| [39m
    [90m206| [39m  [90m// Only allow actions on submitted requests[39m
    [90m207| [39m  [35mconst[39m isActionable [33m=[39m 
request[33m.[39mstatus [33m===[39m [32m"submitted"[39m[33m;[39m
    [90m   | [39m                               [31m^[39m
    [90m208| [39m  [35mconst[39m statusColors [33m=[39m {
    [90m209| [39m    approved[33m:[39m [32m"bg-green-100 
text-green-700"[39m[33m,[39m
[90m [2mΓ¥»[22m Object.react_stack_bottom_frame node_modules/react-dom/cjs/r
eact-dom-client.development.js:[2m25904:20[22m[39m
[90m [2mΓ¥»[22m renderWithHooks node_modules/react-dom/cjs/react-dom-client.
development.js:[2m7662:22[22m[39m
[90m [2mΓ¥»[22m updateFunctionComponent node_modules/react-dom/cjs/react-dom
-client.development.js:[2m10166:19[22m[39m
[90m [2mΓ¥»[22m beginWork node_modules/react-dom/cjs/react-dom-client.develo
pment.js:[2m11778:18[22m[39m
[90m [2mΓ¥»[22m runWithFiberInDEV 
node_modules/react-dom/cjs/react-dom-client.development.js:[2m874:13[22m[39m
[90m [2mΓ¥»[22m performUnitOfWork node_modules/react-dom/cjs/react-dom-clien
t.development.js:[2m17641:22[22m[39m
[90m [2mΓ¥»[22m workLoopSync node_modules/react-dom/cjs/react-dom-client.dev
elopment.js:[2m17469:41[22m[39m
[90m [2mΓ¥»[22m renderRootSync node_modules/react-dom/cjs/react-dom-client.d
evelopment.js:[2m17450:11[22m[39m
[90m [2mΓ¥»[22m performWorkOnRoot node_modules/react-dom/cjs/react-dom-clien
t.development.js:[2m16583:35[22m[39m

[31mThis error originated in 
"[1msrc/test/components/AdminRefurbishmentReviewModal.test.jsx[22m" test 
file. It doesn't mean the error was thrown inside the file itself, but while 
it was running.[39m
[31mThe latest test that might've caused the error is "[1mshould display 
partner-selected packages grouped by course[22m". It might mean one of the 
following:
- The error was thrown, while Vitest was running this test.
- If the error occurred after the test had been completed, this was the last 
documented test before it was thrown.[39m

[31mΓÄ»ΓÄ»ΓÄ»ΓÄ»ΓÄ»[1m[7m Uncaught Exception [27m[22mΓÄ»ΓÄ»ΓÄ»ΓÄ»ΓÄ»[39m
[31m[1mTypeError[22m: Cannot read properties of undefined (reading 
'status')[39m
[36m [2mΓ¥»[22m AdminRefurbishmentReviewModal src/components/refurbishment/m
odals/AdminRefurbishmentReviewModal.jsx:[2m207:32[22m[39m
    [90m205| [39m
    [90m206| [39m  [90m// Only allow actions on submitted requests[39m
    [90m207| [39m  [35mconst[39m isActionable [33m=[39m 
request[33m.[39mstatus [33m===[39m [32m"submitted"[39m[33m;[39m
    [90m   | [39m                               [31m^[39m
    [90m208| [39m  [35mconst[39m statusColors [33m=[39m {
    [90m209| [39m    approved[33m:[39m [32m"bg-green-100 
text-green-700"[39m[33m,[39m
[90m [2mΓ¥»[22m Object.react_stack_bottom_frame node_modules/react-dom/cjs/r
eact-dom-client.development.js:[2m25904:20[22m[39m
[90m [2mΓ¥»[22m renderWithHooks node_modules/react-dom/cjs/react-dom-client.
development.js:[2m7662:22[22m[39m
[90m [2mΓ¥»[22m updateFunctionComponent node_modules/react-dom/cjs/react-dom
-client.development.js:[2m10166:19[22m[39m
[90m [2mΓ¥»[22m beginWork node_modules/react-dom/cjs/react-dom-client.develo
pment.js:[2m11778:18[22m[39m
[90m [2mΓ¥»[22m runWithFiberInDEV 
node_modules/react-dom/cjs/react-dom-client.development.js:[2m874:13[22m[39m
[90m [2mΓ¥»[22m performUnitOfWork node_modules/react-dom/cjs/react-dom-clien
t.development.js:[2m17641:22[22m[39m
[90m [2mΓ¥»[22m workLoopSync node_modules/react-dom/cjs/react-dom-client.dev
elopment.js:[2m17469:41[22m[39m
[90m [2mΓ¥»[22m renderRootSync node_modules/react-dom/cjs/react-dom-client.d
evelopment.js:[2m17450:11[22m[39m
[90m [2mΓ¥»[22m performWorkOnRoot node_modules/react-dom/cjs/react-dom-clien
t.development.js:[2m16583:35[22m[39m

[31mThis error originated in 
"[1msrc/test/components/AdminRefurbishmentReviewModal.test.jsx[22m" test 
file. It doesn't mean the error was thrown inside the file itself, but while 
it was running.[39m
[31mThe latest test that might've caused the error is "[1mshould display 
partner justifications[22m". It might mean one of the following:
- The error was thrown, while Vitest was running this test.
- If the error occurred after the test had been completed, this was the last 
documented test before it was thrown.[39m

[31mΓÄ»ΓÄ»ΓÄ»ΓÄ»ΓÄ»[1m[7m Uncaught Exception [27m[22mΓÄ»ΓÄ»ΓÄ»ΓÄ»ΓÄ»[39m
[31m[1mTypeError[22m: Cannot read properties of undefined (reading 
'status')[39m
[36m [2mΓ¥»[22m AdminRefurbishmentReviewModal src/components/refurbishment/m
odals/AdminRefurbishmentReviewModal.jsx:[2m207:32[22m[39m
    [90m205| [39m
    [90m206| [39m  [90m// Only allow actions on submitted requests[39m
    [90m207| [39m  [35mconst[39m isActionable [33m=[39m 
request[33m.[39mstatus [33m===[39m [32m"submitted"[39m[33m;[39m
    [90m   | [39m                               [31m^[39m
    [90m208| [39m  [35mconst[39m statusColors [33m=[39m {
    [90m209| [39m    approved[33m:[39m [32m"bg-green-100 
text-green-700"[39m[33m,[39m
[90m [2mΓ¥»[22m Object.react_stack_bottom_frame node_modules/react-dom/cjs/r
eact-dom-client.development.js:[2m25904:20[22m[39m
[90m [2mΓ¥»[22m renderWithHooks node_modules/react-dom/cjs/react-dom-client.
development.js:[2m7662:22[22m[39m
[90m [2mΓ¥»[22m updateFunctionComponent node_modules/react-dom/cjs/react-dom
-client.development.js:[2m10166:19[22m[39m
[90m [2mΓ¥»[22m beginWork node_modules/react-dom/cjs/react-dom-client.develo
pment.js:[2m11778:18[22m[39m
[90m [2mΓ¥»[22m runWithFiberInDEV 
node_modules/react-dom/cjs/react-dom-client.development.js:[2m874:13[22m[39m
[90m [2mΓ¥»[22m performUnitOfWork node_modules/react-dom/cjs/react-dom-clien
t.development.js:[2m17641:22[22m[39m
[90m [2mΓ¥»[22m workLoopSync node_modules/react-dom/cjs/react-dom-client.dev
elopment.js:[2m17469:41[22m[39m
[90m [2mΓ¥»[22m renderRootSync node_modules/react-dom/cjs/react-dom-client.d
evelopment.js:[2m17450:11[22m[39m
[90m [2mΓ¥»[22m performWorkOnRoot node_modules/react-dom/cjs/react-dom-clien
t.development.js:[2m16583:35[22m[39m

[31mThis error originated in 
"[1msrc/test/components/AdminRefurbishmentReviewModal.test.jsx[22m" test 
file. It doesn't mean the error was thrown inside the file itself, but while 
it was running.[39m
[31mThe latest test that might've caused the error is "[1mshould fetch 
request details and packages on open[22m". It might mean one of the following:
- The error was thrown, while Vitest was running this test.
- If the error occurred after the test had been completed, this was the last 
documented test before it was thrown.[39m

[31mΓÄ»ΓÄ»ΓÄ»ΓÄ»ΓÄ»[1m[7m Uncaught Exception [27m[22mΓÄ»ΓÄ»ΓÄ»ΓÄ»ΓÄ»[39m
[31m[1mTypeError[22m: Cannot read properties of undefined (reading 
'status')[39m
[36m [2mΓ¥»[22m AdminRefurbishmentReviewModal src/components/refurbishment/m
odals/AdminRefurbishmentReviewModal.jsx:[2m207:32[22m[39m
    [90m205| [39m
    [90m206| [39m  [90m// Only allow actions on submitted requests[39m
    [90m207| [39m  [35mconst[39m isActionable [33m=[39m 
request[33m.[39mstatus [33m===[39m [32m"submitted"[39m[33m;[39m
    [90m   | [39m                               [31m^[39m
    [90m208| [39m  [35mconst[39m statusColors [33m=[39m {
    [90m209| [39m    approved[33m:[39m [32m"bg-green-100 
text-green-700"[39m[33m,[39m
[90m [2mΓ¥»[22m Object.react_stack_bottom_frame node_modules/react-dom/cjs/r
eact-dom-client.development.js:[2m25904:20[22m[39m
[90m [2mΓ¥»[22m renderWithHooks node_modules/react-dom/cjs/react-dom-client.
development.js:[2m7662:22[22m[39m
[90m [2mΓ¥»[22m updateFunctionComponent node_modules/react-dom/cjs/react-dom
-client.development.js:[2m10166:19[22m[39m
[90m [2mΓ¥»[22m beginWork node_modules/react-dom/cjs/react-dom-client.develo
pment.js:[2m11778:18[22m[39m
[90m [2mΓ¥»[22m runWithFiberInDEV 
node_modules/react-dom/cjs/react-dom-client.development.js:[2m874:13[22m[39m
[90m [2mΓ¥»[22m performUnitOfWork node_modules/react-dom/cjs/react-dom-clien
t.development.js:[2m17641:22[22m[39m
[90m [2mΓ¥»[22m workLoopSync node_modules/react-dom/cjs/react-dom-client.dev
elopment.js:[2m17469:41[22m[39m
[90m [2mΓ¥»[22m renderRootSync node_modules/react-dom/cjs/react-dom-client.d
evelopment.js:[2m17450:11[22m[39m
[90m [2mΓ¥»[22m performWorkOnRoot node_modules/react-dom/cjs/react-dom-clien
t.development.js:[2m16583:35[22m[39m

[31mThis error originated in 
"[1msrc/test/components/AdminRefurbishmentReviewModal.test.jsx[22m" test 
file. It doesn't mean the error was thrown inside the file itself, but while 
it was running.[39m
[31mThe latest test that might've caused the error is "[1mshows 
'Upgradation' pill tab when partner requested upgradation[22m". It might mean 
one of the following:
- The error was thrown, while Vitest was running this test.
- If the error occurred after the test had been completed, this was the last 
documented test before it was thrown.[39m

[31mΓÄ»ΓÄ»ΓÄ»ΓÄ»ΓÄ»[1m[7m Uncaught Exception [27m[22mΓÄ»ΓÄ»ΓÄ»ΓÄ»ΓÄ»[39m
[31m[1mTypeError[22m: Cannot read properties of undefined (reading 
'status')[39m
[36m [2mΓ¥»[22m AdminRefurbishmentReviewModal src/components/refurbishment/m
odals/AdminRefurbishmentReviewModal.jsx:[2m207:32[22m[39m
    [90m205| [39m
    [90m206| [39m  [90m// Only allow actions on submitted requests[39m
    [90m207| [39m  [35mconst[39m isActionable [33m=[39m 
request[33m.[39mstatus [33m===[39m [32m"submitted"[39m[33m;[39m
    [90m   | [39m                               [31m^[39m
    [90m208| [39m  [35mconst[39m statusColors [33m=[39m {
    [90m209| [39m    approved[33m:[39m [32m"bg-green-100 
text-green-700"[39m[33m,[39m
[90m [2mΓ¥»[22m Object.react_stack_bottom_frame node_modules/react-dom/cjs/r
eact-dom-client.development.js:[2m25904:20[22m[39m
[90m [2mΓ¥»[22m renderWithHooks node_modules/react-dom/cjs/react-dom-client.
development.js:[2m7662:22[22m[39m
[90m [2mΓ¥»[22m updateFunctionComponent node_modules/react-dom/cjs/react-dom
-client.development.js:[2m10166:19[22m[39m
[90m [2mΓ¥»[22m beginWork node_modules/react-dom/cjs/react-dom-client.develo
pment.js:[2m11778:18[22m[39m
[90m [2mΓ¥»[22m runWithFiberInDEV 
node_modules/react-dom/cjs/react-dom-client.development.js:[2m874:13[22m[39m
[90m [2mΓ¥»[22m performUnitOfWork node_modules/react-dom/cjs/react-dom-clien
t.development.js:[2m17641:22[22m[39m
[90m [2mΓ¥»[22m workLoopSync node_modules/react-dom/cjs/react-dom-client.dev
elopment.js:[2m17469:41[22m[39m
[90m [2mΓ¥»[22m renderRootSync node_modules/react-dom/cjs/react-dom-client.d
evelopment.js:[2m17450:11[22m[39m
[90m [2mΓ¥»[22m performWorkOnRoot node_modules/react-dom/cjs/react-dom-clien
t.development.js:[2m16583:35[22m[39m

[31mThis error originated in 
"[1msrc/test/components/AdminRefurbishmentReviewModal.test.jsx[22m" test 
file. It doesn't mean the error was thrown inside the file itself, but while 
it was running.[39m
[31mThe latest test that might've caused the error is "[1mclicking 
Upgradation tab shows room dimension details[22m". It might mean one of the 
following:
- The error was thrown, while Vitest was running this test.
- If the error occurred after the test had been completed, this was the last 
documented test before it was thrown.[39m

[31mΓÄ»ΓÄ»ΓÄ»ΓÄ»ΓÄ»[1m[7m Uncaught Exception [27m[22mΓÄ»ΓÄ»ΓÄ»ΓÄ»ΓÄ»[39m
[31m[1mTypeError[22m: Cannot read properties of undefined (reading 
'status')[39m
[36m [2mΓ¥»[22m AdminRefurbishmentReviewModal src/components/refurbishment/m
odals/AdminRefurbishmentReviewModal.jsx:[2m207:32[22m[39m
    [90m205| [39m
    [90m206| [39m  [90m// Only allow actions on submitted requests[39m
    [90m207| [39m  [35mconst[39m isActionable [33m=[39m 
request[33m.[39mstatus [33m===[39m [32m"submitted"[39m[33m;[39m
    [90m   | [39m                               [31m^[39m
    [90m208| [39m  [35mconst[39m statusColors [33m=[39m {
    [90m209| [39m    approved[33m:[39m [32m"bg-green-100 
text-green-700"[39m[33m,[39m
[90m [2mΓ¥»[22m Object.react_stack_bottom_frame node_modules/react-dom/cjs/r
eact-dom-client.development.js:[2m25904:20[22m[39m
[90m [2mΓ¥»[22m renderWithHooks node_modules/react-dom/cjs/react-dom-client.
development.js:[2m7662:22[22m[39m
[90m [2mΓ¥»[22m updateFunctionComponent node_modules/react-dom/cjs/react-dom
-client.development.js:[2m10166:19[22m[39m
[90m [2mΓ¥»[22m beginWork node_modules/react-dom/cjs/react-dom-client.develo
pment.js:[2m11778:18[22m[39m
[90m [2mΓ¥»[22m runWithFiberInDEV 
node_modules/react-dom/cjs/react-dom-client.development.js:[2m874:13[22m[39m
[90m [2mΓ¥»[22m performUnitOfWork node_modules/react-dom/cjs/react-dom-clien
t.development.js:[2m17641:22[22m[39m
[31mΓÄ»ΓÄ»ΓÄ»ΓÄ»ΓÄ»ΓÄ»ΓÄ»ΓÄ»ΓÄ»ΓÄ»ΓÄ»ΓÄ»ΓÄ»ΓÄ»ΓÄ»ΓÄ»ΓÄ»ΓÄ»ΓÄ»ΓÄ»ΓÄ»ΓÄ»ΓÄ»ΓÄ»ΓÄ»ΓÄ»ΓÄ»ΓÄ»ΓÄ»ΓÄ»[39m
[90m [2mΓ¥»[22m workLoopSync node_modules/react-dom/cjs/react-dom-client.dev
elopment.js:[2m17469:41[22m[39m
[90m [2mΓ¥»[22m renderRootSync node_modules/react-dom/cjs/react-dom-client.d
evelopment.js:[2m17450:11[22m[39m
[90m [2mΓ¥»[22m performWorkOnRoot node_modules/react-dom/cjs/react-dom-clien
t.development.js:[2m16583:35[22m[39m

[31mThis error originated in 
"[1msrc/test/components/AdminRefurbishmentReviewModal.test.jsx[22m" test 
file. It doesn't mean the error was thrown inside the file itself, but while 
it was running.[39m
[31mThe latest test that might've caused the error is "[1mUpgradation tab 
shows selected package names[22m". It might mean one of the following:
- The error was thrown, while Vitest was running this test.
- If the error occurred after the test had been completed, this was the last 
documented test before it was thrown.[39m

[31mΓÄ»ΓÄ»ΓÄ»ΓÄ»ΓÄ»[1m[7m Uncaught Exception [27m[22mΓÄ»ΓÄ»ΓÄ»ΓÄ»ΓÄ»[39m
[31m[1mTypeError[22m: Cannot read properties of undefined (reading 
'status')[39m
[36m [2mΓ¥»[22m AdminRefurbishmentReviewModal src/components/refurbishment/m
odals/AdminRefurbishmentReviewModal.jsx:[2m207:32[22m[39m
    [90m205| [39m
    [90m206| [39m  [90m// Only allow actions on submitted requests[39m
[2m Test Files [22m [1m[31m1 failed[39m[22m[90m (1)[39m
[2m      Tests [22m [1m[31m23 failed[39m[22m[2m | [22m[1m[32m2 passed[39m[22m[90m (25)[39m
[2m     Errors [22m [1m[31m10 errors[39m[22m
[2m   Start at [22m 01:27:45
    [90m207| [39m  [35mconst[39m isActionable [33m=[39m 
request[33m.[39mstatus [33m===[39m [32m"submitted"[39m[33m;[39m
    [90m   | [39m                               [31m^[39m
    [90m208| [39m  [35mconst[39m statusColors [33m=[39m {
    [90m209| [39m    approved[33m:[39m [32m"bg-green-100 
text-green-700"[39m[33m,[39m
[90m [2mΓ¥»[22m Object.react_stack_bottom_frame node_modules/react-dom/cjs/r
eact-dom-client.development.js:[2m25904:20[22m[39m
[90m [2mΓ¥»[22m renderWithHooks node_modules/react-dom/cjs/react-dom-client.
development.js:[2m7662:22[22m[39m
[90m [2mΓ¥»[22m updateFunctionComponent node_modules/react-dom/cjs/react-dom
-client.development.js:[2m10166:19[22m[39m
[90m [2mΓ¥»[22m beginWork node_modules/react-dom/cjs/react-dom-client.develo
pment.js:[2m11778:18[22m[39m
[90m [2mΓ¥»[22m runWithFiberInDEV 
node_modules/react-dom/cjs/react-dom-client.development.js:[2m874:13[22m[39m
[90m [2mΓ¥»[22m performUnitOfWork node_modules/react-dom/cjs/react-dom-clien
t.development.js:[2m17641:22[22m[39m
[90m [2mΓ¥»[22m workLoopSync node_modules/react-dom/cjs/react-dom-client.dev
elopment.js:[2m17469:41[22m[39m
[90m [2mΓ¥»[22m renderRootSync node_modules/react-dom/cjs/react-dom-client.d
evelopment.js:[2m17450:11[22m[39m
[90m [2mΓ¥»[22m performWorkOnRoot node_modules/react-dom/cjs/react-dom-clien
t.development.js:[2m16583:35[22m[39m

[31mThis error originated in 
"[1msrc/test/components/AdminRefurbishmentReviewModal.test.jsx[22m" test 
file. It doesn't mean the error was thrown inside the file itself, but while 
it was running.[39m
[31mThe latest test that might've caused the error is "[1mhides Upgradation 
tab when partner did NOT request upgradation[22m". It might mean one of the 
following:
- The error was thrown, while Vitest was running this test.
- If the error occurred after the test had been completed, this was the last 
documented test before it was thrown.[39m

[2m   Duration [22m 16.59s[2m (transform 504ms, setup 485ms, collect 2.30s, tests 10.20s, environment 1.74s, prepare 367ms)[22m

